Archive member included to satisfy reference by file (symbol)

/home/hadrien/altera/15.0/nios2eds/bin/gnu/H-x86_64-pc-linux-gnu/bin/../lib/gcc/nios2-elf/4.9.1/libgcc.a(lib2-divmod.o)
                              obj/default/hello_world.o (__divsi3)
/home/hadrien/altera/15.0/nios2eds/bin/gnu/H-x86_64-pc-linux-gnu/bin/../lib/gcc/nios2-elf/4.9.1/../../../../../H-x86_64-pc-linux-gnu/nios2-elf/lib/libc.a(lib_a-impure.o)
                              obj/default/hello_world.o (_impure_ptr)
/home/hadrien/altera/15.0/nios2eds/bin/gnu/H-x86_64-pc-linux-gnu/bin/../lib/gcc/nios2-elf/4.9.1/../../../../../H-x86_64-pc-linux-gnu/nios2-elf/lib/libc.a(lib_a-malloc.o)
                              obj/default/hello_world.o (malloc)
/home/hadrien/altera/15.0/nios2eds/bin/gnu/H-x86_64-pc-linux-gnu/bin/../lib/gcc/nios2-elf/4.9.1/../../../../../H-x86_64-pc-linux-gnu/nios2-elf/lib/libc.a(lib_a-mallocr.o)
                              /home/hadrien/altera/15.0/nios2eds/bin/gnu/H-x86_64-pc-linux-gnu/bin/../lib/gcc/nios2-elf/4.9.1/../../../../../H-x86_64-pc-linux-gnu/nios2-elf/lib/libc.a(lib_a-malloc.o) (_malloc_r)
/home/hadrien/altera/15.0/nios2eds/bin/gnu/H-x86_64-pc-linux-gnu/bin/../lib/gcc/nios2-elf/4.9.1/../../../../../H-x86_64-pc-linux-gnu/nios2-elf/lib/libc.a(lib_a-printf.o)
                              obj/default/hello_world.o (printf)
/home/hadrien/altera/15.0/nios2eds/bin/gnu/H-x86_64-pc-linux-gnu/bin/../lib/gcc/nios2-elf/4.9.1/../../../../../H-x86_64-pc-linux-gnu/nios2-elf/lib/libc.a(lib_a-putc.o)
                              obj/default/hello_world.o (putc)
/home/hadrien/altera/15.0/nios2eds/bin/gnu/H-x86_64-pc-linux-gnu/bin/../lib/gcc/nios2-elf/4.9.1/../../../../../H-x86_64-pc-linux-gnu/nios2-elf/lib/libc.a(lib_a-puts.o)
                              obj/default/hello_world.o (puts)
/home/hadrien/altera/15.0/nios2eds/bin/gnu/H-x86_64-pc-linux-gnu/bin/../lib/gcc/nios2-elf/4.9.1/../../../../../H-x86_64-pc-linux-gnu/nios2-elf/lib/libc.a(lib_a-realloc.o)
                              obj/default/hello_world.o (realloc)
/home/hadrien/altera/15.0/nios2eds/bin/gnu/H-x86_64-pc-linux-gnu/bin/../lib/gcc/nios2-elf/4.9.1/../../../../../H-x86_64-pc-linux-gnu/nios2-elf/lib/libc.a(lib_a-reallocr.o)
                              /home/hadrien/altera/15.0/nios2eds/bin/gnu/H-x86_64-pc-linux-gnu/bin/../lib/gcc/nios2-elf/4.9.1/../../../../../H-x86_64-pc-linux-gnu/nios2-elf/lib/libc.a(lib_a-realloc.o) (_realloc_r)
/home/hadrien/altera/15.0/nios2eds/bin/gnu/H-x86_64-pc-linux-gnu/bin/../lib/gcc/nios2-elf/4.9.1/../../../../../H-x86_64-pc-linux-gnu/nios2-elf/lib/libc.a(lib_a-sbrkr.o)
                              /home/hadrien/altera/15.0/nios2eds/bin/gnu/H-x86_64-pc-linux-gnu/bin/../lib/gcc/nios2-elf/4.9.1/../../../../../H-x86_64-pc-linux-gnu/nios2-elf/lib/libc.a(lib_a-mallocr.o) (_sbrk_r)
/home/hadrien/altera/15.0/nios2eds/bin/gnu/H-x86_64-pc-linux-gnu/bin/../lib/gcc/nios2-elf/4.9.1/../../../../../H-x86_64-pc-linux-gnu/nios2-elf/lib/libc.a(lib_a-strlen.o)
                              /home/hadrien/altera/15.0/nios2eds/bin/gnu/H-x86_64-pc-linux-gnu/bin/../lib/gcc/nios2-elf/4.9.1/../../../../../H-x86_64-pc-linux-gnu/nios2-elf/lib/libc.a(lib_a-puts.o) (strlen)
/home/hadrien/altera/15.0/nios2eds/bin/gnu/H-x86_64-pc-linux-gnu/bin/../lib/gcc/nios2-elf/4.9.1/../../../../../H-x86_64-pc-linux-gnu/nios2-elf/lib/libc.a(lib_a-vfprintf.o)
                              /home/hadrien/altera/15.0/nios2eds/bin/gnu/H-x86_64-pc-linux-gnu/bin/../lib/gcc/nios2-elf/4.9.1/../../../../../H-x86_64-pc-linux-gnu/nios2-elf/lib/libc.a(lib_a-printf.o) (___vfprintf_internal_r)
/home/hadrien/altera/15.0/nios2eds/bin/gnu/H-x86_64-pc-linux-gnu/bin/../lib/gcc/nios2-elf/4.9.1/../../../../../H-x86_64-pc-linux-gnu/nios2-elf/lib/libc.a(lib_a-wbuf.o)
                              /home/hadrien/altera/15.0/nios2eds/bin/gnu/H-x86_64-pc-linux-gnu/bin/../lib/gcc/nios2-elf/4.9.1/../../../../../H-x86_64-pc-linux-gnu/nios2-elf/lib/libc.a(lib_a-putc.o) (__swbuf_r)
/home/hadrien/altera/15.0/nios2eds/bin/gnu/H-x86_64-pc-linux-gnu/bin/../lib/gcc/nios2-elf/4.9.1/../../../../../H-x86_64-pc-linux-gnu/nios2-elf/lib/libc.a(lib_a-wsetup.o)
                              /home/hadrien/altera/15.0/nios2eds/bin/gnu/H-x86_64-pc-linux-gnu/bin/../lib/gcc/nios2-elf/4.9.1/../../../../../H-x86_64-pc-linux-gnu/nios2-elf/lib/libc.a(lib_a-vfprintf.o) (__swsetup_r)
/home/hadrien/altera/15.0/nios2eds/bin/gnu/H-x86_64-pc-linux-gnu/bin/../lib/gcc/nios2-elf/4.9.1/../../../../../H-x86_64-pc-linux-gnu/nios2-elf/lib/libc.a(lib_a-dtoa.o)
                              /home/hadrien/altera/15.0/nios2eds/bin/gnu/H-x86_64-pc-linux-gnu/bin/../lib/gcc/nios2-elf/4.9.1/../../../../../H-x86_64-pc-linux-gnu/nios2-elf/lib/libc.a(lib_a-vfprintf.o) (_dtoa_r)
/home/hadrien/altera/15.0/nios2eds/bin/gnu/H-x86_64-pc-linux-gnu/bin/../lib/gcc/nios2-elf/4.9.1/../../../../../H-x86_64-pc-linux-gnu/nios2-elf/lib/libc.a(lib_a-fflush.o)
[...]
Memory Configuration

Name             Origin             Length             Attributes
reset            0x0000000000000000 0x0000000000000020
sdram            0x0000000000000020 0x0000000001ffffe0
*default*        0x0000000000000000 0xffffffffffffffff

Linker script and memory map

LOAD /data/workspace/ES/lab03/software/camera_app_bsp//obj/HAL/src/crt0.o
LOAD obj/default/hello_world.o
LOAD obj/default/i2c/i2c.o
LOAD /home/hadrien/altera/15.0/nios2eds/bin/gnu/H-x86_64-pc-linux-gnu/bin/../lib/gcc/nios2-elf/4.9.1/../../../../../H-x86_64-pc-linux-gnu/nios2-elf/lib/libstdc++.a
LOAD /home/hadrien/altera/15.0/nios2eds/bin/gnu/H-x86_64-pc-linux-gnu/bin/../lib/gcc/nios2-elf/4.9.1/../../../../../H-x86_64-pc-linux-gnu/nios2-elf/lib/libm.a
LOAD /home/hadrien/altera/15.0/nios2eds/bin/gnu/H-x86_64-pc-linux-gnu/bin/../lib/gcc/nios2-elf/4.9.1/libgcc.a
START GROUP
LOAD /home/hadrien/altera/15.0/nios2eds/bin/gnu/H-x86_64-pc-linux-gnu/bin/../lib/gcc/nios2-elf/4.9.1/../../../../../H-x86_64-pc-linux-gnu/nios2-elf/lib/libc.a
LOAD /home/hadrien/altera/15.0/nios2eds/bin/gnu/H-x86_64-pc-linux-gnu/bin/../lib/gcc/nios2-elf/4.9.1/libgcc.a
LOAD /data/workspace/ES/lab03/software/camera_app_bsp//libhal_bsp.a
LOAD /home/hadrien/altera/15.0/nios2eds/bin/gnu/H-x86_64-pc-linux-gnu/bin/../lib/gcc/nios2-elf/4.9.1/../../../../../H-x86_64-pc-linux-gnu/nios2-elf/lib/libm.a
END GROUP
LOAD /home/hadrien/altera/15.0/nios2eds/bin/gnu/H-x86_64-pc-linux-gnu/bin/../lib/gcc/nios2-elf/4.9.1/libgcc.a
                0x0000000000000000                __alt_mem_sdram = 0x0

.entry          0x0000000000000000       0x20
 *(.entry)
 .entry         0x0000000000000000       0x20 /data/workspace/ES/lab03/software/camera_app_bsp//obj/HAL/src/crt0.o
                0x0000000000000000                __reset

.exceptions     0x0000000000000020      0x19c
                0x0000000000000020                PROVIDE (__ram_exceptions_start, ABSOLUTE (.))
                0x0000000000000020                . = ALIGN (0x20)
 *(.irq)
 *(.exceptions.entry.label)
 .exceptions.entry.label
                0x0000000000000020        0x0 /data/workspace/ES/lab03/software/camera_app_bsp//libhal_bsp.a(alt_irq_entry.o)
                0x0000000000000020                alt_irq_entry
 .exceptions.entry.label
                0x0000000000000020        0x0 /data/workspace/ES/lab03/software/camera_app_bsp//libhal_bsp.a(alt_exception_entry.o)
                0x0000000000000020                alt_exception
 *(.exceptions.entry.user)
 *(.exceptions.entry.ecc_fatal)
 *(.exceptions.entry)
 .exceptions.entry
                0x0000000000000020       0x54 /data/workspace/ES/lab03/software/camera_app_bsp//libhal_bsp.a(alt_exception_entry.o)
 *(.exceptions.irqtest.user)
 *(.exceptions.irqtest)
 .exceptions.irqtest
                0x0000000000000074       0x10 /data/workspace/ES/lab03/software/camera_app_bsp//libhal_bsp.a(alt_irq_entry.o)
 *(.exceptions.irqhandler.user)
 *(.exceptions.irqhandler)
 .exceptions.irqhandler
                0x0000000000000084        0x4 /data/workspace/ES/lab03/software/camera_app_bsp//libhal_bsp.a(alt_irq_entry.o)
 *(.exceptions.irqreturn.user)
 *(.exceptions.irqreturn)
 .exceptions.irqreturn
                0x0000000000000088        0x4 /data/workspace/ES/lab03/software/camera_app_bsp//libhal_bsp.a(alt_irq_entry.o)
 *(.exceptions.notirq.label)
 .exceptions.notirq.label
                0x000000000000008c        0x0 /data/workspace/ES/lab03/software/camera_app_bsp//libhal_bsp.a(alt_irq_entry.o)
 *(.exceptions.notirq.user)
 *(.exceptions.notirq)
 .exceptions.notirq
                0x000000000000008c        0x8 /data/workspace/ES/lab03/software/camera_app_bsp//libhal_bsp.a(alt_exception_entry.o)
 *(.exceptions.soft.user)
 *(.exceptions.soft)
 *(.exceptions.unknown.user)
 *(.exceptions.unknown)
 .exceptions.unknown
                0x0000000000000094        0x4 /data/workspace/ES/lab03/software/camera_app_bsp//libhal_bsp.a(alt_exception_entry.o)
 *(.exceptions.exit.label)
 .exceptions.exit.label
                0x0000000000000098        0x0 /data/workspace/ES/lab03/software/camera_app_bsp//libhal_bsp.a(alt_irq_entry.o)
 .exceptions.exit.label
                0x0000000000000098        0x0 /data/workspace/ES/lab03/software/camera_app_bsp//libhal_bsp.a(alt_exception_entry.o)
 *(.exceptions.exit.user)
 *(.exceptions.exit)
 .exceptions.exit
                0x0000000000000098       0x54 /data/workspace/ES/lab03/software/camera_app_bsp//libhal_bsp.a(alt_exception_entry.o)
 *(.exceptions)
 .exceptions    0x00000000000000ec       0xd0 /data/workspace/ES/lab03/software/camera_app_bsp//libhal_bsp.a(alt_irq_handler.o)
                0x00000000000000ec                alt_irq_handler
                0x00000000000001bc                PROVIDE (__ram_exceptions_end, ABSOLUTE (.))
                0x0000000000000020                PROVIDE (__flash_exceptions_start, LOADADDR (.exceptions))

.text           0x00000000000001bc     0xfd4c
                0x00000000000001bc                PROVIDE (stext, ABSOLUTE (.))
 *(.interp)
 *(.hash)
 *(.dynsym)
 *(.dynstr)
 *(.gnu.version)
 *(.gnu.version_d)
 *(.gnu.version_r)
 *(.rel.init)
 *(.rela.init)
 *(.rel.text .rel.text.* .rel.gnu.linkonce.t.*)
 *(.rela.text .rela.text.* .rela.gnu.linkonce.t.*)
 *(.rel.fini)
 *(.rela.fini)
 *(.rel.rodata .rel.rodata.* .rel.gnu.linkonce.r.*)
 *(.rela.rodata .rela.rodata.* .rela.gnu.linkonce.r.*)
 *(.rel.data .rel.data.* .rel.gnu.linkonce.d.*)
 *(.rela.data .rela.data.* .rela.gnu.linkonce.d.*)
 *(.rel.tdata .rel.tdata.* .rel.gnu.linkonce.td.*)
 *(.rela.tdata .rela.tdata.* .rela.gnu.linkonce.td.*)
 *(.rel.tbss .rel.tbss.* .rel.gnu.linkonce.tb.*)
 *(.rela.tbss .rela.tbss.* .rela.gnu.linkonce.tb.*)
 *(.rel.ctors)
 *(.rela.ctors)
 *(.rel.dtors)
 *(.rela.dtors)
 *(.rel.got)
 *(.rela.got)
 *(.rel.sdata .rel.sdata.* .rel.gnu.linkonce.s.*)
 *(.rela.sdata .rela.sdata.* .rela.gnu.linkonce.s.*)
 *(.rel.sbss .rel.sbss.* .rel.gnu.linkonce.sb.*)
 *(.rela.sbss .rela.sbss.* .rela.gnu.linkonce.sb.*)
 *(.rel.sdata2 .rel.sdata2.* .rel.gnu.linkonce.s2.*)
 *(.rela.sdata2 .rela.sdata2.* .rela.gnu.linkonce.s2.*)
 *(.rel.sbss2 .rel.sbss2.* .rel.gnu.linkonce.sb2.*)
 *(.rela.sbss2 .rela.sbss2.* .rela.gnu.linkonce.sb2.*)
 *(.rel.bss .rel.bss.* .rel.gnu.linkonce.b.*)
 *(.rela.bss .rela.bss.* .rela.gnu.linkonce.b.*)
 *(.rel.plt)
 *(.rela.plt)
 *(.rel.dyn)
 *(.init)
 *(.plt)
 *(.text .stub .text.* .gnu.linkonce.t.*)
 .text          0x00000000000001bc       0x3c /data/workspace/ES/lab03/software/camera_app_bsp//obj/HAL/src/crt0.o
                0x00000000000001bc                _start
 .text          0x00000000000001f8      0x7ec obj/default/hello_world.o
                0x00000000000001f8                trdb_d5m_write
                0x000000000000027c                trdb_d5m_read
                0x0000000000000318                camera_controller_create
                0x0000000000000394                camera_controller_destroy
                0x00000000000003d4                camera_controller_configure
                0x0000000000000558                camera_controller_start
                0x000000000000058c                camera_controller_stop
                0x00000000000005c0                camera_controller_read_done
                0x00000000000005f4                camera_controller_read_current_frame
                0x0000000000000624                camera_controller_read_ctrl_1
                0x0000000000000654                sleep_ms
                0x00000000000006b8                dump_word
                0x0000000000000700                dump_pcm_header
                0x0000000000000758                dump_pcm_data
                0x0000000000000898                main
 .text          0x00000000000009e4      0x7f8 obj/default/i2c/i2c.o
                0x0000000000000b24                i2c_inst
                0x0000000000000b50                i2c_init
                0x0000000000000bb0                i2c_configure
                0x0000000000000c2c                i2c_write
                0x0000000000000d58                i2c_read
                0x0000000000000ea0                i2c_write_array
                0x0000000000001034                i2c_read_array
 .text          0x00000000000011dc      0x12c /home/hadrien/altera/15.0/nios2eds/bin/gnu/H-x86_64-pc-linux-gnu/bin/../lib/gcc/nios2-elf/4.9.1/libgcc.a(lib2-divmod.o)
                0x0000000000001248                __divsi3
                0x000000000000129c                __modsi3
                0x00000000000012f8                __udivsi3
                0x0000000000001300                __umodsi3
 .text          0x0000000000001308        0x0 /home/hadrien/altera/15.0/nios2eds/bin/gnu/H-x86_64-pc-linux-gnu/bin/../lib/gcc/nios2-elf/4.9.1/../../../../../H-x86_64-pc-linux-gnu/nios2-elf/lib/libc.a(lib_a-impure.o)
 .text          0x0000000000001308       0x28 /home/hadrien/altera/15.0/nios2eds/bin/gnu/H-x86_64-pc-linux-gnu/bin/../lib/gcc/nios2-elf/4.9.1/../../../../../H-x86_64-pc-linux-gnu/nios2-elf/lib/libc.a(lib_a-malloc.o)
                0x0000000000001308                malloc
                0x000000000000131c                free
 .text          0x0000000000001330      0x7a8 /home/hadrien/altera/15.0/nios2eds/bin/gnu/H-x86_64-pc-linux-gnu/bin/../lib/gcc/nios2-elf/4.9.1/../../../../../H-x86_64-pc-linux-gnu/nios2-elf/lib/libc.a(lib_a-mallocr.o)
                0x0000000000001330                _malloc_r
 .text          0x0000000000001ad8       0x68 /home/hadrien/altera/15.0/nios2eds/bin/gnu/H-x86_64-pc-linux-gnu/bin/../lib/gcc/nios2-elf/4.9.1/../../../../../H-x86_64-pc-linux-gnu/nios2-elf/lib/libc.a(lib_a-printf.o)
                0x0000000000001ad8                _printf_r
                0x0000000000001b04                printf
 .text          0x0000000000001b40      0x168 /home/hadrien/altera/15.0/nios2eds/bin/gnu/H-x86_64-pc-linux-gnu/bin/../lib/gcc/nios2-elf/4.9.1/../../../../../H-x86_64-pc-linux-gnu/nios2-elf/lib/libc.a(lib_a-putc.o)
                0x0000000000001b40                _putc_r
                0x0000000000001be0                putc
 .text          0x0000000000001ca8       0xcc /home/hadrien/altera/15.0/nios2eds/bin/gnu/H-x86_64-pc-linux-gnu/bin/../lib/gcc/nios2-elf/4.9.1/../../../../../H-x86_64-pc-linux-gnu/nios2-elf/lib/libc.a(lib_a-puts.o)
                0x0000000000001ca8                _puts_r
                0x0000000000001d60                puts
 .text          0x0000000000001d74       0x1c /home/hadrien/altera/15.0/nios2eds/bin/gnu/H-x86_64-pc-linux-gnu/bin/../lib/gcc/nios2-elf/4.9.1/../../../../../H-x86_64-pc-linux-gnu/nios2-elf/lib/libc.a(lib_a-realloc.o)
                0x0000000000001d74                realloc
 .text          0x0000000000001d90      0x5a0 /home/hadrien/altera/15.0/nios2eds/bin/gnu/H-x86_64-pc-linux-gnu/bin/../lib/gcc/nios2-elf/4.9.1/../../../../../H-x86_64-pc-linux-gnu/nios2-elf/lib/libc.a(lib_a-reallocr.o)
                0x0000000000001d90                _realloc_r
 .text          0x0000000000002330       0x54 /home/hadrien/altera/15.0/nios2eds/bin/gnu/H-x86_64-pc-linux-gnu/bin/../lib/gcc/nios2-elf/4.9.1/../../../../../H-x86_64-pc-linux-gnu/nios2-elf/lib/libc.a(lib_a-sbrkr.o)
                0x0000000000002330                _sbrk_r
 .text          0x0000000000002384       0x98 /home/hadrien/altera/15.0/nios2eds/bin/gnu/H-x86_64-pc-linux-gnu/bin/../lib/gcc/nios2-elf/4.9.1/../../../../../H-x86_64-pc-linux-gnu/nios2-elf/lib/libc.a(lib_a-strlen.o)
                0x0000000000002384                strlen
 .text          0x000000000000241c     0x2020 /home/hadrien/altera/15.0/nios2eds/bin/gnu/H-x86_64-pc-linux-gnu/bin/../lib/gcc/nios2-elf/4.9.1/../../../../../H-x86_64-pc-linux-gnu/nios2-elf/lib/libc.a(lib_a-vfprintf.o)
                0x000000000000241c                ___vfprintf_internal_r
                0x0000000000004418                __vfprintf_internal
 .text          0x000000000000443c      0x170 /home/hadrien/altera/15.0/nios2eds/bin/gnu/H-x86_64-pc-linux-gnu/bin/../lib/gcc/nios2-elf/4.9.1/../../../../../H-x86_64-pc-linux-gnu/nios2-elf/lib/libc.a(lib_a-wbuf.o)
                0x000000000000443c                __swbuf_r
                0x0000000000004590                __swbuf
 .text          0x00000000000045ac      0x130 /home/hadrien/altera/15.0/nios2eds/bin/gnu/H-x86_64-pc-linux-gnu/bin/../lib/gcc/nios2-elf/4.9.1/../../../../../H-x86_64-pc-linux-gnu/nios2-elf/lib/libc.a(lib_a-wsetup.o)
                0x00000000000045ac                __swsetup_r
 .text          0x00000000000046dc     0x1928 /home/hadrien/altera/15.0/nios2eds/bin/gnu/H-x86_64-pc-linux-gnu/bin/../lib/gcc/nios2-elf/4.9.1/../../../../../H-x86_64-pc-linux-gnu/nios2-elf/lib/libc.a(lib_a-dtoa.o)
                0x00000000000048dc                _dtoa_r
 .text          0x0000000000006004      0x258 /home/hadrien/altera/15.0/nios2eds/bin/gnu/H-x86_64-pc-linux-gnu/bin/../lib/gcc/nios2-elf/4.9.1/../../../../../H-x86_64-pc-linux-gnu/nios2-elf/lib/libc.a(lib_a-fflush.o)
                0x0000000000006004                _fflush_r
                0x000000000000622c                fflush
 .text          0x000000000000625c      0x3a0 /home/hadrien/altera/15.0/nios2eds/bin/gnu/H-x86_64-pc-linux-gnu/bin/../lib/gcc/nios2-elf/4.9.1/../../../../../H-x86_64-pc-linux-gnu/nios2-elf/lib/libc.a(lib_a-findfp.o)
                0x000000000000626c                _cleanup_r
                0x0000000000006418                __sfmoreglue
                0x000000000000647c                __sfp
                0x0000000000006594                _cleanup
                0x00000000000065ac                __sinit
                0x00000000000065bc                __sfp_lock_acquire
                0x00000000000065c0                __sfp_lock_release
                0x00000000000065c4                __sinit_lock_acquire
                0x00000000000065c8                __sinit_lock_release
                0x00000000000065cc                __fp_lock_all
                0x00000000000065e4                __fp_unlock_all
 .text          0x00000000000065fc      0x414 /home/hadrien/altera/15.0/nios2eds/bin/gnu/H-x86_64-pc-linux-gnu/bin/../lib/gcc/nios2-elf/4.9.1/../../../../../H-x86_64-pc-linux-gnu/nios2-elf/lib/libc.a(lib_a-freer.o)
                0x00000000000065fc                _malloc_trim_r
                0x0000000000006720                _free_r
 .text          0x0000000000006a10      0x4a4 /home/hadrien/altera/15.0/nios2eds/bin/gnu/H-x86_64-pc-linux-gnu/bin/../lib/gcc/nios2-elf/4.9.1/../../../../../H-x86_64-pc-linux-gnu/nios2-elf/lib/libc.a(lib_a-fvwrite.o)
                0x0000000000006a10                __sfvwrite_r
 .text          0x0000000000006eb4      0x170 /home/hadrien/altera/15.0/nios2eds/bin/gnu/H-x86_64-pc-linux-gnu/bin/../lib/gcc/nios2-elf/4.9.1/../../../../../H-x86_64-pc-linux-gnu/nios2-elf/lib/libc.a(lib_a-fwalk.o)
                0x0000000000006eb4                _fwalk
                0x0000000000006f6c                _fwalk_reent
 .text          0x0000000000007024        0x0 /home/hadrien/altera/15.0/nios2eds/bin/gnu/H-x86_64-pc-linux-gnu/bin/../lib/gcc/nios2-elf/4.9.1/../../../../../H-x86_64-pc-linux-gnu/nios2-elf/lib/libc.a(lib_a-int_errno.o)
 .text          0x0000000000007024       0xe0 /home/hadrien/altera/15.0/nios2eds/bin/gnu/H-x86_64-pc-linux-gnu/bin/../lib/gcc/nios2-elf/4.9.1/../../../../../H-x86_64-pc-linux-gnu/nios2-elf/lib/libc.a(lib_a-locale.o)
                0x0000000000007024                _setlocale_r
                0x00000000000070a0                __locale_charset
                0x00000000000070ac                __locale_mb_cur_max
                0x00000000000070bc                __locale_msgcharset
                0x00000000000070c8                __locale_cjk_lang
                0x00000000000070d0                _localeconv_r
                0x00000000000070dc                setlocale
                0x00000000000070f8                localeconv
 .text          0x0000000000007104      0x1b8 /home/hadrien/altera/15.0/nios2eds/bin/gnu/H-x86_64-pc-linux-gnu/bin/../lib/gcc/nios2-elf/4.9.1/../../../../../H-x86_64-pc-linux-gnu/nios2-elf/lib/libc.a(lib_a-makebuf.o)
                0x0000000000007104                __smakebuf_r
 .text          0x00000000000072bc       0xe8 /home/hadrien/altera/15.0/nios2eds/bin/gnu/H-x86_64-pc-linux-gnu/bin/../lib/gcc/nios2-elf/4.9.1/../../../../../H-x86_64-pc-linux-gnu/nios2-elf/lib/libc.a(lib_a-memchr.o)
                0x00000000000072bc                memchr
 .text          0x00000000000073a4      0x138 /home/hadrien/altera/15.0/nios2eds/bin/gnu/H-x86_64-pc-linux-gnu/bin/../lib/gcc/nios2-elf/4.9.1/../../../../../H-x86_64-pc-linux-gnu/nios2-elf/lib/libc.a(lib_a-memcpy.o)
                0x00000000000073a4                memcpy
 .text          0x00000000000074dc      0x15c /home/hadrien/altera/15.0/nios2eds/bin/gnu/H-x86_64-pc-linux-gnu/bin/../lib/gcc/nios2-elf/4.9.1/../../../../../H-x86_64-pc-linux-gnu/nios2-elf/lib/libc.a(lib_a-memmove.o)
                0x00000000000074dc                memmove
 .text          0x0000000000007638      0x124 /home/hadrien/altera/15.0/nios2eds/bin/gnu/H-x86_64-pc-linux-gnu/bin/../lib/gcc/nios2-elf/4.9.1/../../../../../H-x86_64-pc-linux-gnu/nios2-elf/lib/libc.a(lib_a-memset.o)
                0x0000000000007638                memset
 .text          0x000000000000775c      0xf8c /home/hadrien/altera/15.0/nios2eds/bin/gnu/H-x86_64-pc-linux-gnu/bin/../lib/gcc/nios2-elf/4.9.1/../../../../../H-x86_64-pc-linux-gnu/nios2-elf/lib/libc.a(lib_a-mprec.o)
                0x000000000000775c                _Balloc
                0x0000000000007804                _Bfree
                0x000000000000782c                __multadd
                0x0000000000007940                __s2b
                0x0000000000007a44                __hi0bits
                0x0000000000007aac                __lo0bits
                0x0000000000007b5c                __i2b
                0x0000000000007b98                __multiply
                0x0000000000007d94                __pow5mult
                0x0000000000007ed4                __lshift
                0x000000000000801c                __mcmp
                0x000000000000807c                __mdiff
                0x0000000000008214                __ulp
                0x0000000000008274                __b2d
                0x0000000000008390                __d2b
                0x00000000000084cc                __ratio
                0x0000000000008570                _mprec_log10
                0x00000000000085e4                __copybits
                0x000000000000865c                __any_on
 .text          0x00000000000086e8       0x74 /home/hadrien/altera/15.0/nios2eds/bin/gnu/H-x86_64-pc-linux-gnu/bin/../lib/gcc/nios2-elf/4.9.1/../../../../../H-x86_64-pc-linux-gnu/nios2-elf/lib/libc.a(lib_a-s_fpclassify.o)
                0x00000000000086e8                __fpclassifyd
 .text          0x000000000000875c      0x13c /home/hadrien/altera/15.0/nios2eds/bin/gnu/H-x86_64-pc-linux-gnu/bin/../lib/gcc/nios2-elf/4.9.1/../../../../../H-x86_64-pc-linux-gnu/nios2-elf/lib/libc.a(lib_a-stdio.o)
                0x000000000000875c                __sread
                0x00000000000087b0                __seofread
                0x00000000000087b8                __swrite
                0x0000000000008834                __sseek
                0x0000000000008890                __sclose
 .text          0x0000000000008898       0xa4 /home/hadrien/altera/15.0/nios2eds/bin/gnu/H-x86_64-pc-linux-gnu/bin/../lib/gcc/nios2-elf/4.9.1/../../../../../H-x86_64-pc-linux-gnu/nios2-elf/lib/libc.a(lib_a-strcmp.o)
                0x0000000000008898                strcmp
 .text          0x000000000000893c     0x1494 /home/hadrien/altera/15.0/nios2eds/bin/gnu/H-x86_64-pc-linux-gnu/bin/../lib/gcc/nios2-elf/4.9.1/../../../../../H-x86_64-pc-linux-gnu/nios2-elf/lib/libc.a(lib_a-vfiprintf.o)
                0x0000000000008a38                __sprint_r
                0x0000000000008a50                ___vfiprintf_internal_r
                0x0000000000009dac                __vfiprintf_internal
 .text          0x0000000000009dd0       0x5c /home/hadrien/altera/15.0/nios2eds/bin/gnu/H-x86_64-pc-linux-gnu/bin/../lib/gcc/nios2-elf/4.9.1/../../../../../H-x86_64-pc-linux-gnu/nios2-elf/lib/libc.a(lib_a-writer.o)
                0x0000000000009dd0                _write_r
 .text          0x0000000000009e2c       0x54 /home/hadrien/altera/15.0/nios2eds/bin/gnu/H-x86_64-pc-linux-gnu/bin/../lib/gcc/nios2-elf/4.9.1/../../../../../H-x86_64-pc-linux-gnu/nios2-elf/lib/libc.a(closer.o)
                0x0000000000009e2c                _close_r
 .text          0x0000000000009e80       0xc4 /home/hadrien/altera/15.0/nios2eds/bin/gnu/H-x86_64-pc-linux-gnu/bin/../lib/gcc/nios2-elf/4.9.1/../../../../../H-x86_64-pc-linux-gnu/nios2-elf/lib/libc.a(lib_a-callocr.o)
                0x0000000000009e80                _calloc_r
 .text          0x0000000000009f44      0x114 /home/hadrien/altera/15.0/nios2eds/bin/gnu/H-x86_64-pc-linux-gnu/bin/../lib/gcc/nios2-elf/4.9.1/../../../../../H-x86_64-pc-linux-gnu/nios2-elf/lib/libc.a(lib_a-fclose.o)
                0x0000000000009f44                _fclose_r
                0x000000000000a044                fclose
 .text          0x000000000000a058      0x1dc /home/hadrien/altera/15.0/nios2eds/bin/gnu/H-x86_64-pc-linux-gnu/bin/../lib/gcc/nios2-elf/4.9.1/../../../../../H-x86_64-pc-linux-gnu/nios2-elf/lib/libc.a(lib_a-fputwc.o)
                0x000000000000a058                _fputwc_r
                0x000000000000a1dc                fputwc
 .text          0x000000000000a234       0x58 /home/hadrien/altera/15.0/nios2eds/bin/gnu/H-x86_64-pc-linux-gnu/bin/../lib/gcc/nios2-elf/4.9.1/../../../../../H-x86_64-pc-linux-gnu/nios2-elf/lib/libc.a(lib_a-fstatr.o)
                0x000000000000a234                _fstat_r
 .text          0x000000000000a28c       0x54 /home/hadrien/altera/15.0/nios2eds/bin/gnu/H-x86_64-pc-linux-gnu/bin/../lib/gcc/nios2-elf/4.9.1/../../../../../H-x86_64-pc-linux-gnu/nios2-elf/lib/libc.a(lib_a-isattyr.o)
                0x000000000000a28c                _isatty_r
 .text          0x000000000000a2e0       0x5c /home/hadrien/altera/15.0/nios2eds/bin/gnu/H-x86_64-pc-linux-gnu/bin/../lib/gcc/nios2-elf/4.9.1/../../../../../H-x86_64-pc-linux-gnu/nios2-elf/lib/libc.a(lib_a-lseekr.o)
                0x000000000000a2e0                _lseek_r
 .text          0x000000000000a33c       0x5c /home/hadrien/altera/15.0/nios2eds/bin/gnu/H-x86_64-pc-linux-gnu/bin/../lib/gcc/nios2-elf/4.9.1/../../../../../H-x86_64-pc-linux-gnu/nios2-elf/lib/libc.a(lib_a-readr.o)
                0x000000000000a33c                _read_r
 .text          0x000000000000a398      0x174 /home/hadrien/altera/15.0/nios2eds/bin/gnu/H-x86_64-pc-linux-gnu/bin/../lib/gcc/nios2-elf/4.9.1/../../../../../H-x86_64-pc-linux-gnu/nios2-elf/lib/libc.a(lib_a-wcrtomb.o)
                0x000000000000a398                _wcrtomb_r
                0x000000000000a434                wcrtomb
 .text          0x000000000000a50c       0x8c /home/hadrien/altera/15.0/nios2eds/bin/gnu/H-x86_64-pc-linux-gnu/bin/../lib/gcc/nios2-elf/4.9.1/../../../../../H-x86_64-pc-linux-gnu/nios2-elf/lib/libc.a(lib_a-wctomb_r.o)
                0x000000000000a50c                __ascii_wctomb
                0x000000000000a53c                _wctomb_r
 .text          0x000000000000a598      0x5c0 /home/hadrien/altera/15.0/nios2eds/bin/gnu/H-x86_64-pc-linux-gnu/bin/../lib/gcc/nios2-elf/4.9.1/libgcc.a(_udivdi3.o)
                0x000000000000a598                __udivdi3
 .text          0x000000000000ab58      0x590 /home/hadrien/altera/15.0/nios2eds/bin/gnu/H-x86_64-pc-linux-gnu/bin/../lib/gcc/nios2-elf/4.9.1/libgcc.a(_umoddi3.o)
                0x000000000000ab58                __umoddi3
 .text          0x000000000000b0e8      0x89c /home/hadrien/altera/15.0/nios2eds/bin/gnu/H-x86_64-pc-linux-gnu/bin/../lib/gcc/nios2-elf/4.9.1/libgcc.a(adddf3.o)
                0x000000000000b0e8                __adddf3
 .text          0x000000000000b984      0x8cc /home/hadrien/altera/15.0/nios2eds/bin/gnu/H-x86_64-pc-linux-gnu/bin/../lib/gcc/nios2-elf/4.9.1/libgcc.a(divdf3.o)
                0x000000000000b984                __divdf3
 .text          0x000000000000c250       0x84 /home/hadrien/altera/15.0/nios2eds/bin/gnu/H-x86_64-pc-linux-gnu/bin/../lib/gcc/nios2-elf/4.9.1/libgcc.a(eqdf2.o)
                0x000000000000c250                __eqdf2
                0x000000000000c250                __nedf2
 .text          0x000000000000c2d4       0xe0 /home/hadrien/altera/15.0/nios2eds/bin/gnu/H-x86_64-pc-linux-gnu/bin/../lib/gcc/nios2-elf/4.9.1/libgcc.a(gedf2.o)
                0x000000000000c2d4                __gtdf2
                0x000000000000c2d4                __gedf2
 .text          0x000000000000c3b4       0xe0 /home/hadrien/altera/15.0/nios2eds/bin/gnu/H-x86_64-pc-linux-gnu/bin/../lib/gcc/nios2-elf/4.9.1/libgcc.a(ledf2.o)
                0x000000000000c3b4                __ltdf2
                0x000000000000c3b4                __ledf2
 .text          0x000000000000c494      0x724 /home/hadrien/altera/15.0/nios2eds/bin/gnu/H-x86_64-pc-linux-gnu/bin/../lib/gcc/nios2-elf/4.9.1/libgcc.a(muldf3.o)
                0x000000000000c494                __muldf3
 .text          0x000000000000cbb8      0x8d0 /home/hadrien/altera/15.0/nios2eds/bin/gnu/H-x86_64-pc-linux-gnu/bin/../lib/gcc/nios2-elf/4.9.1/libgcc.a(subdf3.o)
                0x000000000000cbb8                __subdf3
 .text          0x000000000000d488       0x88 /home/hadrien/altera/15.0/nios2eds/bin/gnu/H-x86_64-pc-linux-gnu/bin/../lib/gcc/nios2-elf/4.9.1/libgcc.a(fixdfsi.o)
                0x000000000000d488                __fixdfsi
 .text          0x000000000000d510       0xd0 /home/hadrien/altera/15.0/nios2eds/bin/gnu/H-x86_64-pc-linux-gnu/bin/../lib/gcc/nios2-elf/4.9.1/libgcc.a(floatsidf.o)
                0x000000000000d510                __floatsidf
 .text          0x000000000000d5e0       0xa4 /home/hadrien/altera/15.0/nios2eds/bin/gnu/H-x86_64-pc-linux-gnu/bin/../lib/gcc/nios2-elf/4.9.1/libgcc.a(floatunsidf.o)
                0x000000000000d5e0                __floatunsidf
 .text          0x000000000000d684        0x0 /home/hadrien/altera/15.0/nios2eds/bin/gnu/H-x86_64-pc-linux-gnu/bin/../lib/gcc/nios2-elf/4.9.1/libgcc.a(_clz.o)
 .text          0x000000000000d684       0x64 /home/hadrien/altera/15.0/nios2eds/bin/gnu/H-x86_64-pc-linux-gnu/bin/../lib/gcc/nios2-elf/4.9.1/libgcc.a(_clzsi2.o)
                0x000000000000d684                __clzsi2
 .text          0x000000000000d6e8      0x120 /data/workspace/ES/lab03/software/camera_app_bsp//libhal_bsp.a(alt_close.o)
                0x000000000000d738                close
 .text          0x000000000000d808       0x2c /data/workspace/ES/lab03/software/camera_app_bsp//libhal_bsp.a(alt_dev.o)
 .text          0x000000000000d834        0x0 /data/workspace/ES/lab03/software/camera_app_bsp//libhal_bsp.a(alt_errno.o)
 .text          0x000000000000d834      0x100 /data/workspace/ES/lab03/software/camera_app_bsp//libhal_bsp.a(alt_fstat.o)
                0x000000000000d884                fstat
 .text          0x000000000000d934       0xf4 /data/workspace/ES/lab03/software/camera_app_bsp//libhal_bsp.a(alt_isatty.o)
                0x000000000000d984                isatty
 .text          0x000000000000da28       0xe4 /data/workspace/ES/lab03/software/camera_app_bsp//libhal_bsp.a(alt_load.o)
                0x000000000000da8c                alt_load
 .text          0x000000000000db0c      0x124 /data/workspace/ES/lab03/software/camera_app_bsp//libhal_bsp.a(alt_lseek.o)
                0x000000000000db5c                lseek
 .text          0x000000000000dc30       0x78 /data/workspace/ES/lab03/software/camera_app_bsp//libhal_bsp.a(alt_main.o)
                0x000000000000dc30                alt_main
 .text          0x000000000000dca8       0x40 /data/workspace/ES/lab03/software/camera_app_bsp//libhal_bsp.a(alt_malloc_lock.o)
                0x000000000000dca8                __malloc_lock
                0x000000000000dcc8                __malloc_unlock
 .text          0x000000000000dce8      0x14c /data/workspace/ES/lab03/software/camera_app_bsp//libhal_bsp.a(alt_read.o)
                0x000000000000dd38                read
 .text          0x000000000000de34       0x60 /data/workspace/ES/lab03/software/camera_app_bsp//libhal_bsp.a(alt_release_fd.o)
                0x000000000000de34                alt_release_fd
 .text          0x000000000000de94       0xb0 /data/workspace/ES/lab03/software/camera_app_bsp//libhal_bsp.a(alt_sbrk.o)
                0x000000000000de94                sbrk
 .text          0x000000000000df44       0x30 /data/workspace/ES/lab03/software/camera_app_bsp//libhal_bsp.a(alt_usleep.o)
                0x000000000000df44                usleep
 .text          0x000000000000df74      0x148 /data/workspace/ES/lab03/software/camera_app_bsp//libhal_bsp.a(alt_write.o)
                0x000000000000dfc4                write
 .text          0x000000000000e0bc       0xb0 /data/workspace/ES/lab03/software/camera_app_bsp//libhal_bsp.a(alt_sys_init.o)
                0x000000000000e0f4                alt_irq_init
                0x000000000000e128                alt_sys_init
 .text          0x000000000000e16c      0x164 /data/workspace/ES/lab03/software/camera_app_bsp//libhal_bsp.a(altera_avalon_jtag_uart_fd.o)
                0x000000000000e16c                altera_avalon_jtag_uart_read_fd
                0x000000000000e1cc                altera_avalon_jtag_uart_write_fd
                0x000000000000e22c                altera_avalon_jtag_uart_close_fd
                0x000000000000e27c                altera_avalon_jtag_uart_ioctl_fd
 .text          0x000000000000e2d0      0x3d8 /data/workspace/ES/lab03/software/camera_app_bsp//libhal_bsp.a(altera_avalon_jtag_uart_init.o)
                0x000000000000e2d0                altera_avalon_jtag_uart_init
                0x000000000000e640                altera_avalon_jtag_uart_close
 .text          0x000000000000e6a8       0xec /data/workspace/ES/lab03/software/camera_app_bsp//libhal_bsp.a(altera_avalon_jtag_uart_ioctl.o)
                0x000000000000e6a8                altera_avalon_jtag_uart_ioctl
 .text          0x000000000000e794      0x20c /data/workspace/ES/lab03/software/camera_app_bsp//libhal_bsp.a(altera_avalon_jtag_uart_read.o)
                0x000000000000e794                altera_avalon_jtag_uart_read
 .text          0x000000000000e9a0      0x218 /data/workspace/ES/lab03/software/camera_app_bsp//libhal_bsp.a(altera_avalon_jtag_uart_write.o)
                0x000000000000e9a0                altera_avalon_jtag_uart_write
 .text          0x000000000000ebb8      0x140 /data/workspace/ES/lab03/software/camera_app_bsp//libhal_bsp.a(alt_alarm_start.o)
                0x000000000000ebb8                alt_alarm_start
 .text          0x000000000000ecf8      0x158 /data/workspace/ES/lab03/software/camera_app_bsp//libhal_bsp.a(alt_busy_sleep.o)
                0x000000000000ecf8                alt_busy_sleep
 .text          0x000000000000ee50       0x1c /data/workspace/ES/lab03/software/camera_app_bsp//libhal_bsp.a(alt_dcache_flush_all.o)
                0x000000000000ee50                alt_dcache_flush_all
 .text          0x000000000000ee6c       0xf4 /data/workspace/ES/lab03/software/camera_app_bsp//libhal_bsp.a(alt_dev_llist_insert.o)
                0x000000000000eebc                alt_dev_llist_insert
 .text          0x000000000000ef60       0x5c /data/workspace/ES/lab03/software/camera_app_bsp//libhal_bsp.a(alt_do_ctors.o)
                0x000000000000ef60                _do_ctors
 .text          0x000000000000efbc       0x5c /data/workspace/ES/lab03/software/camera_app_bsp//libhal_bsp.a(alt_do_dtors.o)
                0x000000000000efbc                _do_dtors
 .text          0x000000000000f018       0x30 /data/workspace/ES/lab03/software/camera_app_bsp//libhal_bsp.a(alt_icache_flush_all.o)
                0x000000000000f018                alt_icache_flush_all
 .text          0x000000000000f048      0x1e0 /data/workspace/ES/lab03/software/camera_app_bsp//libhal_bsp.a(alt_iic.o)
                0x000000000000f048                alt_ic_isr_register
                0x000000000000f098                alt_ic_irq_enable
                0x000000000000f138                alt_ic_irq_disable
                0x000000000000f1dc                alt_ic_irq_enabled
 .text          0x000000000000f228       0xf0 /data/workspace/ES/lab03/software/camera_app_bsp//libhal_bsp.a(alt_iic_isr_register.o)
                0x000000000000f228                alt_iic_isr_register
 .text          0x000000000000f318      0x138 /data/workspace/ES/lab03/software/camera_app_bsp//libhal_bsp.a(alt_io_redirect.o)
                0x000000000000f3d8                alt_io_redirect
 .text          0x000000000000f450        0x0 /data/workspace/ES/lab03/software/camera_app_bsp//libhal_bsp.a(alt_irq_entry.o)
 .text          0x000000000000f450        0x0 /data/workspace/ES/lab03/software/camera_app_bsp//libhal_bsp.a(alt_irq_handler.o)
 .text          0x000000000000f450        0x0 /data/workspace/ES/lab03/software/camera_app_bsp//libhal_bsp.a(alt_irq_vars.o)
 .text          0x000000000000f450      0x274 /data/workspace/ES/lab03/software/camera_app_bsp//libhal_bsp.a(alt_open.o)
                0x000000000000f56c                open
 .text          0x000000000000f6c4      0x19c /data/workspace/ES/lab03/software/camera_app_bsp//libhal_bsp.a(alt_tick.o)
                0x000000000000f6c4                alt_alarm_stop
                0x000000000000f75c                alt_tick
 .text          0x000000000000f860       0x20 /data/workspace/ES/lab03/software/camera_app_bsp//libhal_bsp.a(altera_nios2_qsys_irq.o)
                0x000000000000f860                altera_nios2_qsys_irq_init
 .text          0x000000000000f880        0x0 /data/workspace/ES/lab03/software/camera_app_bsp//libhal_bsp.a(alt_exception_entry.o)
 .text          0x000000000000f880       0x90 /data/workspace/ES/lab03/software/camera_app_bsp//libhal_bsp.a(alt_find_dev.o)
                0x000000000000f880                alt_find_dev
 .text          0x000000000000f910      0x114 /data/workspace/ES/lab03/software/camera_app_bsp//libhal_bsp.a(alt_find_file.o)
                0x000000000000f910                alt_find_file
 .text          0x000000000000fa24       0xb4 /data/workspace/ES/lab03/software/camera_app_bsp//libhal_bsp.a(alt_get_fd.o)
                0x000000000000fa24                alt_get_fd
 .text          0x000000000000fad8       0x8c /data/workspace/ES/lab03/software/camera_app_bsp//libhal_bsp.a(alt_icache_flush.o)
                0x000000000000fad8                alt_icache_flush
 .text          0x000000000000fb64       0x14 /home/hadrien/altera/15.0/nios2eds/bin/gnu/H-x86_64-pc-linux-gnu/bin/../lib/gcc/nios2-elf/4.9.1/../../../../../H-x86_64-pc-linux-gnu/nios2-elf/lib/libc.a(lib_a-atexit.o)
                0x000000000000fb64                atexit
 .text          0x000000000000fb78       0x38 /home/hadrien/altera/15.0/nios2eds/bin/gnu/H-x86_64-pc-linux-gnu/bin/../lib/gcc/nios2-elf/4.9.1/../../../../../H-x86_64-pc-linux-gnu/nios2-elf/lib/libc.a(lib_a-exit.o)
                0x000000000000fb78                exit
 .text          0x000000000000fbb0       0x7c /home/hadrien/altera/15.0/nios2eds/bin/gnu/H-x86_64-pc-linux-gnu/bin/../lib/gcc/nios2-elf/4.9.1/../../../../../H-x86_64-pc-linux-gnu/nios2-elf/lib/libc.a(lib_a-memcmp.o)
                0x000000000000fbb0                memcmp
 .text          0x000000000000fc2c      0x114 /home/hadrien/altera/15.0/nios2eds/bin/gnu/H-x86_64-pc-linux-gnu/bin/../lib/gcc/nios2-elf/4.9.1/../../../../../H-x86_64-pc-linux-gnu/nios2-elf/lib/libc.a(lib_a-__atexit.o)
                0x000000000000fc2c                __register_exitproc
 .text          0x000000000000fd40      0x194 /home/hadrien/altera/15.0/nios2eds/bin/gnu/H-x86_64-pc-linux-gnu/bin/../lib/gcc/nios2-elf/4.9.1/../../../../../H-x86_64-pc-linux-gnu/nios2-elf/lib/libc.a(lib_a-__call_atexit.o)
                0x000000000000fd40                __call_exitprocs
 .text          0x000000000000fed4       0x34 /data/workspace/ES/lab03/software/camera_app_bsp//libhal_bsp.a(alt_exit.o)
                0x000000000000fed4                _exit
 *(.gnu.warning.*)
 *(.fini)
                0x000000000000ff08                PROVIDE (__etext, ABSOLUTE (.))
                0x000000000000ff08                PROVIDE (_etext, ABSOLUTE (.))
                0x000000000000ff08                PROVIDE (etext, ABSOLUTE (.))
 *(.eh_frame_hdr)
                0x000000000000ff08                . = ALIGN (0x4)
                0x000000000000ff08                PROVIDE (__preinit_array_start, ABSOLUTE (.))
 *(.preinit_array)
                0x000000000000ff08                PROVIDE (__preinit_array_end, ABSOLUTE (.))
                0x000000000000ff08                PROVIDE (__init_array_start, ABSOLUTE (.))
 *(.init_array)
                0x000000000000ff08                PROVIDE (__init_array_end, ABSOLUTE (.))
                0x000000000000ff08                PROVIDE (__fini_array_start, ABSOLUTE (.))
 *(.fini_array)
                0x000000000000ff08                PROVIDE (__fini_array_end, ABSOLUTE (.))
 *(.eh_frame)
 *(.gcc_except_table .gcc_except_table.*)
 *(.dynamic)
                0x000000000000ff08                PROVIDE (__CTOR_LIST__, ABSOLUTE (.))
 *(.ctors)
 *(SORT(.ctors.*))
                0x000000000000ff08                PROVIDE (__CTOR_END__, ABSOLUTE (.))
                0x000000000000ff08                PROVIDE (__DTOR_LIST__, ABSOLUTE (.))
 *(.dtors)
 *(SORT(.dtors.*))
                0x000000000000ff08                PROVIDE (__DTOR_END__, ABSOLUTE (.))
 *(.jcr)
                0x000000000000ff08                . = ALIGN (0x4)

.rodata         0x000000000000ff08      0x394
                0x000000000000ff08                PROVIDE (__ram_rodata_start, ABSOLUTE (.))
                0x000000000000ff08                . = ALIGN (0x4)
 *(.rodata .rodata.* .gnu.linkonce.r.*)
 .rodata        0x000000000000ff08       0x9c obj/default/hello_world.o
 .rodata.str1.4
                0x000000000000ffa4        0x2 /home/hadrien/altera/15.0/nios2eds/bin/gnu/H-x86_64-pc-linux-gnu/bin/../lib/gcc/nios2-elf/4.9.1/../../../../../H-x86_64-pc-linux-gnu/nios2-elf/lib/libc.a(lib_a-impure.o)
                                          0x4 (size before relaxing)
 *fill*         0x000000000000ffa6        0x2 
 .rodata.str1.4
                0x000000000000ffa8        0x2 /home/hadrien/altera/15.0/nios2eds/bin/gnu/H-x86_64-pc-linux-gnu/bin/../lib/gcc/nios2-elf/4.9.1/../../../../../H-x86_64-pc-linux-gnu/nios2-elf/lib/libc.a(lib_a-puts.o)
                                          0x4 (size before relaxing)
 *fill*         0x000000000000ffaa        0x2 
 .rodata.str1.4
                0x000000000000ffac       0x42 /home/hadrien/altera/15.0/nios2eds/bin/gnu/H-x86_64-pc-linux-gnu/bin/../lib/gcc/nios2-elf/4.9.1/../../../../../H-x86_64-pc-linux-gnu/nios2-elf/lib/libc.a(lib_a-vfprintf.o)
                                         0x44 (size before relaxing)
 .rodata        0x000000000000ffee       0x20 /home/hadrien/altera/15.0/nios2eds/bin/gnu/H-x86_64-pc-linux-gnu/bin/../lib/gcc/nios2-elf/4.9.1/../../../../../H-x86_64-pc-linux-gnu/nios2-elf/lib/libc.a(lib_a-vfprintf.o)
 *fill*         0x000000000001000e        0x2 
 .rodata.str1.4
                0x0000000000010010       0x10 /home/hadrien/altera/15.0/nios2eds/bin/gnu/H-x86_64-pc-linux-gnu/bin/../lib/gcc/nios2-elf/4.9.1/../../../../../H-x86_64-pc-linux-gnu/nios2-elf/lib/libc.a(lib_a-dtoa.o)
                                         0x14 (size before relaxing)
 .rodata.str1.4
                0x0000000000010020        0xc /home/hadrien/altera/15.0/nios2eds/bin/gnu/H-x86_64-pc-linux-gnu/bin/../lib/gcc/nios2-elf/4.9.1/../../../../../H-x86_64-pc-linux-gnu/nios2-elf/lib/libc.a(lib_a-locale.o)
                                         0x14 (size before relaxing)
 .rodata        0x000000000001002c      0x124 /home/hadrien/altera/15.0/nios2eds/bin/gnu/H-x86_64-pc-linux-gnu/bin/../lib/gcc/nios2-elf/4.9.1/../../../../../H-x86_64-pc-linux-gnu/nios2-elf/lib/libc.a(lib_a-mprec.o)
                0x0000000000010038                __mprec_tinytens
                0x0000000000010060                __mprec_bigtens
                0x0000000000010088                __mprec_tens
 .rodata.str1.4
                0x0000000000000000       0x30 /home/hadrien/altera/15.0/nios2eds/bin/gnu/H-x86_64-pc-linux-gnu/bin/../lib/gcc/nios2-elf/4.9.1/../../../../../H-x86_64-pc-linux-gnu/nios2-elf/lib/libc.a(lib_a-vfiprintf.o)
 .rodata        0x0000000000010150       0x20 /home/hadrien/altera/15.0/nios2eds/bin/gnu/H-x86_64-pc-linux-gnu/bin/../lib/gcc/nios2-elf/4.9.1/../../../../../H-x86_64-pc-linux-gnu/nios2-elf/lib/libc.a(lib_a-vfiprintf.o)
 .rodata        0x0000000000010170      0x100 /home/hadrien/altera/15.0/nios2eds/bin/gnu/H-x86_64-pc-linux-gnu/bin/../lib/gcc/nios2-elf/4.9.1/libgcc.a(_clz.o)
                0x0000000000010170                __clz_tab
 .rodata        0x0000000000010270        0xc /data/workspace/ES/lab03/software/camera_app_bsp//libhal_bsp.a(alt_dev.o)
 .rodata        0x000000000001027c       0x10 /data/workspace/ES/lab03/software/camera_app_bsp//libhal_bsp.a(alt_main.o)
 .rodata        0x000000000001028c       0x10 /data/workspace/ES/lab03/software/camera_app_bsp//libhal_bsp.a(alt_sys_init.o)
 *(.rodata1)
                0x000000000001029c                . = ALIGN (0x4)
                0x000000000001029c                PROVIDE (__ram_rodata_end, ABSOLUTE (.))
                0x000000000000ff08                PROVIDE (__flash_rodata_start, LOADADDR (.rodata))

.rwdata         0x000000000001029c     0x1aec load address 0x0000000000011d88
                0x000000000001029c                PROVIDE (__ram_rwdata_start, ABSOLUTE (.))
                0x000000000001029c                . = ALIGN (0x4)
 *(.got.plt)
 *(.got)
 *(.data1)
 *(.data .data.* .gnu.linkonce.d.*)
 .data          0x000000000001029c        0x0 /data/workspace/ES/lab03/software/camera_app_bsp//obj/HAL/src/crt0.o
 .data          0x000000000001029c        0x0 obj/default/hello_world.o
 .data          0x000000000001029c        0x0 obj/default/i2c/i2c.o
 .data          0x000000000001029c        0x0 /home/hadrien/altera/15.0/nios2eds/bin/gnu/H-x86_64-pc-linux-gnu/bin/../lib/gcc/nios2-elf/4.9.1/libgcc.a(lib2-divmod.o)
 .data          0x000000000001029c      0x424 /home/hadrien/altera/15.0/nios2eds/bin/gnu/H-x86_64-pc-linux-gnu/bin/../lib/gcc/nios2-elf/4.9.1/../../../../../H-x86_64-pc-linux-gnu/nios2-elf/lib/libc.a(lib_a-impure.o)
 .data          0x00000000000106c0        0x0 /home/hadrien/altera/15.0/nios2eds/bin/gnu/H-x86_64-pc-linux-gnu/bin/../lib/gcc/nios2-elf/4.9.1/../../../../../H-x86_64-pc-linux-gnu/nios2-elf/lib/libc.a(lib_a-malloc.o)
 .data          0x00000000000106c0      0x408 /home/hadrien/altera/15.0/nios2eds/bin/gnu/H-x86_64-pc-linux-gnu/bin/../lib/gcc/nios2-elf/4.9.1/../../../../../H-x86_64-pc-linux-gnu/nios2-elf/lib/libc.a(lib_a-mallocr.o)
                0x00000000000106c0                __malloc_av_
 .data          0x0000000000010ac8        0x0 /home/hadrien/altera/15.0/nios2eds/bin/gnu/H-x86_64-pc-linux-gnu/bin/../lib/gcc/nios2-elf/4.9.1/../../../../../H-x86_64-pc-linux-gnu/nios2-elf/lib/libc.a(lib_a-printf.o)
 .data          0x0000000000010ac8        0x0 /home/hadrien/altera/15.0/nios2eds/bin/gnu/H-x86_64-pc-linux-gnu/bin/../lib/gcc/nios2-elf/4.9.1/../../../../../H-x86_64-pc-linux-gnu/nios2-elf/lib/libc.a(lib_a-putc.o)
 .data          0x0000000000010ac8        0x0 /home/hadrien/altera/15.0/nios2eds/bin/gnu/H-x86_64-pc-linux-gnu/bin/../lib/gcc/nios2-elf/4.9.1/../../../../../H-x86_64-pc-linux-gnu/nios2-elf/lib/libc.a(lib_a-puts.o)
 .data          0x0000000000010ac8        0x0 /home/hadrien/altera/15.0/nios2eds/bin/gnu/H-x86_64-pc-linux-gnu/bin/../lib/gcc/nios2-elf/4.9.1/../../../../../H-x86_64-pc-linux-gnu/nios2-elf/lib/libc.a(lib_a-realloc.o)
 .data          0x0000000000010ac8        0x0 /home/hadrien/altera/15.0/nios2eds/bin/gnu/H-x86_64-pc-linux-gnu/bin/../lib/gcc/nios2-elf/4.9.1/../../../../../H-x86_64-pc-linux-gnu/nios2-elf/lib/libc.a(lib_a-reallocr.o)
 .data          0x0000000000010ac8        0x0 /home/hadrien/altera/15.0/nios2eds/bin/gnu/H-x86_64-pc-linux-gnu/bin/../lib/gcc/nios2-elf/4.9.1/../../../../../H-x86_64-pc-linux-gnu/nios2-elf/lib/libc.a(lib_a-sbrkr.o)
 .data          0x0000000000010ac8        0x0 /home/hadrien/altera/15.0/nios2eds/bin/gnu/H-x86_64-pc-linux-gnu/bin/../lib/gcc/nios2-elf/4.9.1/../../../../../H-x86_64-pc-linux-gnu/nios2-elf/lib/libc.a(lib_a-strlen.o)
 .data          0x0000000000010ac8        0x0 /home/hadrien/altera/15.0/nios2eds/bin/gnu/H-x86_64-pc-linux-gnu/bin/../lib/gcc/nios2-elf/4.9.1/../../../../../H-x86_64-pc-linux-gnu/nios2-elf/lib/libc.a(lib_a-vfprintf.o)
 .data          0x0000000000010ac8        0x0 /home/hadrien/altera/15.0/nios2eds/bin/gnu/H-x86_64-pc-linux-gnu/bin/../lib/gcc/nios2-elf/4.9.1/../../../../../H-x86_64-pc-linux-gnu/nios2-elf/lib/libc.a(lib_a-wbuf.o)
 .data          0x0000000000010ac8        0x0 /home/hadrien/altera/15.0/nios2eds/bin/gnu/H-x86_64-pc-linux-gnu/bin/../lib/gcc/nios2-elf/4.9.1/../../../../../H-x86_64-pc-linux-gnu/nios2-elf/lib/libc.a(lib_a-wsetup.o)
 .data          0x0000000000010ac8        0x0 /home/hadrien/altera/15.0/nios2eds/bin/gnu/H-x86_64-pc-linux-gnu/bin/../lib/gcc/nios2-elf/4.9.1/../../../../../H-x86_64-pc-linux-gnu/nios2-elf/lib/libc.a(lib_a-dtoa.o)
 .data          0x0000000000010ac8        0x0 /home/hadrien/altera/15.0/nios2eds/bin/gnu/H-x86_64-pc-linux-gnu/bin/../lib/gcc/nios2-elf/4.9.1/../../../../../H-x86_64-pc-linux-gnu/nios2-elf/lib/libc.a(lib_a-fflush.o)
 .data          0x0000000000010ac8        0x0 /home/hadrien/altera/15.0/nios2eds/bin/gnu/H-x86_64-pc-linux-gnu/bin/../lib/gcc/nios2-elf/4.9.1/../../../../../H-x86_64-pc-linux-gnu/nios2-elf/lib/libc.a(lib_a-findfp.o)
 .data          0x0000000000010ac8        0x0 /home/hadrien/altera/15.0/nios2eds/bin/gnu/H-x86_64-pc-linux-gnu/bin/../lib/gcc/nios2-elf/4.9.1/../../../../../H-x86_64-pc-linux-gnu/nios2-elf/lib/libc.a(lib_a-freer.o)
 .data          0x0000000000010ac8        0x0 /home/hadrien/altera/15.0/nios2eds/bin/gnu/H-x86_64-pc-linux-gnu/bin/../lib/gcc/nios2-elf/4.9.1/../../../../../H-x86_64-pc-linux-gnu/nios2-elf/lib/libc.a(lib_a-fvwrite.o)
 .data          0x0000000000010ac8        0x0 /home/hadrien/altera/15.0/nios2eds/bin/gnu/H-x86_64-pc-linux-gnu/bin/../lib/gcc/nios2-elf/4.9.1/../../../../../H-x86_64-pc-linux-gnu/nios2-elf/lib/libc.a(lib_a-fwalk.o)
 .data          0x0000000000010ac8        0x0 /home/hadrien/altera/15.0/nios2eds/bin/gnu/H-x86_64-pc-linux-gnu/bin/../lib/gcc/nios2-elf/4.9.1/../../../../../H-x86_64-pc-linux-gnu/nios2-elf/lib/libc.a(lib_a-int_errno.o)
 .data          0x0000000000010ac8       0x78 /home/hadrien/altera/15.0/nios2eds/bin/gnu/H-x86_64-pc-linux-gnu/bin/../lib/gcc/nios2-elf/4.9.1/../../../../../H-x86_64-pc-linux-gnu/nios2-elf/lib/libc.a(lib_a-locale.o)
 .data          0x0000000000010b40        0x0 /home/hadrien/altera/15.0/nios2eds/bin/gnu/H-x86_64-pc-linux-gnu/bin/../lib/gcc/nios2-elf/4.9.1/../../../../../H-x86_64-pc-linux-gnu/nios2-elf/lib/libc.a(lib_a-makebuf.o)
 .data          0x0000000000010b40        0x0 /home/hadrien/altera/15.0/nios2eds/bin/gnu/H-x86_64-pc-linux-gnu/bin/../lib/gcc/nios2-elf/4.9.1/../../../../../H-x86_64-pc-linux-gnu/nios2-elf/lib/libc.a(lib_a-memchr.o)
 .data          0x0000000000010b40        0x0 /home/hadrien/altera/15.0/nios2eds/bin/gnu/H-x86_64-pc-linux-gnu/bin/../lib/gcc/nios2-elf/4.9.1/../../../../../H-x86_64-pc-linux-gnu/nios2-elf/lib/libc.a(lib_a-memcpy.o)
 .data          0x0000000000010b40        0x0 /home/hadrien/altera/15.0/nios2eds/bin/gnu/H-x86_64-pc-linux-gnu/bin/../lib/gcc/nios2-elf/4.9.1/../../../../../H-x86_64-pc-linux-gnu/nios2-elf/lib/libc.a(lib_a-memmove.o)
 .data          0x0000000000010b40        0x0 /home/hadrien/altera/15.0/nios2eds/bin/gnu/H-x86_64-pc-linux-gnu/bin/../lib/gcc/nios2-elf/4.9.1/../../../../../H-x86_64-pc-linux-gnu/nios2-elf/lib/libc.a(lib_a-memset.o)
 .data          0x0000000000010b40        0x0 /home/hadrien/altera/15.0/nios2eds/bin/gnu/H-x86_64-pc-linux-gnu/bin/../lib/gcc/nios2-elf/4.9.1/../../../../../H-x86_64-pc-linux-gnu/nios2-elf/lib/libc.a(lib_a-mprec.o)
 .data          0x0000000000010b40        0x0 /home/hadrien/altera/15.0/nios2eds/bin/gnu/H-x86_64-pc-linux-gnu/bin/../lib/gcc/nios2-elf/4.9.1/../../../../../H-x86_64-pc-linux-gnu/nios2-elf/lib/libc.a(lib_a-s_fpclassify.o)
 .data          0x0000000000010b40        0x0 /home/hadrien/altera/15.0/nios2eds/bin/gnu/H-x86_64-pc-linux-gnu/bin/../lib/gcc/nios2-elf/4.9.1/../../../../../H-x86_64-pc-linux-gnu/nios2-elf/lib/libc.a(lib_a-stdio.o)
 .data          0x0000000000010b40        0x0 /home/hadrien/altera/15.0/nios2eds/bin/gnu/H-x86_64-pc-linux-gnu/bin/../lib/gcc/nios2-elf/4.9.1/../../../../../H-x86_64-pc-linux-gnu/nios2-elf/lib/libc.a(lib_a-strcmp.o)
 .data          0x0000000000010b40        0x0 /home/hadrien/altera/15.0/nios2eds/bin/gnu/H-x86_64-pc-linux-gnu/bin/../lib/gcc/nios2-elf/4.9.1/../../../../../H-x86_64-pc-linux-gnu/nios2-elf/lib/libc.a(lib_a-vfiprintf.o)
 .data          0x0000000000010b40        0x0 /home/hadrien/altera/15.0/nios2eds/bin/gnu/H-x86_64-pc-linux-gnu/bin/../lib/gcc/nios2-elf/4.9.1/../../../../../H-x86_64-pc-linux-gnu/nios2-elf/lib/libc.a(lib_a-writer.o)
 .data          0x0000000000010b40        0x0 /home/hadrien/altera/15.0/nios2eds/bin/gnu/H-x86_64-pc-linux-gnu/bin/../lib/gcc/nios2-elf/4.9.1/../../../../../H-x86_64-pc-linux-gnu/nios2-elf/lib/libc.a(closer.o)
 .data          0x0000000000010b40        0x0 /home/hadrien/altera/15.0/nios2eds/bin/gnu/H-x86_64-pc-linux-gnu/bin/../lib/gcc/nios2-elf/4.9.1/../../../../../H-x86_64-pc-linux-gnu/nios2-elf/lib/libc.a(lib_a-callocr.o)
 .data          0x0000000000010b40        0x0 /home/hadrien/altera/15.0/nios2eds/bin/gnu/H-x86_64-pc-linux-gnu/bin/../lib/gcc/nios2-elf/4.9.1/../../../../../H-x86_64-pc-linux-gnu/nios2-elf/lib/libc.a(lib_a-fclose.o)
 .data          0x0000000000010b40        0x0 /home/hadrien/altera/15.0/nios2eds/bin/gnu/H-x86_64-pc-linux-gnu/bin/../lib/gcc/nios2-elf/4.9.1/../../../../../H-x86_64-pc-linux-gnu/nios2-elf/lib/libc.a(lib_a-fputwc.o)
 .data          0x0000000000010b40        0x0 /home/hadrien/altera/15.0/nios2eds/bin/gnu/H-x86_64-pc-linux-gnu/bin/../lib/gcc/nios2-elf/4.9.1/../../../../../H-x86_64-pc-linux-gnu/nios2-elf/lib/libc.a(lib_a-fstatr.o)
 .data          0x0000000000010b40        0x0 /home/hadrien/altera/15.0/nios2eds/bin/gnu/H-x86_64-pc-linux-gnu/bin/../lib/gcc/nios2-elf/4.9.1/../../../../../H-x86_64-pc-linux-gnu/nios2-elf/lib/libc.a(lib_a-isattyr.o)
 .data          0x0000000000010b40        0x0 /home/hadrien/altera/15.0/nios2eds/bin/gnu/H-x86_64-pc-linux-gnu/bin/../lib/gcc/nios2-elf/4.9.1/../../../../../H-x86_64-pc-linux-gnu/nios2-elf/lib/libc.a(lib_a-lseekr.o)
 .data          0x0000000000010b40        0x0 /home/hadrien/altera/15.0/nios2eds/bin/gnu/H-x86_64-pc-linux-gnu/bin/../lib/gcc/nios2-elf/4.9.1/../../../../../H-x86_64-pc-linux-gnu/nios2-elf/lib/libc.a(lib_a-readr.o)
 .data          0x0000000000010b40        0x0 /home/hadrien/altera/15.0/nios2eds/bin/gnu/H-x86_64-pc-linux-gnu/bin/../lib/gcc/nios2-elf/4.9.1/../../../../../H-x86_64-pc-linux-gnu/nios2-elf/lib/libc.a(lib_a-wcrtomb.o)
 .data          0x0000000000010b40        0x0 /home/hadrien/altera/15.0/nios2eds/bin/gnu/H-x86_64-pc-linux-gnu/bin/../lib/gcc/nios2-elf/4.9.1/../../../../../H-x86_64-pc-linux-gnu/nios2-elf/lib/libc.a(lib_a-wctomb_r.o)
 .data          0x0000000000010b40        0x0 /home/hadrien/altera/15.0/nios2eds/bin/gnu/H-x86_64-pc-linux-gnu/bin/../lib/gcc/nios2-elf/4.9.1/libgcc.a(_udivdi3.o)
 .data          0x0000000000010b40        0x0 /home/hadrien/altera/15.0/nios2eds/bin/gnu/H-x86_64-pc-linux-gnu/bin/../lib/gcc/nios2-elf/4.9.1/libgcc.a(_umoddi3.o)
 .data          0x0000000000010b40        0x0 /home/hadrien/altera/15.0/nios2eds/bin/gnu/H-x86_64-pc-linux-gnu/bin/../lib/gcc/nios2-elf/4.9.1/libgcc.a(adddf3.o)
 .data          0x0000000000010b40        0x0 /home/hadrien/altera/15.0/nios2eds/bin/gnu/H-x86_64-pc-linux-gnu/bin/../lib/gcc/nios2-elf/4.9.1/libgcc.a(divdf3.o)
 .data          0x0000000000010b40        0x0 /home/hadrien/altera/15.0/nios2eds/bin/gnu/H-x86_64-pc-linux-gnu/bin/../lib/gcc/nios2-elf/4.9.1/libgcc.a(eqdf2.o)
 .data          0x0000000000010b40        0x0 /home/hadrien/altera/15.0/nios2eds/bin/gnu/H-x86_64-pc-linux-gnu/bin/../lib/gcc/nios2-elf/4.9.1/libgcc.a(gedf2.o)
 .data          0x0000000000010b40        0x0 /home/hadrien/altera/15.0/nios2eds/bin/gnu/H-x86_64-pc-linux-gnu/bin/../lib/gcc/nios2-elf/4.9.1/libgcc.a(ledf2.o)
 .data          0x0000000000010b40        0x0 /home/hadrien/altera/15.0/nios2eds/bin/gnu/H-x86_64-pc-linux-gnu/bin/../lib/gcc/nios2-elf/4.9.1/libgcc.a(muldf3.o)
 .data          0x0000000000010b40        0x0 /home/hadrien/altera/15.0/nios2eds/bin/gnu/H-x86_64-pc-linux-gnu/bin/../lib/gcc/nios2-elf/4.9.1/libgcc.a(subdf3.o)
 .data          0x0000000000010b40        0x0 /home/hadrien/altera/15.0/nios2eds/bin/gnu/H-x86_64-pc-linux-gnu/bin/../lib/gcc/nios2-elf/4.9.1/libgcc.a(fixdfsi.o)
 .data          0x0000000000010b40        0x0 /home/hadrien/altera/15.0/nios2eds/bin/gnu/H-x86_64-pc-linux-gnu/bin/../lib/gcc/nios2-elf/4.9.1/libgcc.a(floatsidf.o)
 .data          0x0000000000010b40        0x0 /home/hadrien/altera/15.0/nios2eds/bin/gnu/H-x86_64-pc-linux-gnu/bin/../lib/gcc/nios2-elf/4.9.1/libgcc.a(floatunsidf.o)
 .data          0x0000000000010b40        0x0 /home/hadrien/altera/15.0/nios2eds/bin/gnu/H-x86_64-pc-linux-gnu/bin/../lib/gcc/nios2-elf/4.9.1/libgcc.a(_clz.o)
 .data          0x0000000000010b40        0x0 /home/hadrien/altera/15.0/nios2eds/bin/gnu/H-x86_64-pc-linux-gnu/bin/../lib/gcc/nios2-elf/4.9.1/libgcc.a(_clzsi2.o)
 .data          0x0000000000010b40        0x0 /data/workspace/ES/lab03/software/camera_app_bsp//libhal_bsp.a(alt_close.o)
 .data          0x0000000000010b40      0x1a8 /data/workspace/ES/lab03/software/camera_app_bsp//libhal_bsp.a(alt_dev.o)
                0x0000000000010b40                alt_dev_null
                0x0000000000010b68                alt_fd_list
 .data          0x0000000000010ce8        0x0 /data/workspace/ES/lab03/software/camera_app_bsp//libhal_bsp.a(alt_errno.o)
 .data          0x0000000000010ce8        0x0 /data/workspace/ES/lab03/software/camera_app_bsp//libhal_bsp.a(alt_fstat.o)
 .data          0x0000000000010ce8        0x0 /data/workspace/ES/lab03/software/camera_app_bsp//libhal_bsp.a(alt_isatty.o)
 .data          0x0000000000010ce8        0x0 /data/workspace/ES/lab03/software/camera_app_bsp//libhal_bsp.a(alt_load.o)
 .data          0x0000000000010ce8        0x0 /data/workspace/ES/lab03/software/camera_app_bsp//libhal_bsp.a(alt_lseek.o)
 .data          0x0000000000010ce8        0x0 /data/workspace/ES/lab03/software/camera_app_bsp//libhal_bsp.a(alt_main.o)
 .data          0x0000000000010ce8        0x0 /data/workspace/ES/lab03/software/camera_app_bsp//libhal_bsp.a(alt_malloc_lock.o)
 .data          0x0000000000010ce8        0x0 /data/workspace/ES/lab03/software/camera_app_bsp//libhal_bsp.a(alt_read.o)
 .data          0x0000000000010ce8        0x0 /data/workspace/ES/lab03/software/camera_app_bsp//libhal_bsp.a(alt_release_fd.o)
 .data          0x0000000000010ce8        0x0 /data/workspace/ES/lab03/software/camera_app_bsp//libhal_bsp.a(alt_sbrk.o)
 .data          0x0000000000010ce8        0x0 /data/workspace/ES/lab03/software/camera_app_bsp//libhal_bsp.a(alt_usleep.o)
 .data          0x0000000000010ce8        0x0 /data/workspace/ES/lab03/software/camera_app_bsp//libhal_bsp.a(alt_write.o)
 .data          0x0000000000010ce8     0x1060 /data/workspace/ES/lab03/software/camera_app_bsp//libhal_bsp.a(alt_sys_init.o)
 .data          0x0000000000011d48        0x0 /data/workspace/ES/lab03/software/camera_app_bsp//libhal_bsp.a(altera_avalon_jtag_uart_fd.o)
 .data          0x0000000000011d48        0x0 /data/workspace/ES/lab03/software/camera_app_bsp//libhal_bsp.a(altera_avalon_jtag_uart_init.o)
 .data          0x0000000000011d48        0x0 /data/workspace/ES/lab03/software/camera_app_bsp//libhal_bsp.a(altera_avalon_jtag_uart_ioctl.o)
 .data          0x0000000000011d48        0x0 /data/workspace/ES/lab03/software/camera_app_bsp//libhal_bsp.a(altera_avalon_jtag_uart_read.o)
 .data          0x0000000000011d48        0x0 /data/workspace/ES/lab03/software/camera_app_bsp//libhal_bsp.a(altera_avalon_jtag_uart_write.o)
 .data          0x0000000000011d48        0x0 /data/workspace/ES/lab03/software/camera_app_bsp//libhal_bsp.a(alt_alarm_start.o)
 .data          0x0000000000011d48        0x0 /data/workspace/ES/lab03/software/camera_app_bsp//libhal_bsp.a(alt_busy_sleep.o)
 .data          0x0000000000011d48        0x0 /data/workspace/ES/lab03/software/camera_app_bsp//libhal_bsp.a(alt_dcache_flush_all.o)
 .data          0x0000000000011d48        0x0 /data/workspace/ES/lab03/software/camera_app_bsp//libhal_bsp.a(alt_dev_llist_insert.o)
 .data          0x0000000000011d48        0x0 /data/workspace/ES/lab03/software/camera_app_bsp//libhal_bsp.a(alt_do_ctors.o)
 .data          0x0000000000011d48        0x0 /data/workspace/ES/lab03/software/camera_app_bsp//libhal_bsp.a(alt_do_dtors.o)
 .data          0x0000000000011d48        0x0 /data/workspace/ES/lab03/software/camera_app_bsp//libhal_bsp.a(alt_icache_flush_all.o)
 .data          0x0000000000011d48        0x0 /data/workspace/ES/lab03/software/camera_app_bsp//libhal_bsp.a(alt_iic.o)
 .data          0x0000000000011d48        0x0 /data/workspace/ES/lab03/software/camera_app_bsp//libhal_bsp.a(alt_iic_isr_register.o)
 .data          0x0000000000011d48        0x0 /data/workspace/ES/lab03/software/camera_app_bsp//libhal_bsp.a(alt_io_redirect.o)
 .data          0x0000000000011d48        0x0 /data/workspace/ES/lab03/software/camera_app_bsp//libhal_bsp.a(alt_irq_entry.o)
 .data          0x0000000000011d48        0x0 /data/workspace/ES/lab03/software/camera_app_bsp//libhal_bsp.a(alt_irq_handler.o)
 .data          0x0000000000011d48        0x0 /data/workspace/ES/lab03/software/camera_app_bsp//libhal_bsp.a(alt_irq_vars.o)
 .data          0x0000000000011d48        0x0 /data/workspace/ES/lab03/software/camera_app_bsp//libhal_bsp.a(alt_open.o)
 .data          0x0000000000011d48        0x0 /data/workspace/ES/lab03/software/camera_app_bsp//libhal_bsp.a(alt_tick.o)
 .data          0x0000000000011d48        0x0 /data/workspace/ES/lab03/software/camera_app_bsp//libhal_bsp.a(altera_nios2_qsys_irq.o)
 .data          0x0000000000011d48        0x0 /data/workspace/ES/lab03/software/camera_app_bsp//libhal_bsp.a(alt_exception_entry.o)
 .data          0x0000000000011d48        0x0 /data/workspace/ES/lab03/software/camera_app_bsp//libhal_bsp.a(alt_find_dev.o)
 .data          0x0000000000011d48        0x0 /data/workspace/ES/lab03/software/camera_app_bsp//libhal_bsp.a(alt_find_file.o)
 .data          0x0000000000011d48        0x0 /data/workspace/ES/lab03/software/camera_app_bsp//libhal_bsp.a(alt_get_fd.o)
 .data          0x0000000000011d48        0x0 /data/workspace/ES/lab03/software/camera_app_bsp//libhal_bsp.a(alt_icache_flush.o)
 .data          0x0000000000011d48        0x0 /home/hadrien/altera/15.0/nios2eds/bin/gnu/H-x86_64-pc-linux-gnu/bin/../lib/gcc/nios2-elf/4.9.1/../../../../../H-x86_64-pc-linux-gnu/nios2-elf/lib/libc.a(lib_a-atexit.o)
 .data          0x0000000000011d48        0x0 /home/hadrien/altera/15.0/nios2eds/bin/gnu/H-x86_64-pc-linux-gnu/bin/../lib/gcc/nios2-elf/4.9.1/../../../../../H-x86_64-pc-linux-gnu/nios2-elf/lib/libc.a(lib_a-exit.o)
 .data          0x0000000000011d48        0x0 /home/hadrien/altera/15.0/nios2eds/bin/gnu/H-x86_64-pc-linux-gnu/bin/../lib/gcc/nios2-elf/4.9.1/../../../../../H-x86_64-pc-linux-gnu/nios2-elf/lib/libc.a(lib_a-memcmp.o)
 .data          0x0000000000011d48        0x0 /home/hadrien/altera/15.0/nios2eds/bin/gnu/H-x86_64-pc-linux-gnu/bin/../lib/gcc/nios2-elf/4.9.1/../../../../../H-x86_64-pc-linux-gnu/nios2-elf/lib/libc.a(lib_a-__atexit.o)
 .data          0x0000000000011d48        0x0 /home/hadrien/altera/15.0/nios2eds/bin/gnu/H-x86_64-pc-linux-gnu/bin/../lib/gcc/nios2-elf/4.9.1/../../../../../H-x86_64-pc-linux-gnu/nios2-elf/lib/libc.a(lib_a-__call_atexit.o)
 .data          0x0000000000011d48        0x0 /data/workspace/ES/lab03/software/camera_app_bsp//libhal_bsp.a(alt_exit.o)
                0x0000000000019d48                _gp = ABSOLUTE ((. + 0x8000))
                0x0000000000019d48                PROVIDE (gp, _gp)
 *(.rwdata .rwdata.*)
 *(.sdata .sdata.* .gnu.linkonce.s.*)
 .sdata         0x0000000000011d48        0x8 /home/hadrien/altera/15.0/nios2eds/bin/gnu/H-x86_64-pc-linux-gnu/bin/../lib/gcc/nios2-elf/4.9.1/../../../../../H-x86_64-pc-linux-gnu/nios2-elf/lib/libc.a(lib_a-impure.o)
                0x0000000000011d48                _global_impure_ptr
                0x0000000000011d4c                _impure_ptr
 .sdata         0x0000000000011d50        0x8 /home/hadrien/altera/15.0/nios2eds/bin/gnu/H-x86_64-pc-linux-gnu/bin/../lib/gcc/nios2-elf/4.9.1/../../../../../H-x86_64-pc-linux-gnu/nios2-elf/lib/libc.a(lib_a-mallocr.o)
                0x0000000000011d50                __malloc_sbrk_base
                0x0000000000011d54                __malloc_trim_threshold
 .sdata         0x0000000000011d58        0x4 /home/hadrien/altera/15.0/nios2eds/bin/gnu/H-x86_64-pc-linux-gnu/bin/../lib/gcc/nios2-elf/4.9.1/../../../../../H-x86_64-pc-linux-gnu/nios2-elf/lib/libc.a(lib_a-locale.o)
                0x0000000000011d58                __mb_cur_max
 .sdata         0x0000000000011d5c        0x4 /home/hadrien/altera/15.0/nios2eds/bin/gnu/H-x86_64-pc-linux-gnu/bin/../lib/gcc/nios2-elf/4.9.1/../../../../../H-x86_64-pc-linux-gnu/nios2-elf/lib/libc.a(lib_a-wctomb_r.o)
                0x0000000000011d5c                __wctomb
 .sdata         0x0000000000011d60       0x14 /data/workspace/ES/lab03/software/camera_app_bsp//libhal_bsp.a(alt_dev.o)
                0x0000000000011d60                alt_fs_list
                0x0000000000011d68                alt_dev_list
                0x0000000000011d70                alt_max_fd
 .sdata         0x0000000000011d74        0x4 /data/workspace/ES/lab03/software/camera_app_bsp//libhal_bsp.a(alt_errno.o)
                0x0000000000011d74                alt_errno
 .sdata         0x0000000000011d78        0x4 /data/workspace/ES/lab03/software/camera_app_bsp//libhal_bsp.a(alt_sbrk.o)
 .sdata         0x0000000000011d7c        0x4 /data/workspace/ES/lab03/software/camera_app_bsp//libhal_bsp.a(alt_irq_vars.o)
                0x0000000000011d7c                alt_priority_mask
 .sdata         0x0000000000011d80        0x8 /data/workspace/ES/lab03/software/camera_app_bsp//libhal_bsp.a(alt_tick.o)
                0x0000000000011d80                alt_alarm_list
 *(.sdata2 .sdata2.* .gnu.linkonce.s2.*)
                0x0000000000011d88                . = ALIGN (0x4)
                0x0000000000011d88                _edata = ABSOLUTE (.)
                0x0000000000011d88                PROVIDE (edata, ABSOLUTE (.))
                0x0000000000011d88                PROVIDE (__ram_rwdata_end, ABSOLUTE (.))
                0x0000000000011d88                PROVIDE (__flash_rwdata_start, LOADADDR (.rwdata))

.bss            0x0000000000013874      0x15c
                0x0000000000013874                __bss_start = ABSOLUTE (.)
                0x0000000000013874                PROVIDE (__sbss_start, ABSOLUTE (.))
                0x0000000000013874                PROVIDE (___sbss_start, ABSOLUTE (.))
 *(.dynsbss)
 *(.sbss .sbss.* .gnu.linkonce.sb.*)
 .sbss          0x0000000000013874        0xc /home/hadrien/altera/15.0/nios2eds/bin/gnu/H-x86_64-pc-linux-gnu/bin/../lib/gcc/nios2-elf/4.9.1/../../../../../H-x86_64-pc-linux-gnu/nios2-elf/lib/libc.a(lib_a-mallocr.o)
                0x0000000000013874                __malloc_max_total_mem
                0x0000000000013878                __malloc_max_sbrked_mem
                0x000000000001387c                __malloc_top_pad
 .sbss          0x0000000000013880        0x4 /home/hadrien/altera/15.0/nios2eds/bin/gnu/H-x86_64-pc-linux-gnu/bin/../lib/gcc/nios2-elf/4.9.1/../../../../../H-x86_64-pc-linux-gnu/nios2-elf/lib/libc.a(lib_a-int_errno.o)
                0x0000000000013880                errno
 .sbss          0x0000000000013884        0xc /home/hadrien/altera/15.0/nios2eds/bin/gnu/H-x86_64-pc-linux-gnu/bin/../lib/gcc/nios2-elf/4.9.1/../../../../../H-x86_64-pc-linux-gnu/nios2-elf/lib/libc.a(lib_a-locale.o)
                0x0000000000013884                _PathLocale
                0x0000000000013888                __mlocale_changed
                0x000000000001388c                __nlocale_changed
 .sbss          0x0000000000013890        0xc /data/workspace/ES/lab03/software/camera_app_bsp//libhal_bsp.a(alt_main.o)
                0x0000000000013890                alt_argc
                0x0000000000013894                alt_argv
                0x0000000000013898                alt_envp
 .sbss          0x000000000001389c        0x4 /data/workspace/ES/lab03/software/camera_app_bsp//libhal_bsp.a(alt_irq_vars.o)
                0x000000000001389c                alt_irq_active
 .sbss          0x00000000000138a0        0x8 /data/workspace/ES/lab03/software/camera_app_bsp//libhal_bsp.a(alt_tick.o)
                0x00000000000138a0                _alt_tick_rate
                0x00000000000138a4                _alt_nticks
 *(.sbss2 .sbss2.* .gnu.linkonce.sb2.*)
 *(.scommon)
                0x00000000000138a8                PROVIDE (__sbss_end, ABSOLUTE (.))
                0x00000000000138a8                PROVIDE (___sbss_end, ABSOLUTE (.))
 *(.dynbss)
 *(.bss .bss.* .gnu.linkonce.b.*)
 .bss           0x00000000000138a8        0x0 /data/workspace/ES/lab03/software/camera_app_bsp//obj/HAL/src/crt0.o
 .bss           0x00000000000138a8        0x0 obj/default/hello_world.o
 .bss           0x00000000000138a8        0x0 obj/default/i2c/i2c.o
 .bss           0x00000000000138a8        0x0 /home/hadrien/altera/15.0/nios2eds/bin/gnu/H-x86_64-pc-linux-gnu/bin/../lib/gcc/nios2-elf/4.9.1/libgcc.a(lib2-divmod.o)
 .bss           0x00000000000138a8        0x0 /home/hadrien/altera/15.0/nios2eds/bin/gnu/H-x86_64-pc-linux-gnu/bin/../lib/gcc/nios2-elf/4.9.1/../../../../../H-x86_64-pc-linux-gnu/nios2-elf/lib/libc.a(lib_a-impure.o)
 .bss           0x00000000000138a8        0x0 /home/hadrien/altera/15.0/nios2eds/bin/gnu/H-x86_64-pc-linux-gnu/bin/../lib/gcc/nios2-elf/4.9.1/../../../../../H-x86_64-pc-linux-gnu/nios2-elf/lib/libc.a(lib_a-malloc.o)
 .bss           0x00000000000138a8       0x28 /home/hadrien/altera/15.0/nios2eds/bin/gnu/H-x86_64-pc-linux-gnu/bin/../lib/gcc/nios2-elf/4.9.1/../../../../../H-x86_64-pc-linux-gnu/nios2-elf/lib/libc.a(lib_a-mallocr.o)
                0x00000000000138a8                __malloc_current_mallinfo
 .bss           0x00000000000138d0        0x0 /home/hadrien/altera/15.0/nios2eds/bin/gnu/H-x86_64-pc-linux-gnu/bin/../lib/gcc/nios2-elf/4.9.1/../../../../../H-x86_64-pc-linux-gnu/nios2-elf/lib/libc.a(lib_a-printf.o)
 .bss           0x00000000000138d0        0x0 /home/hadrien/altera/15.0/nios2eds/bin/gnu/H-x86_64-pc-linux-gnu/bin/../lib/gcc/nios2-elf/4.9.1/../../../../../H-x86_64-pc-linux-gnu/nios2-elf/lib/libc.a(lib_a-putc.o)
 .bss           0x00000000000138d0        0x0 /home/hadrien/altera/15.0/nios2eds/bin/gnu/H-x86_64-pc-linux-gnu/bin/../lib/gcc/nios2-elf/4.9.1/../../../../../H-x86_64-pc-linux-gnu/nios2-elf/lib/libc.a(lib_a-puts.o)
 .bss           0x00000000000138d0        0x0 /home/hadrien/altera/15.0/nios2eds/bin/gnu/H-x86_64-pc-linux-gnu/bin/../lib/gcc/nios2-elf/4.9.1/../../../../../H-x86_64-pc-linux-gnu/nios2-elf/lib/libc.a(lib_a-realloc.o)
 .bss           0x00000000000138d0        0x0 /home/hadrien/altera/15.0/nios2eds/bin/gnu/H-x86_64-pc-linux-gnu/bin/../lib/gcc/nios2-elf/4.9.1/../../../../../H-x86_64-pc-linux-gnu/nios2-elf/lib/libc.a(lib_a-reallocr.o)
 .bss           0x00000000000138d0        0x0 /home/hadrien/altera/15.0/nios2eds/bin/gnu/H-x86_64-pc-linux-gnu/bin/../lib/gcc/nios2-elf/4.9.1/../../../../../H-x86_64-pc-linux-gnu/nios2-elf/lib/libc.a(lib_a-sbrkr.o)
 .bss           0x00000000000138d0        0x0 /home/hadrien/altera/15.0/nios2eds/bin/gnu/H-x86_64-pc-linux-gnu/bin/../lib/gcc/nios2-elf/4.9.1/../../../../../H-x86_64-pc-linux-gnu/nios2-elf/lib/libc.a(lib_a-strlen.o)
 .bss           0x00000000000138d0        0x0 /home/hadrien/altera/15.0/nios2eds/bin/gnu/H-x86_64-pc-linux-gnu/bin/../lib/gcc/nios2-elf/4.9.1/../../../../../H-x86_64-pc-linux-gnu/nios2-elf/lib/libc.a(lib_a-vfprintf.o)
 .bss           0x00000000000138d0        0x0 /home/hadrien/altera/15.0/nios2eds/bin/gnu/H-x86_64-pc-linux-gnu/bin/../lib/gcc/nios2-elf/4.9.1/../../../../../H-x86_64-pc-linux-gnu/nios2-elf/lib/libc.a(lib_a-wbuf.o)
 .bss           0x00000000000138d0        0x0 /home/hadrien/altera/15.0/nios2eds/bin/gnu/H-x86_64-pc-linux-gnu/bin/../lib/gcc/nios2-elf/4.9.1/../../../../../H-x86_64-pc-linux-gnu/nios2-elf/lib/libc.a(lib_a-wsetup.o)
 .bss           0x00000000000138d0        0x0 /home/hadrien/altera/15.0/nios2eds/bin/gnu/H-x86_64-pc-linux-gnu/bin/../lib/gcc/nios2-elf/4.9.1/../../../../../H-x86_64-pc-linux-gnu/nios2-elf/lib/libc.a(lib_a-dtoa.o)
 .bss           0x00000000000138d0        0x0 /home/hadrien/altera/15.0/nios2eds/bin/gnu/H-x86_64-pc-linux-gnu/bin/../lib/gcc/nios2-elf/4.9.1/../../../../../H-x86_64-pc-linux-gnu/nios2-elf/lib/libc.a(lib_a-fflush.o)
 .bss           0x00000000000138d0        0x0 /home/hadrien/altera/15.0/nios2eds/bin/gnu/H-x86_64-pc-linux-gnu/bin/../lib/gcc/nios2-elf/4.9.1/../../../../../H-x86_64-pc-linux-gnu/nios2-elf/lib/libc.a(lib_a-findfp.o)
 .bss           0x00000000000138d0        0x0 /home/hadrien/altera/15.0/nios2eds/bin/gnu/H-x86_64-pc-linux-gnu/bin/../lib/gcc/nios2-elf/4.9.1/../../../../../H-x86_64-pc-linux-gnu/nios2-elf/lib/libc.a(lib_a-freer.o)
 .bss           0x00000000000138d0        0x0 /home/hadrien/altera/15.0/nios2eds/bin/gnu/H-x86_64-pc-linux-gnu/bin/../lib/gcc/nios2-elf/4.9.1/../../../../../H-x86_64-pc-linux-gnu/nios2-elf/lib/libc.a(lib_a-fvwrite.o)
 .bss           0x00000000000138d0        0x0 /home/hadrien/altera/15.0/nios2eds/bin/gnu/H-x86_64-pc-linux-gnu/bin/../lib/gcc/nios2-elf/4.9.1/../../../../../H-x86_64-pc-linux-gnu/nios2-elf/lib/libc.a(lib_a-fwalk.o)
 .bss           0x00000000000138d0        0x0 /home/hadrien/altera/15.0/nios2eds/bin/gnu/H-x86_64-pc-linux-gnu/bin/../lib/gcc/nios2-elf/4.9.1/../../../../../H-x86_64-pc-linux-gnu/nios2-elf/lib/libc.a(lib_a-int_errno.o)
 .bss           0x00000000000138d0        0x0 /home/hadrien/altera/15.0/nios2eds/bin/gnu/H-x86_64-pc-linux-gnu/bin/../lib/gcc/nios2-elf/4.9.1/../../../../../H-x86_64-pc-linux-gnu/nios2-elf/lib/libc.a(lib_a-locale.o)
 .bss           0x00000000000138d0        0x0 /home/hadrien/altera/15.0/nios2eds/bin/gnu/H-x86_64-pc-linux-gnu/bin/../lib/gcc/nios2-elf/4.9.1/../../../../../H-x86_64-pc-linux-gnu/nios2-elf/lib/libc.a(lib_a-makebuf.o)
 .bss           0x00000000000138d0        0x0 /home/hadrien/altera/15.0/nios2eds/bin/gnu/H-x86_64-pc-linux-gnu/bin/../lib/gcc/nios2-elf/4.9.1/../../../../../H-x86_64-pc-linux-gnu/nios2-elf/lib/libc.a(lib_a-memchr.o)
 .bss           0x00000000000138d0        0x0 /home/hadrien/altera/15.0/nios2eds/bin/gnu/H-x86_64-pc-linux-gnu/bin/../lib/gcc/nios2-elf/4.9.1/../../../../../H-x86_64-pc-linux-gnu/nios2-elf/lib/libc.a(lib_a-memcpy.o)
 .bss           0x00000000000138d0        0x0 /home/hadrien/altera/15.0/nios2eds/bin/gnu/H-x86_64-pc-linux-gnu/bin/../lib/gcc/nios2-elf/4.9.1/../../../../../H-x86_64-pc-linux-gnu/nios2-elf/lib/libc.a(lib_a-memmove.o)
 .bss           0x00000000000138d0        0x0 /home/hadrien/altera/15.0/nios2eds/bin/gnu/H-x86_64-pc-linux-gnu/bin/../lib/gcc/nios2-elf/4.9.1/../../../../../H-x86_64-pc-linux-gnu/nios2-elf/lib/libc.a(lib_a-memset.o)
 .bss           0x00000000000138d0        0x0 /home/hadrien/altera/15.0/nios2eds/bin/gnu/H-x86_64-pc-linux-gnu/bin/../lib/gcc/nios2-elf/4.9.1/../../../../../H-x86_64-pc-linux-gnu/nios2-elf/lib/libc.a(lib_a-mprec.o)
 .bss           0x00000000000138d0        0x0 /home/hadrien/altera/15.0/nios2eds/bin/gnu/H-x86_64-pc-linux-gnu/bin/../lib/gcc/nios2-elf/4.9.1/../../../../../H-x86_64-pc-linux-gnu/nios2-elf/lib/libc.a(lib_a-s_fpclassify.o)
 .bss           0x00000000000138d0        0x0 /home/hadrien/altera/15.0/nios2eds/bin/gnu/H-x86_64-pc-linux-gnu/bin/../lib/gcc/nios2-elf/4.9.1/../../../../../H-x86_64-pc-linux-gnu/nios2-elf/lib/libc.a(lib_a-stdio.o)
 .bss           0x00000000000138d0        0x0 /home/hadrien/altera/15.0/nios2eds/bin/gnu/H-x86_64-pc-linux-gnu/bin/../lib/gcc/nios2-elf/4.9.1/../../../../../H-x86_64-pc-linux-gnu/nios2-elf/lib/libc.a(lib_a-strcmp.o)
 .bss           0x00000000000138d0        0x0 /home/hadrien/altera/15.0/nios2eds/bin/gnu/H-x86_64-pc-linux-gnu/bin/../lib/gcc/nios2-elf/4.9.1/../../../../../H-x86_64-pc-linux-gnu/nios2-elf/lib/libc.a(lib_a-vfiprintf.o)
 .bss           0x00000000000138d0        0x0 /home/hadrien/altera/15.0/nios2eds/bin/gnu/H-x86_64-pc-linux-gnu/bin/../lib/gcc/nios2-elf/4.9.1/../../../../../H-x86_64-pc-linux-gnu/nios2-elf/lib/libc.a(lib_a-writer.o)
 .bss           0x00000000000138d0        0x0 /home/hadrien/altera/15.0/nios2eds/bin/gnu/H-x86_64-pc-linux-gnu/bin/../lib/gcc/nios2-elf/4.9.1/../../../../../H-x86_64-pc-linux-gnu/nios2-elf/lib/libc.a(closer.o)
 .bss           0x00000000000138d0        0x0 /home/hadrien/altera/15.0/nios2eds/bin/gnu/H-x86_64-pc-linux-gnu/bin/../lib/gcc/nios2-elf/4.9.1/../../../../../H-x86_64-pc-linux-gnu/nios2-elf/lib/libc.a(lib_a-callocr.o)
 .bss           0x00000000000138d0        0x0 /home/hadrien/altera/15.0/nios2eds/bin/gnu/H-x86_64-pc-linux-gnu/bin/../lib/gcc/nios2-elf/4.9.1/../../../../../H-x86_64-pc-linux-gnu/nios2-elf/lib/libc.a(lib_a-fclose.o)
 .bss           0x00000000000138d0        0x0 /home/hadrien/altera/15.0/nios2eds/bin/gnu/H-x86_64-pc-linux-gnu/bin/../lib/gcc/nios2-elf/4.9.1/../../../../../H-x86_64-pc-linux-gnu/nios2-elf/lib/libc.a(lib_a-fputwc.o)
 .bss           0x00000000000138d0        0x0 /home/hadrien/altera/15.0/nios2eds/bin/gnu/H-x86_64-pc-linux-gnu/bin/../lib/gcc/nios2-elf/4.9.1/../../../../../H-x86_64-pc-linux-gnu/nios2-elf/lib/libc.a(lib_a-fstatr.o)
 .bss           0x00000000000138d0        0x0 /home/hadrien/altera/15.0/nios2eds/bin/gnu/H-x86_64-pc-linux-gnu/bin/../lib/gcc/nios2-elf/4.9.1/../../../../../H-x86_64-pc-linux-gnu/nios2-elf/lib/libc.a(lib_a-isattyr.o)
 .bss           0x00000000000138d0        0x0 /home/hadrien/altera/15.0/nios2eds/bin/gnu/H-x86_64-pc-linux-gnu/bin/../lib/gcc/nios2-elf/4.9.1/../../../../../H-x86_64-pc-linux-gnu/nios2-elf/lib/libc.a(lib_a-lseekr.o)
 .bss           0x00000000000138d0        0x0 /home/hadrien/altera/15.0/nios2eds/bin/gnu/H-x86_64-pc-linux-gnu/bin/../lib/gcc/nios2-elf/4.9.1/../../../../../H-x86_64-pc-linux-gnu/nios2-elf/lib/libc.a(lib_a-readr.o)
 .bss           0x00000000000138d0        0x0 /home/hadrien/altera/15.0/nios2eds/bin/gnu/H-x86_64-pc-linux-gnu/bin/../lib/gcc/nios2-elf/4.9.1/../../../../../H-x86_64-pc-linux-gnu/nios2-elf/lib/libc.a(lib_a-wcrtomb.o)
 .bss           0x00000000000138d0        0x0 /home/hadrien/altera/15.0/nios2eds/bin/gnu/H-x86_64-pc-linux-gnu/bin/../lib/gcc/nios2-elf/4.9.1/../../../../../H-x86_64-pc-linux-gnu/nios2-elf/lib/libc.a(lib_a-wctomb_r.o)
 .bss           0x00000000000138d0        0x0 /home/hadrien/altera/15.0/nios2eds/bin/gnu/H-x86_64-pc-linux-gnu/bin/../lib/gcc/nios2-elf/4.9.1/libgcc.a(_udivdi3.o)
 .bss           0x00000000000138d0        0x0 /home/hadrien/altera/15.0/nios2eds/bin/gnu/H-x86_64-pc-linux-gnu/bin/../lib/gcc/nios2-elf/4.9.1/libgcc.a(_umoddi3.o)
 .bss           0x00000000000138d0        0x0 /home/hadrien/altera/15.0/nios2eds/bin/gnu/H-x86_64-pc-linux-gnu/bin/../lib/gcc/nios2-elf/4.9.1/libgcc.a(adddf3.o)
 .bss           0x00000000000138d0        0x0 /home/hadrien/altera/15.0/nios2eds/bin/gnu/H-x86_64-pc-linux-gnu/bin/../lib/gcc/nios2-elf/4.9.1/libgcc.a(divdf3.o)
 .bss           0x00000000000138d0        0x0 /home/hadrien/altera/15.0/nios2eds/bin/gnu/H-x86_64-pc-linux-gnu/bin/../lib/gcc/nios2-elf/4.9.1/libgcc.a(eqdf2.o)
 .bss           0x00000000000138d0        0x0 /home/hadrien/altera/15.0/nios2eds/bin/gnu/H-x86_64-pc-linux-gnu/bin/../lib/gcc/nios2-elf/4.9.1/libgcc.a(gedf2.o)
 .bss           0x00000000000138d0        0x0 /home/hadrien/altera/15.0/nios2eds/bin/gnu/H-x86_64-pc-linux-gnu/bin/../lib/gcc/nios2-elf/4.9.1/libgcc.a(ledf2.o)
 .bss           0x00000000000138d0        0x0 /home/hadrien/altera/15.0/nios2eds/bin/gnu/H-x86_64-pc-linux-gnu/bin/../lib/gcc/nios2-elf/4.9.1/libgcc.a(muldf3.o)
 .bss           0x00000000000138d0        0x0 /home/hadrien/altera/15.0/nios2eds/bin/gnu/H-x86_64-pc-linux-gnu/bin/../lib/gcc/nios2-elf/4.9.1/libgcc.a(subdf3.o)
 .bss           0x00000000000138d0        0x0 /home/hadrien/altera/15.0/nios2eds/bin/gnu/H-x86_64-pc-linux-gnu/bin/../lib/gcc/nios2-elf/4.9.1/libgcc.a(fixdfsi.o)
 .bss           0x00000000000138d0        0x0 /home/hadrien/altera/15.0/nios2eds/bin/gnu/H-x86_64-pc-linux-gnu/bin/../lib/gcc/nios2-elf/4.9.1/libgcc.a(floatsidf.o)
 .bss           0x00000000000138d0        0x0 /home/hadrien/altera/15.0/nios2eds/bin/gnu/H-x86_64-pc-linux-gnu/bin/../lib/gcc/nios2-elf/4.9.1/libgcc.a(floatunsidf.o)
 .bss           0x00000000000138d0        0x0 /home/hadrien/altera/15.0/nios2eds/bin/gnu/H-x86_64-pc-linux-gnu/bin/../lib/gcc/nios2-elf/4.9.1/libgcc.a(_clz.o)
 .bss           0x00000000000138d0        0x0 /home/hadrien/altera/15.0/nios2eds/bin/gnu/H-x86_64-pc-linux-gnu/bin/../lib/gcc/nios2-elf/4.9.1/libgcc.a(_clzsi2.o)
 .bss           0x00000000000138d0        0x0 /data/workspace/ES/lab03/software/camera_app_bsp//libhal_bsp.a(alt_close.o)
 .bss           0x00000000000138d0        0x0 /data/workspace/ES/lab03/software/camera_app_bsp//libhal_bsp.a(alt_dev.o)
 .bss           0x00000000000138d0        0x0 /data/workspace/ES/lab03/software/camera_app_bsp//libhal_bsp.a(alt_errno.o)
 .bss           0x00000000000138d0        0x0 /data/workspace/ES/lab03/software/camera_app_bsp//libhal_bsp.a(alt_fstat.o)
 .bss           0x00000000000138d0        0x0 /data/workspace/ES/lab03/software/camera_app_bsp//libhal_bsp.a(alt_isatty.o)
 .bss           0x00000000000138d0        0x0 /data/workspace/ES/lab03/software/camera_app_bsp//libhal_bsp.a(alt_load.o)
 .bss           0x00000000000138d0        0x0 /data/workspace/ES/lab03/software/camera_app_bsp//libhal_bsp.a(alt_lseek.o)
 .bss           0x00000000000138d0        0x0 /data/workspace/ES/lab03/software/camera_app_bsp//libhal_bsp.a(alt_main.o)
 .bss           0x00000000000138d0        0x0 /data/workspace/ES/lab03/software/camera_app_bsp//libhal_bsp.a(alt_malloc_lock.o)
 .bss           0x00000000000138d0        0x0 /data/workspace/ES/lab03/software/camera_app_bsp//libhal_bsp.a(alt_read.o)
 .bss           0x00000000000138d0        0x0 /data/workspace/ES/lab03/software/camera_app_bsp//libhal_bsp.a(alt_release_fd.o)
 .bss           0x00000000000138d0        0x0 /data/workspace/ES/lab03/software/camera_app_bsp//libhal_bsp.a(alt_sbrk.o)
 .bss           0x00000000000138d0        0x0 /data/workspace/ES/lab03/software/camera_app_bsp//libhal_bsp.a(alt_usleep.o)
 .bss           0x00000000000138d0        0x0 /data/workspace/ES/lab03/software/camera_app_bsp//libhal_bsp.a(alt_write.o)
 .bss           0x00000000000138d0        0x0 /data/workspace/ES/lab03/software/camera_app_bsp//libhal_bsp.a(alt_sys_init.o)
 .bss           0x00000000000138d0        0x0 /data/workspace/ES/lab03/software/camera_app_bsp//libhal_bsp.a(altera_avalon_jtag_uart_fd.o)
 .bss           0x00000000000138d0        0x0 /data/workspace/ES/lab03/software/camera_app_bsp//libhal_bsp.a(altera_avalon_jtag_uart_init.o)
 .bss           0x00000000000138d0        0x0 /data/workspace/ES/lab03/software/camera_app_bsp//libhal_bsp.a(altera_avalon_jtag_uart_ioctl.o)
 .bss           0x00000000000138d0        0x0 /data/workspace/ES/lab03/software/camera_app_bsp//libhal_bsp.a(altera_avalon_jtag_uart_read.o)
 .bss           0x00000000000138d0        0x0 /data/workspace/ES/lab03/software/camera_app_bsp//libhal_bsp.a(altera_avalon_jtag_uart_write.o)
 .bss           0x00000000000138d0        0x0 /data/workspace/ES/lab03/software/camera_app_bsp//libhal_bsp.a(alt_alarm_start.o)
 .bss           0x00000000000138d0        0x0 /data/workspace/ES/lab03/software/camera_app_bsp//libhal_bsp.a(alt_busy_sleep.o)
 .bss           0x00000000000138d0        0x0 /data/workspace/ES/lab03/software/camera_app_bsp//libhal_bsp.a(alt_dcache_flush_all.o)
 .bss           0x00000000000138d0        0x0 /data/workspace/ES/lab03/software/camera_app_bsp//libhal_bsp.a(alt_dev_llist_insert.o)
 .bss           0x00000000000138d0        0x0 /data/workspace/ES/lab03/software/camera_app_bsp//libhal_bsp.a(alt_do_ctors.o)
 .bss           0x00000000000138d0        0x0 /data/workspace/ES/lab03/software/camera_app_bsp//libhal_bsp.a(alt_do_dtors.o)
 .bss           0x00000000000138d0        0x0 /data/workspace/ES/lab03/software/camera_app_bsp//libhal_bsp.a(alt_icache_flush_all.o)
 .bss           0x00000000000138d0        0x0 /data/workspace/ES/lab03/software/camera_app_bsp//libhal_bsp.a(alt_iic.o)
 .bss           0x00000000000138d0        0x0 /data/workspace/ES/lab03/software/camera_app_bsp//libhal_bsp.a(alt_iic_isr_register.o)
 .bss           0x00000000000138d0        0x0 /data/workspace/ES/lab03/software/camera_app_bsp//libhal_bsp.a(alt_io_redirect.o)
 .bss           0x00000000000138d0        0x0 /data/workspace/ES/lab03/software/camera_app_bsp//libhal_bsp.a(alt_irq_entry.o)
 .bss           0x00000000000138d0        0x0 /data/workspace/ES/lab03/software/camera_app_bsp//libhal_bsp.a(alt_irq_handler.o)
 .bss           0x00000000000138d0        0x0 /data/workspace/ES/lab03/software/camera_app_bsp//libhal_bsp.a(alt_irq_vars.o)
 .bss           0x00000000000138d0        0x0 /data/workspace/ES/lab03/software/camera_app_bsp//libhal_bsp.a(alt_open.o)
 .bss           0x00000000000138d0        0x0 /data/workspace/ES/lab03/software/camera_app_bsp//libhal_bsp.a(alt_tick.o)
 .bss           0x00000000000138d0        0x0 /data/workspace/ES/lab03/software/camera_app_bsp//libhal_bsp.a(altera_nios2_qsys_irq.o)
 .bss           0x00000000000138d0        0x0 /data/workspace/ES/lab03/software/camera_app_bsp//libhal_bsp.a(alt_exception_entry.o)
 .bss           0x00000000000138d0        0x0 /data/workspace/ES/lab03/software/camera_app_bsp//libhal_bsp.a(alt_find_dev.o)
 .bss           0x00000000000138d0        0x0 /data/workspace/ES/lab03/software/camera_app_bsp//libhal_bsp.a(alt_find_file.o)
 .bss           0x00000000000138d0        0x0 /data/workspace/ES/lab03/software/camera_app_bsp//libhal_bsp.a(alt_get_fd.o)
 .bss           0x00000000000138d0        0x0 /data/workspace/ES/lab03/software/camera_app_bsp//libhal_bsp.a(alt_icache_flush.o)
 .bss           0x00000000000138d0        0x0 /home/hadrien/altera/15.0/nios2eds/bin/gnu/H-x86_64-pc-linux-gnu/bin/../lib/gcc/nios2-elf/4.9.1/../../../../../H-x86_64-pc-linux-gnu/nios2-elf/lib/libc.a(lib_a-atexit.o)
 .bss           0x00000000000138d0        0x0 /home/hadrien/altera/15.0/nios2eds/bin/gnu/H-x86_64-pc-linux-gnu/bin/../lib/gcc/nios2-elf/4.9.1/../../../../../H-x86_64-pc-linux-gnu/nios2-elf/lib/libc.a(lib_a-exit.o)
 .bss           0x00000000000138d0        0x0 /home/hadrien/altera/15.0/nios2eds/bin/gnu/H-x86_64-pc-linux-gnu/bin/../lib/gcc/nios2-elf/4.9.1/../../../../../H-x86_64-pc-linux-gnu/nios2-elf/lib/libc.a(lib_a-memcmp.o)
 .bss           0x00000000000138d0        0x0 /home/hadrien/altera/15.0/nios2eds/bin/gnu/H-x86_64-pc-linux-gnu/bin/../lib/gcc/nios2-elf/4.9.1/../../../../../H-x86_64-pc-linux-gnu/nios2-elf/lib/libc.a(lib_a-__atexit.o)
 .bss           0x00000000000138d0        0x0 /home/hadrien/altera/15.0/nios2eds/bin/gnu/H-x86_64-pc-linux-gnu/bin/../lib/gcc/nios2-elf/4.9.1/../../../../../H-x86_64-pc-linux-gnu/nios2-elf/lib/libc.a(lib_a-__call_atexit.o)
 .bss           0x00000000000138d0        0x0 /data/workspace/ES/lab03/software/camera_app_bsp//libhal_bsp.a(alt_exit.o)
 *(COMMON)
 COMMON         0x00000000000138d0      0x100 /data/workspace/ES/lab03/software/camera_app_bsp//libhal_bsp.a(alt_irq_handler.o)
                0x00000000000138d0                alt_irq
                0x00000000000139d0                . = ALIGN (0x4)
                0x00000000000139d0                __bss_end = ABSOLUTE (.)

.sdram          0x00000000000139d0        0x0
                0x00000000000139d0                PROVIDE (_alt_partition_sdram_start, ABSOLUTE (.))
 *(.sdram .sdram. sdram.*)
                0x00000000000139d0                . = ALIGN (0x4)
                0x00000000000139d0                PROVIDE (_alt_partition_sdram_end, ABSOLUTE (.))
                0x00000000000139d0                _end = ABSOLUTE (.)
                0x00000000000139d0                end = ABSOLUTE (.)
                0x00000000000139d0                __alt_stack_base = ABSOLUTE (.)
                0x00000000000139d0                PROVIDE (_alt_partition_sdram_load_addr, LOADADDR (.sdram))

.stab
 *(.stab)

.stabstr
 *(.stabstr)

.stab.excl
 *(.stab.excl)

.stab.exclstr
 *(.stab.exclstr)

.stab.index
 *(.stab.index)

.stab.indexstr
 *(.stab.indexstr)

.comment        0x0000000000000000       0x23
 *(.comment)
 .comment       0x0000000000000000       0x23 obj/default/hello_world.o
                                         0x24 (size before relaxing)
 .comment       0x0000000000000000       0x24 obj/default/i2c/i2c.o
 .comment       0x0000000000000000       0x24 /home/hadrien/altera/15.0/nios2eds/bin/gnu/H-x86_64-pc-linux-gnu/bin/../lib/gcc/nios2-elf/4.9.1/libgcc.a(lib2-divmod.o)
 .comment       0x0000000000000000       0x24 /home/hadrien/altera/15.0/nios2eds/bin/gnu/H-x86_64-pc-linux-gnu/bin/../lib/gcc/nios2-elf/4.9.1/../../../../../H-x86_64-pc-linux-gnu/nios2-elf/lib/libc.a(lib_a-impure.o)
 .comment       0x0000000000000000       0x24 /home/hadrien/altera/15.0/nios2eds/bin/gnu/H-x86_64-pc-linux-gnu/bin/../lib/gcc/nios2-elf/4.9.1/../../../../../H-x86_64-pc-linux-gnu/nios2-elf/lib/libc.a(lib_a-malloc.o)
 .comment       0x0000000000000000       0x24 /home/hadrien/altera/15.0/nios2eds/bin/gnu/H-x86_64-pc-linux-gnu/bin/../lib/gcc/nios2-elf/4.9.1/../../../../../H-x86_64-pc-linux-gnu/nios2-elf/lib/libc.a(lib_a-mallocr.o)
 .comment       0x0000000000000000       0x24 /home/hadrien/altera/15.0/nios2eds/bin/gnu/H-x86_64-pc-linux-gnu/bin/../lib/gcc/nios2-elf/4.9.1/../../../../../H-x86_64-pc-linux-gnu/nios2-elf/lib/libc.a(lib_a-printf.o)
 .comment       0x0000000000000000       0x24 /home/hadrien/altera/15.0/nios2eds/bin/gnu/H-x86_64-pc-linux-gnu/bin/../lib/gcc/nios2-elf/4.9.1/../../../../../H-x86_64-pc-linux-gnu/nios2-elf/lib/libc.a(lib_a-putc.o)
 .comment       0x0000000000000000       0x24 /home/hadrien/altera/15.0/nios2eds/bin/gnu/H-x86_64-pc-linux-gnu/bin/../lib/gcc/nios2-elf/4.9.1/../../../../../H-x86_64-pc-linux-gnu/nios2-elf/lib/libc.a(lib_a-puts.o)
 .comment       0x0000000000000000       0x24 /home/hadrien/altera/15.0/nios2eds/bin/gnu/H-x86_64-pc-linux-gnu/bin/../lib/gcc/nios2-elf/4.9.1/../../../../../H-x86_64-pc-linux-gnu/nios2-elf/lib/libc.a(lib_a-realloc.o)
 .comment       0x0000000000000000       0x24 /home/hadrien/altera/15.0/nios2eds/bin/gnu/H-x86_64-pc-linux-gnu/bin/../lib/gcc/nios2-elf/4.9.1/../../../../../H-x86_64-pc-linux-gnu/nios2-elf/lib/libc.a(lib_a-reallocr.o)
 .comment       0x0000000000000000       0x24 /home/hadrien/altera/15.0/nios2eds/bin/gnu/H-x86_64-pc-linux-gnu/bin/../lib/gcc/nios2-elf/4.9.1/../../../../../H-x86_64-pc-linux-gnu/nios2-elf/lib/libc.a(lib_a-sbrkr.o)
 .comment       0x0000000000000000       0x24 /home/hadrien/altera/15.0/nios2eds/bin/gnu/H-x86_64-pc-linux-gnu/bin/../lib/gcc/nios2-elf/4.9.1/../../../../../H-x86_64-pc-linux-gnu/nios2-elf/lib/libc.a(lib_a-strlen.o)
 .comment       0x0000000000000000       0x24 /home/hadrien/altera/15.0/nios2eds/bin/gnu/H-x86_64-pc-linux-gnu/bin/../lib/gcc/nios2-elf/4.9.1/../../../../../H-x86_64-pc-linux-gnu/nios2-elf/lib/libc.a(lib_a-vfprintf.o)
 .comment       0x0000000000000000       0x24 /home/hadrien/altera/15.0/nios2eds/bin/gnu/H-x86_64-pc-linux-gnu/bin/../lib/gcc/nios2-elf/4.9.1/../../../../../H-x86_64-pc-linux-gnu/nios2-elf/lib/libc.a(lib_a-wbuf.o)
 .comment       0x0000000000000000       0x24 /home/hadrien/altera/15.0/nios2eds/bin/gnu/H-x86_64-pc-linux-gnu/bin/../lib/gcc/nios2-elf/4.9.1/../../../../../H-x86_64-pc-linux-gnu/nios2-elf/lib/libc.a(lib_a-wsetup.o)
 .comment       0x0000000000000000       0x24 /home/hadrien/altera/15.0/nios2eds/bin/gnu/H-x86_64-pc-linux-gnu/bin/../lib/gcc/nios2-elf/4.9.1/../../../../../H-x86_64-pc-linux-gnu/nios2-elf/lib/libc.a(lib_a-dtoa.o)
 .comment       0x0000000000000000       0x24 /home/hadrien/altera/15.0/nios2eds/bin/gnu/H-x86_64-pc-linux-gnu/bin/../lib/gcc/nios2-elf/4.9.1/../../../../../H-x86_64-pc-linux-gnu/nios2-elf/lib/libc.a(lib_a-fflush.o)
 .comment       0x0000000000000000       0x24 /home/hadrien/altera/15.0/nios2eds/bin/gnu/H-x86_64-pc-linux-gnu/bin/../lib/gcc/nios2-elf/4.9.1/../../../../../H-x86_64-pc-linux-gnu/nios2-elf/lib/libc.a(lib_a-findfp.o)
 .comment       0x0000000000000000       0x24 /home/hadrien/altera/15.0/nios2eds/bin/gnu/H-x86_64-pc-linux-gnu/bin/../lib/gcc/nios2-elf/4.9.1/../../../../../H-x86_64-pc-linux-gnu/nios2-elf/lib/libc.a(lib_a-freer.o)
 .comment       0x0000000000000000       0x24 /home/hadrien/altera/15.0/nios2eds/bin/gnu/H-x86_64-pc-linux-gnu/bin/../lib/gcc/nios2-elf/4.9.1/../../../../../H-x86_64-pc-linux-gnu/nios2-elf/lib/libc.a(lib_a-fvwrite.o)
 .comment       0x0000000000000000       0x24 /home/hadrien/altera/15.0/nios2eds/bin/gnu/H-x86_64-pc-linux-gnu/bin/../lib/gcc/nios2-elf/4.9.1/../../../../../H-x86_64-pc-linux-gnu/nios2-elf/lib/libc.a(lib_a-fwalk.o)
 .comment       0x0000000000000000       0x24 /home/hadrien/altera/15.0/nios2eds/bin/gnu/H-x86_64-pc-linux-gnu/bin/../lib/gcc/nios2-elf/4.9.1/../../../../../H-x86_64-pc-linux-gnu/nios2-elf/lib/libc.a(lib_a-int_errno.o)
 .comment       0x0000000000000000       0x24 /home/hadrien/altera/15.0/nios2eds/bin/gnu/H-x86_64-pc-linux-gnu/bin/../lib/gcc/nios2-elf/4.9.1/../../../../../H-x86_64-pc-linux-gnu/nios2-elf/lib/libc.a(lib_a-locale.o)
 .comment       0x0000000000000000       0x24 /home/hadrien/altera/15.0/nios2eds/bin/gnu/H-x86_64-pc-linux-gnu/bin/../lib/gcc/nios2-elf/4.9.1/../../../../../H-x86_64-pc-linux-gnu/nios2-elf/lib/libc.a(lib_a-makebuf.o)
 .comment       0x0000000000000000       0x24 /home/hadrien/altera/15.0/nios2eds/bin/gnu/H-x86_64-pc-linux-gnu/bin/../lib/gcc/nios2-elf/4.9.1/../../../../../H-x86_64-pc-linux-gnu/nios2-elf/lib/libc.a(lib_a-memchr.o)
 .comment       0x0000000000000000       0x24 /home/hadrien/altera/15.0/nios2eds/bin/gnu/H-x86_64-pc-linux-gnu/bin/../lib/gcc/nios2-elf/4.9.1/../../../../../H-x86_64-pc-linux-gnu/nios2-elf/lib/libc.a(lib_a-memcpy.o)
 .comment       0x0000000000000000       0x24 /home/hadrien/altera/15.0/nios2eds/bin/gnu/H-x86_64-pc-linux-gnu/bin/../lib/gcc/nios2-elf/4.9.1/../../../../../H-x86_64-pc-linux-gnu/nios2-elf/lib/libc.a(lib_a-memmove.o)
 .comment       0x0000000000000000       0x24 /home/hadrien/altera/15.0/nios2eds/bin/gnu/H-x86_64-pc-linux-gnu/bin/../lib/gcc/nios2-elf/4.9.1/../../../../../H-x86_64-pc-linux-gnu/nios2-elf/lib/libc.a(lib_a-memset.o)
 .comment       0x0000000000000000       0x24 /home/hadrien/altera/15.0/nios2eds/bin/gnu/H-x86_64-pc-linux-gnu/bin/../lib/gcc/nios2-elf/4.9.1/../../../../../H-x86_64-pc-linux-gnu/nios2-elf/lib/libc.a(lib_a-mprec.o)
 .comment       0x0000000000000000       0x24 /home/hadrien/altera/15.0/nios2eds/bin/gnu/H-x86_64-pc-linux-gnu/bin/../lib/gcc/nios2-elf/4.9.1/../../../../../H-x86_64-pc-linux-gnu/nios2-elf/lib/libc.a(lib_a-s_fpclassify.o)
 .comment       0x0000000000000000       0x24 /home/hadrien/altera/15.0/nios2eds/bin/gnu/H-x86_64-pc-linux-gnu/bin/../lib/gcc/nios2-elf/4.9.1/../../../../../H-x86_64-pc-linux-gnu/nios2-elf/lib/libc.a(lib_a-stdio.o)
 .comment       0x0000000000000000       0x24 /home/hadrien/altera/15.0/nios2eds/bin/gnu/H-x86_64-pc-linux-gnu/bin/../lib/gcc/nios2-elf/4.9.1/../../../../../H-x86_64-pc-linux-gnu/nios2-elf/lib/libc.a(lib_a-strcmp.o)
 .comment       0x0000000000000000       0x24 /home/hadrien/altera/15.0/nios2eds/bin/gnu/H-x86_64-pc-linux-gnu/bin/../lib/gcc/nios2-elf/4.9.1/../../../../../H-x86_64-pc-linux-gnu/nios2-elf/lib/libc.a(lib_a-vfiprintf.o)
 .comment       0x0000000000000000       0x24 /home/hadrien/altera/15.0/nios2eds/bin/gnu/H-x86_64-pc-linux-gnu/bin/../lib/gcc/nios2-elf/4.9.1/../../../../../H-x86_64-pc-linux-gnu/nios2-elf/lib/libc.a(lib_a-writer.o)
 .comment       0x0000000000000000       0x24 /home/hadrien/altera/15.0/nios2eds/bin/gnu/H-x86_64-pc-linux-gnu/bin/../lib/gcc/nios2-elf/4.9.1/../../../../../H-x86_64-pc-linux-gnu/nios2-elf/lib/libc.a(closer.o)
 .comment       0x0000000000000000       0x24 /home/hadrien/altera/15.0/nios2eds/bin/gnu/H-x86_64-pc-linux-gnu/bin/../lib/gcc/nios2-elf/4.9.1/../../../../../H-x86_64-pc-linux-gnu/nios2-elf/lib/libc.a(lib_a-callocr.o)
 .comment       0x0000000000000000       0x24 /home/hadrien/altera/15.0/nios2eds/bin/gnu/H-x86_64-pc-linux-gnu/bin/../lib/gcc/nios2-elf/4.9.1/../../../../../H-x86_64-pc-linux-gnu/nios2-elf/lib/libc.a(lib_a-fclose.o)
 .comment       0x0000000000000000       0x24 /home/hadrien/altera/15.0/nios2eds/bin/gnu/H-x86_64-pc-linux-gnu/bin/../lib/gcc/nios2-elf/4.9.1/../../../../../H-x86_64-pc-linux-gnu/nios2-elf/lib/libc.a(lib_a-fputwc.o)
 .comment       0x0000000000000000       0x24 /home/hadrien/altera/15.0/nios2eds/bin/gnu/H-x86_64-pc-linux-gnu/bin/../lib/gcc/nios2-elf/4.9.1/../../../../../H-x86_64-pc-linux-gnu/nios2-elf/lib/libc.a(lib_a-fstatr.o)
 .comment       0x0000000000000000       0x24 /home/hadrien/altera/15.0/nios2eds/bin/gnu/H-x86_64-pc-linux-gnu/bin/../lib/gcc/nios2-elf/4.9.1/../../../../../H-x86_64-pc-linux-gnu/nios2-elf/lib/libc.a(lib_a-isattyr.o)
 .comment       0x0000000000000000       0x24 /home/hadrien/altera/15.0/nios2eds/bin/gnu/H-x86_64-pc-linux-gnu/bin/../lib/gcc/nios2-elf/4.9.1/../../../../../H-x86_64-pc-linux-gnu/nios2-elf/lib/libc.a(lib_a-lseekr.o)
 .comment       0x0000000000000000       0x24 /home/hadrien/altera/15.0/nios2eds/bin/gnu/H-x86_64-pc-linux-gnu/bin/../lib/gcc/nios2-elf/4.9.1/../../../../../H-x86_64-pc-linux-gnu/nios2-elf/lib/libc.a(lib_a-readr.o)
 .comment       0x0000000000000000       0x24 /home/hadrien/altera/15.0/nios2eds/bin/gnu/H-x86_64-pc-linux-gnu/bin/../lib/gcc/nios2-elf/4.9.1/../../../../../H-x86_64-pc-linux-gnu/nios2-elf/lib/libc.a(lib_a-wcrtomb.o)
 .comment       0x0000000000000000       0x24 /home/hadrien/altera/15.0/nios2eds/bin/gnu/H-x86_64-pc-linux-gnu/bin/../lib/gcc/nios2-elf/4.9.1/../../../../../H-x86_64-pc-linux-gnu/nios2-elf/lib/libc.a(lib_a-wctomb_r.o)
 .comment       0x0000000000000000       0x24 /home/hadrien/altera/15.0/nios2eds/bin/gnu/H-x86_64-pc-linux-gnu/bin/../lib/gcc/nios2-elf/4.9.1/libgcc.a(_udivdi3.o)