Archive member included to satisfy reference by file (symbol)

/home/hadrien/altera/15.0/nios2eds/bin/gnu/H-x86_64-pc-linux-gnu/bin/../lib/gcc/nios2-elf/4.9.1/libgcc.a(lib2-divmod.o)
                              obj/default/hello_world.o (__divsi3)
/home/hadrien/altera/15.0/nios2eds/bin/gnu/H-x86_64-pc-linux-gnu/bin/../lib/gcc/nios2-elf/4.9.1/../../../../../H-x86_64-pc-linux-gnu/nios2-elf/lib/libc.a(lib_a-calloc.o)
                              obj/default/hello_world.o (calloc)
/home/hadrien/altera/15.0/nios2eds/bin/gnu/H-x86_64-pc-linux-gnu/bin/../lib/gcc/nios2-elf/4.9.1/../../../../../H-x86_64-pc-linux-gnu/nios2-elf/lib/libc.a(lib_a-callocr.o)
                              /home/hadrien/altera/15.0/nios2eds/bin/gnu/H-x86_64-pc-linux-gnu/bin/../lib/gcc/nios2-elf/4.9.1/../../../../../H-x86_64-pc-linux-gnu/nios2-elf/lib/libc.a(lib_a-calloc.o) (_calloc_r)
/home/hadrien/altera/15.0/nios2eds/bin/gnu/H-x86_64-pc-linux-gnu/bin/../lib/gcc/nios2-elf/4.9.1/../../../../../H-x86_64-pc-linux-gnu/nios2-elf/lib/libc.a(lib_a-impure.o)
                              obj/default/hello_world.o (_impure_ptr)
/home/hadrien/altera/15.0/nios2eds/bin/gnu/H-x86_64-pc-linux-gnu/bin/../lib/gcc/nios2-elf/4.9.1/../../../../../H-x86_64-pc-linux-gnu/nios2-elf/lib/libc.a(lib_a-mallocr.o)
                              /home/hadrien/altera/15.0/nios2eds/bin/gnu/H-x86_64-pc-linux-gnu/bin/../lib/gcc/nios2-elf/4.9.1/../../../../../H-x86_64-pc-linux-gnu/nios2-elf/lib/libc.a(lib_a-callocr.o) (_malloc_r)
/home/hadrien/altera/15.0/nios2eds/bin/gnu/H-x86_64-pc-linux-gnu/bin/../lib/gcc/nios2-elf/4.9.1/../../../../../H-x86_64-pc-linux-gnu/nios2-elf/lib/libc.a(lib_a-memset.o)
                              /home/hadrien/altera/15.0/nios2eds/bin/gnu/H-x86_64-pc-linux-gnu/bin/../lib/gcc/nios2-elf/4.9.1/../../../../../H-x86_64-pc-linux-gnu/nios2-elf/lib/libc.a(lib_a-callocr.o) (memset)
/home/hadrien/altera/15.0/nios2eds/bin/gnu/H-x86_64-pc-linux-gnu/bin/../lib/gcc/nios2-elf/4.9.1/../../../../../H-x86_64-pc-linux-gnu/nios2-elf/lib/libc.a(lib_a-printf.o)
                              obj/default/hello_world.o (printf)
/home/hadrien/altera/15.0/nios2eds/bin/gnu/H-x86_64-pc-linux-gnu/bin/../lib/gcc/nios2-elf/4.9.1/../../../../../H-x86_64-pc-linux-gnu/nios2-elf/lib/libc.a(lib_a-putc.o)
                              obj/default/hello_world.o (putc)
/home/hadrien/altera/15.0/nios2eds/bin/gnu/H-x86_64-pc-linux-gnu/bin/../lib/gcc/nios2-elf/4.9.1/../../../../../H-x86_64-pc-linux-gnu/nios2-elf/lib/libc.a(lib_a-puts.o)
                              obj/default/hello_world.o (puts)
/home/hadrien/altera/15.0/nios2eds/bin/gnu/H-x86_64-pc-linux-gnu/bin/../lib/gcc/nios2-elf/4.9.1/../../../../../H-x86_64-pc-linux-gnu/nios2-elf/lib/libc.a(lib_a-sbrkr.o)
                              /home/hadrien/altera/15.0/nios2eds/bin/gnu/H-x86_64-pc-linux-gnu/bin/../lib/gcc/nios2-elf/4.9.1/../../../../../H-x86_64-pc-linux-gnu/nios2-elf/lib/libc.a(lib_a-mallocr.o) (_sbrk_r)
/home/hadrien/altera/15.0/nios2eds/bin/gnu/H-x86_64-pc-linux-gnu/bin/../lib/gcc/nios2-elf/4.9.1/../../../../../H-x86_64-pc-linux-gnu/nios2-elf/lib/libc.a(lib_a-strlen.o)
                              /home/hadrien/altera/15.0/nios2eds/bin/gnu/H-x86_64-pc-linux-gnu/bin/../lib/gcc/nios2-elf/4.9.1/../../../../../H-x86_64-pc-linux-gnu/nios2-elf/lib/libc.a(lib_a-puts.o) (strlen)
/home/hadrien/altera/15.0/nios2eds/bin/gnu/H-x86_64-pc-linux-gnu/bin/../lib/gcc/nios2-elf/4.9.1/../../../../../H-x86_64-pc-linux-gnu/nios2-elf/lib/libc.a(lib_a-vfprintf.o)
                              /home/hadrien/altera/15.0/nios2eds/bin/gnu/H-x86_64-pc-linux-gnu/bin/../lib/gcc/nios2-elf/4.9.1/../../../../../H-x86_64-pc-linux-gnu/nios2-elf/lib/libc.a(lib_a-printf.o) (___vfprintf_internal_r)
/home/hadrien/altera/15.0/nios2eds/bin/gnu/H-x86_64-pc-linux-gnu/bin/../lib/gcc/nios2-elf/4.9.1/../../../../../H-x86_64-pc-linux-gnu/nios2-elf/lib/libc.a(lib_a-wbuf.o)
                              /home/hadrien/altera/15.0/nios2eds/bin/gnu/H-x86_64-pc-linux-gnu/bin/../lib/gcc/nios2-elf/4.9.1/../../../../../H-x86_64-pc-linux-gnu/nios2-elf/lib/libc.a(lib_a-putc.o) (__swbuf_r)
/home/hadrien/altera/15.0/nios2eds/bin/gnu/H-x86_64-pc-linux-gnu/bin/../lib/gcc/nios2-elf/4.9.1/../../../../../H-x86_64-pc-linux-gnu/nios2-elf/lib/libc.a(lib_a-wsetup.o)
                              /home/hadrien/altera/15.0/nios2eds/bin/gnu/H-x86_64-pc-linux-gnu/bin/../lib/gcc/nios2-elf/4.9.1/../../../../../H-x86_64-pc-linux-gnu/nios2-elf/lib/libc.a(lib_a-vfprintf.o) (__swsetup_r)
/home/hadrien/altera/15.0/nios2eds/bin/gnu/H-x86_64-pc-linux-gnu/bin/../lib/gcc/nios2-elf/4.9.1/../../../../../H-x86_64-pc-linux-gnu/nios2-elf/lib/libc.a(lib_a-dtoa.o)
                              /home/hadrien/altera/15.0/nios2eds/bin/gnu/H-x86_64-pc-linux-gnu/bin/../lib/gcc/nios2-elf/4.9.1/../../../../../H-x86_64-pc-linux-gnu/nios2-elf/lib/libc.a(lib_a-vfprintf.o) (_dtoa_r)
[...]
Memory Configuration

Name             Origin             Length             Attributes
reset            0x0000000000000000 0x0000000000000020
sdram            0x0000000000000020 0x0000000001ffffe0
*default*        0x0000000000000000 0xffffffffffffffff

Linker script and memory map

LOAD /data/workspace/ES/lab03/software/camera_app_bsp//obj/HAL/src/crt0.o
LOAD obj/default/hello_world.o
LOAD obj/default/i2c/i2c.o
LOAD /home/hadrien/altera/15.0/nios2eds/bin/gnu/H-x86_64-pc-linux-gnu/bin/../lib/gcc/nios2-elf/4.9.1/../../../../../H-x86_64-pc-linux-gnu/nios2-elf/lib/libstdc++.a
LOAD /home/hadrien/altera/15.0/nios2eds/bin/gnu/H-x86_64-pc-linux-gnu/bin/../lib/gcc/nios2-elf/4.9.1/../../../../../H-x86_64-pc-linux-gnu/nios2-elf/lib/libm.a
LOAD /home/hadrien/altera/15.0/nios2eds/bin/gnu/H-x86_64-pc-linux-gnu/bin/../lib/gcc/nios2-elf/4.9.1/libgcc.a
START GROUP
LOAD /home/hadrien/altera/15.0/nios2eds/bin/gnu/H-x86_64-pc-linux-gnu/bin/../lib/gcc/nios2-elf/4.9.1/../../../../../H-x86_64-pc-linux-gnu/nios2-elf/lib/libc.a
LOAD /home/hadrien/altera/15.0/nios2eds/bin/gnu/H-x86_64-pc-linux-gnu/bin/../lib/gcc/nios2-elf/4.9.1/libgcc.a
LOAD /data/workspace/ES/lab03/software/camera_app_bsp//libhal_bsp.a
LOAD /home/hadrien/altera/15.0/nios2eds/bin/gnu/H-x86_64-pc-linux-gnu/bin/../lib/gcc/nios2-elf/4.9.1/../../../../../H-x86_64-pc-linux-gnu/nios2-elf/lib/libm.a
END GROUP
LOAD /home/hadrien/altera/15.0/nios2eds/bin/gnu/H-x86_64-pc-linux-gnu/bin/../lib/gcc/nios2-elf/4.9.1/libgcc.a
                0x0000000000000000                __alt_mem_sdram = 0x0

.entry          0x0000000000000000       0x20
 *(.entry)
 .entry         0x0000000000000000       0x20 /data/workspace/ES/lab03/software/camera_app_bsp//obj/HAL/src/crt0.o
                0x0000000000000000                __reset

.exceptions     0x0000000000000020      0x19c
                0x0000000000000020                PROVIDE (__ram_exceptions_start, ABSOLUTE (.))
                0x0000000000000020                . = ALIGN (0x20)
 *(.irq)
 *(.exceptions.entry.label)
 .exceptions.entry.label
                0x0000000000000020        0x0 /data/workspace/ES/lab03/software/camera_app_bsp//libhal_bsp.a(alt_irq_entry.o)
                0x0000000000000020                alt_irq_entry
 .exceptions.entry.label
                0x0000000000000020        0x0 /data/workspace/ES/lab03/software/camera_app_bsp//libhal_bsp.a(alt_exception_entry.o)
                0x0000000000000020                alt_exception
 *(.exceptions.entry.user)
 *(.exceptions.entry.ecc_fatal)
 *(.exceptions.entry)
 .exceptions.entry
                0x0000000000000020       0x54 /data/workspace/ES/lab03/software/camera_app_bsp//libhal_bsp.a(alt_exception_entry.o)
 *(.exceptions.irqtest.user)
 *(.exceptions.irqtest)
 .exceptions.irqtest
                0x0000000000000074       0x10 /data/workspace/ES/lab03/software/camera_app_bsp//libhal_bsp.a(alt_irq_entry.o)
 *(.exceptions.irqhandler.user)
 *(.exceptions.irqhandler)
 .exceptions.irqhandler
                0x0000000000000084        0x4 /data/workspace/ES/lab03/software/camera_app_bsp//libhal_bsp.a(alt_irq_entry.o)
 *(.exceptions.irqreturn.user)
 *(.exceptions.irqreturn)
 .exceptions.irqreturn
                0x0000000000000088        0x4 /data/workspace/ES/lab03/software/camera_app_bsp//libhal_bsp.a(alt_irq_entry.o)
 *(.exceptions.notirq.label)
 .exceptions.notirq.label
                0x000000000000008c        0x0 /data/workspace/ES/lab03/software/camera_app_bsp//libhal_bsp.a(alt_irq_entry.o)
 *(.exceptions.notirq.user)
 *(.exceptions.notirq)
 .exceptions.notirq
                0x000000000000008c        0x8 /data/workspace/ES/lab03/software/camera_app_bsp//libhal_bsp.a(alt_exception_entry.o)
 *(.exceptions.soft.user)
 *(.exceptions.soft)
 *(.exceptions.unknown.user)
 *(.exceptions.unknown)
 .exceptions.unknown
                0x0000000000000094        0x4 /data/workspace/ES/lab03/software/camera_app_bsp//libhal_bsp.a(alt_exception_entry.o)
 *(.exceptions.exit.label)
 .exceptions.exit.label
                0x0000000000000098        0x0 /data/workspace/ES/lab03/software/camera_app_bsp//libhal_bsp.a(alt_irq_entry.o)
 .exceptions.exit.label
                0x0000000000000098        0x0 /data/workspace/ES/lab03/software/camera_app_bsp//libhal_bsp.a(alt_exception_entry.o)
 *(.exceptions.exit.user)
 *(.exceptions.exit)
 .exceptions.exit
                0x0000000000000098       0x54 /data/workspace/ES/lab03/software/camera_app_bsp//libhal_bsp.a(alt_exception_entry.o)
 *(.exceptions)
 .exceptions    0x00000000000000ec       0xd0 /data/workspace/ES/lab03/software/camera_app_bsp//libhal_bsp.a(alt_irq_handler.o)
                0x00000000000000ec                alt_irq_handler
                0x00000000000001bc                PROVIDE (__ram_exceptions_end, ABSOLUTE (.))
                0x0000000000000020                PROVIDE (__flash_exceptions_start, LOADADDR (.exceptions))

.text           0x00000000000001bc     0xfbbc
                0x00000000000001bc                PROVIDE (stext, ABSOLUTE (.))
 *(.interp)
 *(.hash)
 *(.dynsym)
 *(.dynstr)
 *(.gnu.version)
 *(.gnu.version_d)
 *(.gnu.version_r)
 *(.rel.init)
 *(.rela.init)
 *(.rel.text .rel.text.* .rel.gnu.linkonce.t.*)
 *(.rela.text .rela.text.* .rela.gnu.linkonce.t.*)
 *(.rel.fini)
 *(.rela.fini)
 *(.rel.rodata .rel.rodata.* .rel.gnu.linkonce.r.*)
 *(.rela.rodata .rela.rodata.* .rela.gnu.linkonce.r.*)
 *(.rel.data .rel.data.* .rel.gnu.linkonce.d.*)
 *(.rela.data .rela.data.* .rela.gnu.linkonce.d.*)
 *(.rel.tdata .rel.tdata.* .rel.gnu.linkonce.td.*)
 *(.rela.tdata .rela.tdata.* .rela.gnu.linkonce.td.*)
 *(.rel.tbss .rel.tbss.* .rel.gnu.linkonce.tb.*)
 *(.rela.tbss .rela.tbss.* .rela.gnu.linkonce.tb.*)
 *(.rel.ctors)
 *(.rela.ctors)
 *(.rel.dtors)
 *(.rela.dtors)
 *(.rel.got)
 *(.rela.got)
 *(.rel.sdata .rel.sdata.* .rel.gnu.linkonce.s.*)
 *(.rela.sdata .rela.sdata.* .rela.gnu.linkonce.s.*)
 *(.rel.sbss .rel.sbss.* .rel.gnu.linkonce.sb.*)
 *(.rela.sbss .rela.sbss.* .rela.gnu.linkonce.sb.*)
 *(.rel.sdata2 .rel.sdata2.* .rel.gnu.linkonce.s2.*)
 *(.rela.sdata2 .rela.sdata2.* .rela.gnu.linkonce.s2.*)
 *(.rel.sbss2 .rel.sbss2.* .rel.gnu.linkonce.sb2.*)
 *(.rela.sbss2 .rela.sbss2.* .rela.gnu.linkonce.sb2.*)
 *(.rel.bss .rel.bss.* .rel.gnu.linkonce.b.*)
 *(.rela.bss .rela.bss.* .rela.gnu.linkonce.b.*)
 *(.rel.plt)
 *(.rela.plt)
 *(.rel.dyn)
 *(.init)
 *(.plt)
 *(.text .stub .text.* .gnu.linkonce.t.*)
 .text          0x00000000000001bc       0x3c /data/workspace/ES/lab03/software/camera_app_bsp//obj/HAL/src/crt0.o
                0x00000000000001bc                _start
 .text          0x00000000000001f8      0x684 obj/default/hello_world.o
                0x00000000000001f8                cam_get_preset
                0x0000000000000250                printPreset
                0x0000000000000288                sleep_ms
                0x00000000000002ec                dump_word
                0x0000000000000334                dump_pcm_header
                0x000000000000038c                dump_pcm_data
                0x00000000000004cc                trdb_d5m_write
                0x0000000000000550                trdb_d5m_read
                0x00000000000005ec                main
 .text          0x000000000000087c      0x7f8 obj/default/i2c/i2c.o
                0x00000000000009bc                i2c_inst
                0x00000000000009e8                i2c_init
                0x0000000000000a48                i2c_configure
                0x0000000000000ac4                i2c_write
                0x0000000000000bf0                i2c_read
                0x0000000000000d38                i2c_write_array
                0x0000000000000ecc                i2c_read_array
 .text          0x0000000000001074      0x12c /home/hadrien/altera/15.0/nios2eds/bin/gnu/H-x86_64-pc-linux-gnu/bin/../lib/gcc/nios2-elf/4.9.1/libgcc.a(lib2-divmod.o)
                0x00000000000010e0                __divsi3
                0x0000000000001134                __modsi3
                0x0000000000001190                __udivsi3
                0x0000000000001198                __umodsi3
 .text          0x00000000000011a0       0x1c /home/hadrien/altera/15.0/nios2eds/bin/gnu/H-x86_64-pc-linux-gnu/bin/../lib/gcc/nios2-elf/4.9.1/../../../../../H-x86_64-pc-linux-gnu/nios2-elf/lib/libc.a(lib_a-calloc.o)
                0x00000000000011a0                calloc
 .text          0x00000000000011bc       0xc4 /home/hadrien/altera/15.0/nios2eds/bin/gnu/H-x86_64-pc-linux-gnu/bin/../lib/gcc/nios2-elf/4.9.1/../../../../../H-x86_64-pc-linux-gnu/nios2-elf/lib/libc.a(lib_a-callocr.o)
                0x00000000000011bc                _calloc_r
 .text          0x0000000000001280        0x0 /home/hadrien/altera/15.0/nios2eds/bin/gnu/H-x86_64-pc-linux-gnu/bin/../lib/gcc/nios2-elf/4.9.1/../../../../../H-x86_64-pc-linux-gnu/nios2-elf/lib/libc.a(lib_a-impure.o)
 .text          0x0000000000001280      0x7a8 /home/hadrien/altera/15.0/nios2eds/bin/gnu/H-x86_64-pc-linux-gnu/bin/../lib/gcc/nios2-elf/4.9.1/../../../../../H-x86_64-pc-linux-gnu/nios2-elf/lib/libc.a(lib_a-mallocr.o)
                0x0000000000001280                _malloc_r
 .text          0x0000000000001a28      0x124 /home/hadrien/altera/15.0/nios2eds/bin/gnu/H-x86_64-pc-linux-gnu/bin/../lib/gcc/nios2-elf/4.9.1/../../../../../H-x86_64-pc-linux-gnu/nios2-elf/lib/libc.a(lib_a-memset.o)
                0x0000000000001a28                memset
 .text          0x0000000000001b4c       0x68 /home/hadrien/altera/15.0/nios2eds/bin/gnu/H-x86_64-pc-linux-gnu/bin/../lib/gcc/nios2-elf/4.9.1/../../../../../H-x86_64-pc-linux-gnu/nios2-elf/lib/libc.a(lib_a-printf.o)
                0x0000000000001b4c                _printf_r
                0x0000000000001b78                printf
 .text          0x0000000000001bb4      0x168 /home/hadrien/altera/15.0/nios2eds/bin/gnu/H-x86_64-pc-linux-gnu/bin/../lib/gcc/nios2-elf/4.9.1/../../../../../H-x86_64-pc-linux-gnu/nios2-elf/lib/libc.a(lib_a-putc.o)
                0x0000000000001bb4                _putc_r
                0x0000000000001c54                putc
 .text          0x0000000000001d1c       0xcc /home/hadrien/altera/15.0/nios2eds/bin/gnu/H-x86_64-pc-linux-gnu/bin/../lib/gcc/nios2-elf/4.9.1/../../../../../H-x86_64-pc-linux-gnu/nios2-elf/lib/libc.a(lib_a-puts.o)
                0x0000000000001d1c                _puts_r
                0x0000000000001dd4                puts
 .text          0x0000000000001de8       0x54 /home/hadrien/altera/15.0/nios2eds/bin/gnu/H-x86_64-pc-linux-gnu/bin/../lib/gcc/nios2-elf/4.9.1/../../../../../H-x86_64-pc-linux-gnu/nios2-elf/lib/libc.a(lib_a-sbrkr.o)
                0x0000000000001de8                _sbrk_r
 .text          0x0000000000001e3c       0x98 /home/hadrien/altera/15.0/nios2eds/bin/gnu/H-x86_64-pc-linux-gnu/bin/../lib/gcc/nios2-elf/4.9.1/../../../../../H-x86_64-pc-linux-gnu/nios2-elf/lib/libc.a(lib_a-strlen.o)
                0x0000000000001e3c                strlen
 .text          0x0000000000001ed4     0x2020 /home/hadrien/altera/15.0/nios2eds/bin/gnu/H-x86_64-pc-linux-gnu/bin/../lib/gcc/nios2-elf/4.9.1/../../../../../H-x86_64-pc-linux-gnu/nios2-elf/lib/libc.a(lib_a-vfprintf.o)
                0x0000000000001ed4                ___vfprintf_internal_r
                0x0000000000003ed0                __vfprintf_internal
 .text          0x0000000000003ef4      0x170 /home/hadrien/altera/15.0/nios2eds/bin/gnu/H-x86_64-pc-linux-gnu/bin/../lib/gcc/nios2-elf/4.9.1/../../../../../H-x86_64-pc-linux-gnu/nios2-elf/lib/libc.a(lib_a-wbuf.o)
                0x0000000000003ef4                __swbuf_r
                0x0000000000004048                __swbuf
 .text          0x0000000000004064      0x130 /home/hadrien/altera/15.0/nios2eds/bin/gnu/H-x86_64-pc-linux-gnu/bin/../lib/gcc/nios2-elf/4.9.1/../../../../../H-x86_64-pc-linux-gnu/nios2-elf/lib/libc.a(lib_a-wsetup.o)
                0x0000000000004064                __swsetup_r
 .text          0x0000000000004194     0x1928 /home/hadrien/altera/15.0/nios2eds/bin/gnu/H-x86_64-pc-linux-gnu/bin/../lib/gcc/nios2-elf/4.9.1/../../../../../H-x86_64-pc-linux-gnu/nios2-elf/lib/libc.a(lib_a-dtoa.o)
                0x0000000000004394                _dtoa_r
 .text          0x0000000000005abc      0x258 /home/hadrien/altera/15.0/nios2eds/bin/gnu/H-x86_64-pc-linux-gnu/bin/../lib/gcc/nios2-elf/4.9.1/../../../../../H-x86_64-pc-linux-gnu/nios2-elf/lib/libc.a(lib_a-fflush.o)
                0x0000000000005abc                _fflush_r
                0x0000000000005ce4                fflush
 .text          0x0000000000005d14      0x3a0 /home/hadrien/altera/15.0/nios2eds/bin/gnu/H-x86_64-pc-linux-gnu/bin/../lib/gcc/nios2-elf/4.9.1/../../../../../H-x86_64-pc-linux-gnu/nios2-elf/lib/libc.a(lib_a-findfp.o)
                0x0000000000005d24                _cleanup_r
                0x0000000000005ed0                __sfmoreglue
                0x0000000000005f34                __sfp
                0x000000000000604c                _cleanup
                0x0000000000006064                __sinit
                0x0000000000006074                __sfp_lock_acquire
                0x0000000000006078                __sfp_lock_release
                0x000000000000607c                __sinit_lock_acquire
                0x0000000000006080                __sinit_lock_release
                0x0000000000006084                __fp_lock_all
                0x000000000000609c                __fp_unlock_all
 .text          0x00000000000060b4      0x414 /home/hadrien/altera/15.0/nios2eds/bin/gnu/H-x86_64-pc-linux-gnu/bin/../lib/gcc/nios2-elf/4.9.1/../../../../../H-x86_64-pc-linux-gnu/nios2-elf/lib/libc.a(lib_a-freer.o)
                0x00000000000060b4                _malloc_trim_r
                0x00000000000061d8                _free_r
 .text          0x00000000000064c8      0x4a4 /home/hadrien/altera/15.0/nios2eds/bin/gnu/H-x86_64-pc-linux-gnu/bin/../lib/gcc/nios2-elf/4.9.1/../../../../../H-x86_64-pc-linux-gnu/nios2-elf/lib/libc.a(lib_a-fvwrite.o)
                0x00000000000064c8                __sfvwrite_r
 .text          0x000000000000696c      0x170 /home/hadrien/altera/15.0/nios2eds/bin/gnu/H-x86_64-pc-linux-gnu/bin/../lib/gcc/nios2-elf/4.9.1/../../../../../H-x86_64-pc-linux-gnu/nios2-elf/lib/libc.a(lib_a-fwalk.o)
                0x000000000000696c                _fwalk
                0x0000000000006a24                _fwalk_reent
 .text          0x0000000000006adc        0x0 /home/hadrien/altera/15.0/nios2eds/bin/gnu/H-x86_64-pc-linux-gnu/bin/../lib/gcc/nios2-elf/4.9.1/../../../../../H-x86_64-pc-linux-gnu/nios2-elf/lib/libc.a(lib_a-int_errno.o)
 .text          0x0000000000006adc       0xe0 /home/hadrien/altera/15.0/nios2eds/bin/gnu/H-x86_64-pc-linux-gnu/bin/../lib/gcc/nios2-elf/4.9.1/../../../../../H-x86_64-pc-linux-gnu/nios2-elf/lib/libc.a(lib_a-locale.o)
                0x0000000000006adc                _setlocale_r
                0x0000000000006b58                __locale_charset
                0x0000000000006b64                __locale_mb_cur_max
                0x0000000000006b74                __locale_msgcharset
                0x0000000000006b80                __locale_cjk_lang
                0x0000000000006b88                _localeconv_r
                0x0000000000006b94                setlocale
                0x0000000000006bb0                localeconv
 .text          0x0000000000006bbc      0x1b8 /home/hadrien/altera/15.0/nios2eds/bin/gnu/H-x86_64-pc-linux-gnu/bin/../lib/gcc/nios2-elf/4.9.1/../../../../../H-x86_64-pc-linux-gnu/nios2-elf/lib/libc.a(lib_a-makebuf.o)
                0x0000000000006bbc                __smakebuf_r
 .text          0x0000000000006d74       0xe8 /home/hadrien/altera/15.0/nios2eds/bin/gnu/H-x86_64-pc-linux-gnu/bin/../lib/gcc/nios2-elf/4.9.1/../../../../../H-x86_64-pc-linux-gnu/nios2-elf/lib/libc.a(lib_a-memchr.o)
                0x0000000000006d74                memchr
 .text          0x0000000000006e5c      0x138 /home/hadrien/altera/15.0/nios2eds/bin/gnu/H-x86_64-pc-linux-gnu/bin/../lib/gcc/nios2-elf/4.9.1/../../../../../H-x86_64-pc-linux-gnu/nios2-elf/lib/libc.a(lib_a-memcpy.o)
                0x0000000000006e5c                memcpy
 .text          0x0000000000006f94      0x15c /home/hadrien/altera/15.0/nios2eds/bin/gnu/H-x86_64-pc-linux-gnu/bin/../lib/gcc/nios2-elf/4.9.1/../../../../../H-x86_64-pc-linux-gnu/nios2-elf/lib/libc.a(lib_a-memmove.o)
                0x0000000000006f94                memmove
 .text          0x00000000000070f0      0xf8c /home/hadrien/altera/15.0/nios2eds/bin/gnu/H-x86_64-pc-linux-gnu/bin/../lib/gcc/nios2-elf/4.9.1/../../../../../H-x86_64-pc-linux-gnu/nios2-elf/lib/libc.a(lib_a-mprec.o)
                0x00000000000070f0                _Balloc
                0x0000000000007198                _Bfree
                0x00000000000071c0                __multadd
                0x00000000000072d4                __s2b
                0x00000000000073d8                __hi0bits
                0x0000000000007440                __lo0bits
                0x00000000000074f0                __i2b
                0x000000000000752c                __multiply
                0x0000000000007728                __pow5mult
                0x0000000000007868                __lshift
                0x00000000000079b0                __mcmp
                0x0000000000007a10                __mdiff
                0x0000000000007ba8                __ulp
                0x0000000000007c08                __b2d
                0x0000000000007d24                __d2b
                0x0000000000007e60                __ratio
                0x0000000000007f04                _mprec_log10
                0x0000000000007f78                __copybits
                0x0000000000007ff0                __any_on
 .text          0x000000000000807c      0x5a0 /home/hadrien/altera/15.0/nios2eds/bin/gnu/H-x86_64-pc-linux-gnu/bin/../lib/gcc/nios2-elf/4.9.1/../../../../../H-x86_64-pc-linux-gnu/nios2-elf/lib/libc.a(lib_a-reallocr.o)
                0x000000000000807c                _realloc_r
 .text          0x000000000000861c       0x74 /home/hadrien/altera/15.0/nios2eds/bin/gnu/H-x86_64-pc-linux-gnu/bin/../lib/gcc/nios2-elf/4.9.1/../../../../../H-x86_64-pc-linux-gnu/nios2-elf/lib/libc.a(lib_a-s_fpclassify.o)
                0x000000000000861c                __fpclassifyd
 .text          0x0000000000008690      0x13c /home/hadrien/altera/15.0/nios2eds/bin/gnu/H-x86_64-pc-linux-gnu/bin/../lib/gcc/nios2-elf/4.9.1/../../../../../H-x86_64-pc-linux-gnu/nios2-elf/lib/libc.a(lib_a-stdio.o)
                0x0000000000008690                __sread
                0x00000000000086e4                __seofread
                0x00000000000086ec                __swrite
                0x0000000000008768                __sseek
                0x00000000000087c4                __sclose
 .text          0x00000000000087cc       0xa4 /home/hadrien/altera/15.0/nios2eds/bin/gnu/H-x86_64-pc-linux-gnu/bin/../lib/gcc/nios2-elf/4.9.1/../../../../../H-x86_64-pc-linux-gnu/nios2-elf/lib/libc.a(lib_a-strcmp.o)
                0x00000000000087cc                strcmp
 .text          0x0000000000008870     0x1494 /home/hadrien/altera/15.0/nios2eds/bin/gnu/H-x86_64-pc-linux-gnu/bin/../lib/gcc/nios2-elf/4.9.1/../../../../../H-x86_64-pc-linux-gnu/nios2-elf/lib/libc.a(lib_a-vfiprintf.o)
                0x000000000000896c                __sprint_r
                0x0000000000008984                ___vfiprintf_internal_r
                0x0000000000009ce0                __vfiprintf_internal
 .text          0x0000000000009d04       0x5c /home/hadrien/altera/15.0/nios2eds/bin/gnu/H-x86_64-pc-linux-gnu/bin/../lib/gcc/nios2-elf/4.9.1/../../../../../H-x86_64-pc-linux-gnu/nios2-elf/lib/libc.a(lib_a-writer.o)
                0x0000000000009d04                _write_r
 .text          0x0000000000009d60       0x54 /home/hadrien/altera/15.0/nios2eds/bin/gnu/H-x86_64-pc-linux-gnu/bin/../lib/gcc/nios2-elf/4.9.1/../../../../../H-x86_64-pc-linux-gnu/nios2-elf/lib/libc.a(closer.o)
                0x0000000000009d60                _close_r
 .text          0x0000000000009db4      0x114 /home/hadrien/altera/15.0/nios2eds/bin/gnu/H-x86_64-pc-linux-gnu/bin/../lib/gcc/nios2-elf/4.9.1/../../../../../H-x86_64-pc-linux-gnu/nios2-elf/lib/libc.a(lib_a-fclose.o)
                0x0000000000009db4                _fclose_r
                0x0000000000009eb4                fclose
 .text          0x0000000000009ec8      0x1dc /home/hadrien/altera/15.0/nios2eds/bin/gnu/H-x86_64-pc-linux-gnu/bin/../lib/gcc/nios2-elf/4.9.1/../../../../../H-x86_64-pc-linux-gnu/nios2-elf/lib/libc.a(lib_a-fputwc.o)
                0x0000000000009ec8                _fputwc_r
                0x000000000000a04c                fputwc
 .text          0x000000000000a0a4       0x58 /home/hadrien/altera/15.0/nios2eds/bin/gnu/H-x86_64-pc-linux-gnu/bin/../lib/gcc/nios2-elf/4.9.1/../../../../../H-x86_64-pc-linux-gnu/nios2-elf/lib/libc.a(lib_a-fstatr.o)
                0x000000000000a0a4                _fstat_r
 .text          0x000000000000a0fc       0x54 /home/hadrien/altera/15.0/nios2eds/bin/gnu/H-x86_64-pc-linux-gnu/bin/../lib/gcc/nios2-elf/4.9.1/../../../../../H-x86_64-pc-linux-gnu/nios2-elf/lib/libc.a(lib_a-isattyr.o)
                0x000000000000a0fc                _isatty_r
 .text          0x000000000000a150       0x5c /home/hadrien/altera/15.0/nios2eds/bin/gnu/H-x86_64-pc-linux-gnu/bin/../lib/gcc/nios2-elf/4.9.1/../../../../../H-x86_64-pc-linux-gnu/nios2-elf/lib/libc.a(lib_a-lseekr.o)
                0x000000000000a150                _lseek_r
 .text          0x000000000000a1ac       0x5c /home/hadrien/altera/15.0/nios2eds/bin/gnu/H-x86_64-pc-linux-gnu/bin/../lib/gcc/nios2-elf/4.9.1/../../../../../H-x86_64-pc-linux-gnu/nios2-elf/lib/libc.a(lib_a-readr.o)
                0x000000000000a1ac                _read_r
 .text          0x000000000000a208      0x174 /home/hadrien/altera/15.0/nios2eds/bin/gnu/H-x86_64-pc-linux-gnu/bin/../lib/gcc/nios2-elf/4.9.1/../../../../../H-x86_64-pc-linux-gnu/nios2-elf/lib/libc.a(lib_a-wcrtomb.o)
                0x000000000000a208                _wcrtomb_r
                0x000000000000a2a4                wcrtomb
 .text          0x000000000000a37c       0x8c /home/hadrien/altera/15.0/nios2eds/bin/gnu/H-x86_64-pc-linux-gnu/bin/../lib/gcc/nios2-elf/4.9.1/../../../../../H-x86_64-pc-linux-gnu/nios2-elf/lib/libc.a(lib_a-wctomb_r.o)
                0x000000000000a37c                __ascii_wctomb
                0x000000000000a3ac                _wctomb_r
 .text          0x000000000000a408      0x5c0 /home/hadrien/altera/15.0/nios2eds/bin/gnu/H-x86_64-pc-linux-gnu/bin/../lib/gcc/nios2-elf/4.9.1/libgcc.a(_udivdi3.o)
                0x000000000000a408                __udivdi3
 .text          0x000000000000a9c8      0x590 /home/hadrien/altera/15.0/nios2eds/bin/gnu/H-x86_64-pc-linux-gnu/bin/../lib/gcc/nios2-elf/4.9.1/libgcc.a(_umoddi3.o)
                0x000000000000a9c8                __umoddi3
 .text          0x000000000000af58      0x89c /home/hadrien/altera/15.0/nios2eds/bin/gnu/H-x86_64-pc-linux-gnu/bin/../lib/gcc/nios2-elf/4.9.1/libgcc.a(adddf3.o)
                0x000000000000af58                __adddf3
 .text          0x000000000000b7f4      0x8cc /home/hadrien/altera/15.0/nios2eds/bin/gnu/H-x86_64-pc-linux-gnu/bin/../lib/gcc/nios2-elf/4.9.1/libgcc.a(divdf3.o)
                0x000000000000b7f4                __divdf3
 .text          0x000000000000c0c0       0x84 /home/hadrien/altera/15.0/nios2eds/bin/gnu/H-x86_64-pc-linux-gnu/bin/../lib/gcc/nios2-elf/4.9.1/libgcc.a(eqdf2.o)
                0x000000000000c0c0                __eqdf2
                0x000000000000c0c0                __nedf2
 .text          0x000000000000c144       0xe0 /home/hadrien/altera/15.0/nios2eds/bin/gnu/H-x86_64-pc-linux-gnu/bin/../lib/gcc/nios2-elf/4.9.1/libgcc.a(gedf2.o)
                0x000000000000c144                __gtdf2
                0x000000000000c144                __gedf2
 .text          0x000000000000c224       0xe0 /home/hadrien/altera/15.0/nios2eds/bin/gnu/H-x86_64-pc-linux-gnu/bin/../lib/gcc/nios2-elf/4.9.1/libgcc.a(ledf2.o)
                0x000000000000c224                __ltdf2
                0x000000000000c224                __ledf2
 .text          0x000000000000c304      0x724 /home/hadrien/altera/15.0/nios2eds/bin/gnu/H-x86_64-pc-linux-gnu/bin/../lib/gcc/nios2-elf/4.9.1/libgcc.a(muldf3.o)
                0x000000000000c304                __muldf3
 .text          0x000000000000ca28      0x8d0 /home/hadrien/altera/15.0/nios2eds/bin/gnu/H-x86_64-pc-linux-gnu/bin/../lib/gcc/nios2-elf/4.9.1/libgcc.a(subdf3.o)
                0x000000000000ca28                __subdf3
 .text          0x000000000000d2f8       0x88 /home/hadrien/altera/15.0/nios2eds/bin/gnu/H-x86_64-pc-linux-gnu/bin/../lib/gcc/nios2-elf/4.9.1/libgcc.a(fixdfsi.o)
                0x000000000000d2f8                __fixdfsi
 .text          0x000000000000d380       0xd0 /home/hadrien/altera/15.0/nios2eds/bin/gnu/H-x86_64-pc-linux-gnu/bin/../lib/gcc/nios2-elf/4.9.1/libgcc.a(floatsidf.o)
                0x000000000000d380                __floatsidf
 .text          0x000000000000d450       0xa4 /home/hadrien/altera/15.0/nios2eds/bin/gnu/H-x86_64-pc-linux-gnu/bin/../lib/gcc/nios2-elf/4.9.1/libgcc.a(floatunsidf.o)
                0x000000000000d450                __floatunsidf
 .text          0x000000000000d4f4        0x0 /home/hadrien/altera/15.0/nios2eds/bin/gnu/H-x86_64-pc-linux-gnu/bin/../lib/gcc/nios2-elf/4.9.1/libgcc.a(_clz.o)
 .text          0x000000000000d4f4       0x64 /home/hadrien/altera/15.0/nios2eds/bin/gnu/H-x86_64-pc-linux-gnu/bin/../lib/gcc/nios2-elf/4.9.1/libgcc.a(_clzsi2.o)
                0x000000000000d4f4                __clzsi2
 .text          0x000000000000d558      0x120 /data/workspace/ES/lab03/software/camera_app_bsp//libhal_bsp.a(alt_close.o)
                0x000000000000d5a8                close
 .text          0x000000000000d678       0x2c /data/workspace/ES/lab03/software/camera_app_bsp//libhal_bsp.a(alt_dev.o)
 .text          0x000000000000d6a4        0x0 /data/workspace/ES/lab03/software/camera_app_bsp//libhal_bsp.a(alt_errno.o)
 .text          0x000000000000d6a4      0x100 /data/workspace/ES/lab03/software/camera_app_bsp//libhal_bsp.a(alt_fstat.o)
                0x000000000000d6f4                fstat
 .text          0x000000000000d7a4       0xf4 /data/workspace/ES/lab03/software/camera_app_bsp//libhal_bsp.a(alt_isatty.o)
                0x000000000000d7f4                isatty
 .text          0x000000000000d898       0xe4 /data/workspace/ES/lab03/software/camera_app_bsp//libhal_bsp.a(alt_load.o)
                0x000000000000d8fc                alt_load
 .text          0x000000000000d97c      0x124 /data/workspace/ES/lab03/software/camera_app_bsp//libhal_bsp.a(alt_lseek.o)
                0x000000000000d9cc                lseek
 .text          0x000000000000daa0       0x78 /data/workspace/ES/lab03/software/camera_app_bsp//libhal_bsp.a(alt_main.o)
                0x000000000000daa0                alt_main
 .text          0x000000000000db18       0x40 /data/workspace/ES/lab03/software/camera_app_bsp//libhal_bsp.a(alt_malloc_lock.o)
                0x000000000000db18                __malloc_lock
                0x000000000000db38                __malloc_unlock
 .text          0x000000000000db58      0x14c /data/workspace/ES/lab03/software/camera_app_bsp//libhal_bsp.a(alt_read.o)
                0x000000000000dba8                read
 .text          0x000000000000dca4       0x60 /data/workspace/ES/lab03/software/camera_app_bsp//libhal_bsp.a(alt_release_fd.o)
                0x000000000000dca4                alt_release_fd
 .text          0x000000000000dd04       0xb0 /data/workspace/ES/lab03/software/camera_app_bsp//libhal_bsp.a(alt_sbrk.o)
                0x000000000000dd04                sbrk
 .text          0x000000000000ddb4       0x30 /data/workspace/ES/lab03/software/camera_app_bsp//libhal_bsp.a(alt_usleep.o)
                0x000000000000ddb4                usleep
 .text          0x000000000000dde4      0x148 /data/workspace/ES/lab03/software/camera_app_bsp//libhal_bsp.a(alt_write.o)
                0x000000000000de34                write
 .text          0x000000000000df2c       0xb0 /data/workspace/ES/lab03/software/camera_app_bsp//libhal_bsp.a(alt_sys_init.o)
                0x000000000000df64                alt_irq_init
                0x000000000000df98                alt_sys_init
 .text          0x000000000000dfdc      0x164 /data/workspace/ES/lab03/software/camera_app_bsp//libhal_bsp.a(altera_avalon_jtag_uart_fd.o)
                0x000000000000dfdc                altera_avalon_jtag_uart_read_fd
                0x000000000000e03c                altera_avalon_jtag_uart_write_fd
                0x000000000000e09c                altera_avalon_jtag_uart_close_fd
                0x000000000000e0ec                altera_avalon_jtag_uart_ioctl_fd
 .text          0x000000000000e140      0x3d8 /data/workspace/ES/lab03/software/camera_app_bsp//libhal_bsp.a(altera_avalon_jtag_uart_init.o)
                0x000000000000e140                altera_avalon_jtag_uart_init
                0x000000000000e4b0                altera_avalon_jtag_uart_close
 .text          0x000000000000e518       0xec /data/workspace/ES/lab03/software/camera_app_bsp//libhal_bsp.a(altera_avalon_jtag_uart_ioctl.o)
                0x000000000000e518                altera_avalon_jtag_uart_ioctl
 .text          0x000000000000e604      0x20c /data/workspace/ES/lab03/software/camera_app_bsp//libhal_bsp.a(altera_avalon_jtag_uart_read.o)
                0x000000000000e604                altera_avalon_jtag_uart_read
 .text          0x000000000000e810      0x218 /data/workspace/ES/lab03/software/camera_app_bsp//libhal_bsp.a(altera_avalon_jtag_uart_write.o)
                0x000000000000e810                altera_avalon_jtag_uart_write
 .text          0x000000000000ea28      0x140 /data/workspace/ES/lab03/software/camera_app_bsp//libhal_bsp.a(alt_alarm_start.o)
                0x000000000000ea28                alt_alarm_start
 .text          0x000000000000eb68      0x158 /data/workspace/ES/lab03/software/camera_app_bsp//libhal_bsp.a(alt_busy_sleep.o)
                0x000000000000eb68                alt_busy_sleep
 .text          0x000000000000ecc0       0x1c /data/workspace/ES/lab03/software/camera_app_bsp//libhal_bsp.a(alt_dcache_flush_all.o)
                0x000000000000ecc0                alt_dcache_flush_all
 .text          0x000000000000ecdc       0xf4 /data/workspace/ES/lab03/software/camera_app_bsp//libhal_bsp.a(alt_dev_llist_insert.o)
                0x000000000000ed2c                alt_dev_llist_insert
 .text          0x000000000000edd0       0x5c /data/workspace/ES/lab03/software/camera_app_bsp//libhal_bsp.a(alt_do_ctors.o)
                0x000000000000edd0                _do_ctors
 .text          0x000000000000ee2c       0x5c /data/workspace/ES/lab03/software/camera_app_bsp//libhal_bsp.a(alt_do_dtors.o)
                0x000000000000ee2c                _do_dtors
 .text          0x000000000000ee88       0x30 /data/workspace/ES/lab03/software/camera_app_bsp//libhal_bsp.a(alt_icache_flush_all.o)
                0x000000000000ee88                alt_icache_flush_all
 .text          0x000000000000eeb8      0x1e0 /data/workspace/ES/lab03/software/camera_app_bsp//libhal_bsp.a(alt_iic.o)
                0x000000000000eeb8                alt_ic_isr_register
                0x000000000000ef08                alt_ic_irq_enable
                0x000000000000efa8                alt_ic_irq_disable
                0x000000000000f04c                alt_ic_irq_enabled
 .text          0x000000000000f098       0xf0 /data/workspace/ES/lab03/software/camera_app_bsp//libhal_bsp.a(alt_iic_isr_register.o)
                0x000000000000f098                alt_iic_isr_register
 .text          0x000000000000f188      0x138 /data/workspace/ES/lab03/software/camera_app_bsp//libhal_bsp.a(alt_io_redirect.o)
                0x000000000000f248                alt_io_redirect
 .text          0x000000000000f2c0        0x0 /data/workspace/ES/lab03/software/camera_app_bsp//libhal_bsp.a(alt_irq_entry.o)
 .text          0x000000000000f2c0        0x0 /data/workspace/ES/lab03/software/camera_app_bsp//libhal_bsp.a(alt_irq_handler.o)
 .text          0x000000000000f2c0        0x0 /data/workspace/ES/lab03/software/camera_app_bsp//libhal_bsp.a(alt_irq_vars.o)
 .text          0x000000000000f2c0      0x274 /data/workspace/ES/lab03/software/camera_app_bsp//libhal_bsp.a(alt_open.o)
                0x000000000000f3dc                open
 .text          0x000000000000f534      0x19c /data/workspace/ES/lab03/software/camera_app_bsp//libhal_bsp.a(alt_tick.o)
                0x000000000000f534                alt_alarm_stop
                0x000000000000f5cc                alt_tick
 .text          0x000000000000f6d0       0x20 /data/workspace/ES/lab03/software/camera_app_bsp//libhal_bsp.a(altera_nios2_qsys_irq.o)
                0x000000000000f6d0                altera_nios2_qsys_irq_init
 .text          0x000000000000f6f0        0x0 /data/workspace/ES/lab03/software/camera_app_bsp//libhal_bsp.a(alt_exception_entry.o)
 .text          0x000000000000f6f0       0x90 /data/workspace/ES/lab03/software/camera_app_bsp//libhal_bsp.a(alt_find_dev.o)
                0x000000000000f6f0                alt_find_dev
 .text          0x000000000000f780      0x114 /data/workspace/ES/lab03/software/camera_app_bsp//libhal_bsp.a(alt_find_file.o)
                0x000000000000f780                alt_find_file
 .text          0x000000000000f894       0xb4 /data/workspace/ES/lab03/software/camera_app_bsp//libhal_bsp.a(alt_get_fd.o)
                0x000000000000f894                alt_get_fd
 .text          0x000000000000f948       0x8c /data/workspace/ES/lab03/software/camera_app_bsp//libhal_bsp.a(alt_icache_flush.o)
                0x000000000000f948                alt_icache_flush
 .text          0x000000000000f9d4       0x14 /home/hadrien/altera/15.0/nios2eds/bin/gnu/H-x86_64-pc-linux-gnu/bin/../lib/gcc/nios2-elf/4.9.1/../../../../../H-x86_64-pc-linux-gnu/nios2-elf/lib/libc.a(lib_a-atexit.o)
                0x000000000000f9d4                atexit
 .text          0x000000000000f9e8       0x38 /home/hadrien/altera/15.0/nios2eds/bin/gnu/H-x86_64-pc-linux-gnu/bin/../lib/gcc/nios2-elf/4.9.1/../../../../../H-x86_64-pc-linux-gnu/nios2-elf/lib/libc.a(lib_a-exit.o)
                0x000000000000f9e8                exit
 .text          0x000000000000fa20       0x7c /home/hadrien/altera/15.0/nios2eds/bin/gnu/H-x86_64-pc-linux-gnu/bin/../lib/gcc/nios2-elf/4.9.1/../../../../../H-x86_64-pc-linux-gnu/nios2-elf/lib/libc.a(lib_a-memcmp.o)
                0x000000000000fa20                memcmp
 .text          0x000000000000fa9c      0x114 /home/hadrien/altera/15.0/nios2eds/bin/gnu/H-x86_64-pc-linux-gnu/bin/../lib/gcc/nios2-elf/4.9.1/../../../../../H-x86_64-pc-linux-gnu/nios2-elf/lib/libc.a(lib_a-__atexit.o)
                0x000000000000fa9c                __register_exitproc
 .text          0x000000000000fbb0      0x194 /home/hadrien/altera/15.0/nios2eds/bin/gnu/H-x86_64-pc-linux-gnu/bin/../lib/gcc/nios2-elf/4.9.1/../../../../../H-x86_64-pc-linux-gnu/nios2-elf/lib/libc.a(lib_a-__call_atexit.o)
                0x000000000000fbb0                __call_exitprocs
 .text          0x000000000000fd44       0x34 /data/workspace/ES/lab03/software/camera_app_bsp//libhal_bsp.a(alt_exit.o)
                0x000000000000fd44                _exit
 *(.gnu.warning.*)
 *(.fini)
                0x000000000000fd78                PROVIDE (__etext, ABSOLUTE (.))
                0x000000000000fd78                PROVIDE (_etext, ABSOLUTE (.))
                0x000000000000fd78                PROVIDE (etext, ABSOLUTE (.))
 *(.eh_frame_hdr)
                0x000000000000fd78                . = ALIGN (0x4)
                0x000000000000fd78                PROVIDE (__preinit_array_start, ABSOLUTE (.))
 *(.preinit_array)
                0x000000000000fd78                PROVIDE (__preinit_array_end, ABSOLUTE (.))
                0x000000000000fd78                PROVIDE (__init_array_start, ABSOLUTE (.))
 *(.init_array)
                0x000000000000fd78                PROVIDE (__init_array_end, ABSOLUTE (.))
                0x000000000000fd78                PROVIDE (__fini_array_start, ABSOLUTE (.))
 *(.fini_array)
                0x000000000000fd78                PROVIDE (__fini_array_end, ABSOLUTE (.))
 *(.eh_frame)
 *(.gcc_except_table .gcc_except_table.*)
 *(.dynamic)
                0x000000000000fd78                PROVIDE (__CTOR_LIST__, ABSOLUTE (.))
 *(.ctors)
 *(SORT(.ctors.*))
                0x000000000000fd78                PROVIDE (__CTOR_END__, ABSOLUTE (.))
                0x000000000000fd78                PROVIDE (__DTOR_LIST__, ABSOLUTE (.))
 *(.dtors)
 *(SORT(.dtors.*))
                0x000000000000fd78                PROVIDE (__DTOR_END__, ABSOLUTE (.))
 *(.jcr)
                0x000000000000fd78                . = ALIGN (0x4)

.rodata         0x000000000000fd78      0x3e4
                0x000000000000fd78                PROVIDE (__ram_rodata_start, ABSOLUTE (.))
                0x000000000000fd78                . = ALIGN (0x4)
 *(.rodata .rodata.* .gnu.linkonce.r.*)
 .rodata        0x000000000000fd78       0xec obj/default/hello_world.o
                0x000000000000fd78                cam_presets
 .rodata.str1.4
                0x000000000000fe64        0x2 /home/hadrien/altera/15.0/nios2eds/bin/gnu/H-x86_64-pc-linux-gnu/bin/../lib/gcc/nios2-elf/4.9.1/../../../../../H-x86_64-pc-linux-gnu/nios2-elf/lib/libc.a(lib_a-impure.o)
                                          0x4 (size before relaxing)
 *fill*         0x000000000000fe66        0x2 
 .rodata.str1.4
                0x000000000000fe68        0x2 /home/hadrien/altera/15.0/nios2eds/bin/gnu/H-x86_64-pc-linux-gnu/bin/../lib/gcc/nios2-elf/4.9.1/../../../../../H-x86_64-pc-linux-gnu/nios2-elf/lib/libc.a(lib_a-puts.o)
                                          0x4 (size before relaxing)
 *fill*         0x000000000000fe6a        0x2 
 .rodata.str1.4
                0x000000000000fe6c       0x42 /home/hadrien/altera/15.0/nios2eds/bin/gnu/H-x86_64-pc-linux-gnu/bin/../lib/gcc/nios2-elf/4.9.1/../../../../../H-x86_64-pc-linux-gnu/nios2-elf/lib/libc.a(lib_a-vfprintf.o)
                                         0x44 (size before relaxing)
 .rodata        0x000000000000feae       0x20 /home/hadrien/altera/15.0/nios2eds/bin/gnu/H-x86_64-pc-linux-gnu/bin/../lib/gcc/nios2-elf/4.9.1/../../../../../H-x86_64-pc-linux-gnu/nios2-elf/lib/libc.a(lib_a-vfprintf.o)
 *fill*         0x000000000000fece        0x2 
 .rodata.str1.4
                0x000000000000fed0       0x10 /home/hadrien/altera/15.0/nios2eds/bin/gnu/H-x86_64-pc-linux-gnu/bin/../lib/gcc/nios2-elf/4.9.1/../../../../../H-x86_64-pc-linux-gnu/nios2-elf/lib/libc.a(lib_a-dtoa.o)
                                         0x14 (size before relaxing)
 .rodata.str1.4
                0x000000000000fee0        0xc /home/hadrien/altera/15.0/nios2eds/bin/gnu/H-x86_64-pc-linux-gnu/bin/../lib/gcc/nios2-elf/4.9.1/../../../../../H-x86_64-pc-linux-gnu/nios2-elf/lib/libc.a(lib_a-locale.o)
                                         0x14 (size before relaxing)
 .rodata        0x000000000000feec      0x124 /home/hadrien/altera/15.0/nios2eds/bin/gnu/H-x86_64-pc-linux-gnu/bin/../lib/gcc/nios2-elf/4.9.1/../../../../../H-x86_64-pc-linux-gnu/nios2-elf/lib/libc.a(lib_a-mprec.o)
                0x000000000000fef8                __mprec_tinytens
                0x000000000000ff20                __mprec_bigtens
                0x000000000000ff48                __mprec_tens
 .rodata.str1.4
                0x0000000000000000       0x30 /home/hadrien/altera/15.0/nios2eds/bin/gnu/H-x86_64-pc-linux-gnu/bin/../lib/gcc/nios2-elf/4.9.1/../../../../../H-x86_64-pc-linux-gnu/nios2-elf/lib/libc.a(lib_a-vfiprintf.o)
 .rodata        0x0000000000010010       0x20 /home/hadrien/altera/15.0/nios2eds/bin/gnu/H-x86_64-pc-linux-gnu/bin/../lib/gcc/nios2-elf/4.9.1/../../../../../H-x86_64-pc-linux-gnu/nios2-elf/lib/libc.a(lib_a-vfiprintf.o)
 .rodata        0x0000000000010030      0x100 /home/hadrien/altera/15.0/nios2eds/bin/gnu/H-x86_64-pc-linux-gnu/bin/../lib/gcc/nios2-elf/4.9.1/libgcc.a(_clz.o)
                0x0000000000010030                __clz_tab
 .rodata        0x0000000000010130        0xc /data/workspace/ES/lab03/software/camera_app_bsp//libhal_bsp.a(alt_dev.o)
 .rodata        0x000000000001013c       0x10 /data/workspace/ES/lab03/software/camera_app_bsp//libhal_bsp.a(alt_main.o)
 .rodata        0x000000000001014c       0x10 /data/workspace/ES/lab03/software/camera_app_bsp//libhal_bsp.a(alt_sys_init.o)
 *(.rodata1)
                0x000000000001015c                . = ALIGN (0x4)
                0x000000000001015c                PROVIDE (__ram_rodata_end, ABSOLUTE (.))
                0x000000000000fd78                PROVIDE (__flash_rodata_start, LOADADDR (.rodata))

.rwdata         0x000000000001015c     0x1aec load address 0x0000000000011c48
                0x000000000001015c                PROVIDE (__ram_rwdata_start, ABSOLUTE (.))
                0x000000000001015c                . = ALIGN (0x4)
 *(.got.plt)
 *(.got)
 *(.data1)
 *(.data .data.* .gnu.linkonce.d.*)
 .data          0x000000000001015c        0x0 /data/workspace/ES/lab03/software/camera_app_bsp//obj/HAL/src/crt0.o
 .data          0x000000000001015c        0x0 obj/default/hello_world.o
 .data          0x000000000001015c        0x0 obj/default/i2c/i2c.o
 .data          0x000000000001015c        0x0 /home/hadrien/altera/15.0/nios2eds/bin/gnu/H-x86_64-pc-linux-gnu/bin/../lib/gcc/nios2-elf/4.9.1/libgcc.a(lib2-divmod.o)
 .data          0x000000000001015c        0x0 /home/hadrien/altera/15.0/nios2eds/bin/gnu/H-x86_64-pc-linux-gnu/bin/../lib/gcc/nios2-elf/4.9.1/../../../../../H-x86_64-pc-linux-gnu/nios2-elf/lib/libc.a(lib_a-calloc.o)
 .data          0x000000000001015c        0x0 /home/hadrien/altera/15.0/nios2eds/bin/gnu/H-x86_64-pc-linux-gnu/bin/../lib/gcc/nios2-elf/4.9.1/../../../../../H-x86_64-pc-linux-gnu/nios2-elf/lib/libc.a(lib_a-callocr.o)
 .data          0x000000000001015c      0x424 /home/hadrien/altera/15.0/nios2eds/bin/gnu/H-x86_64-pc-linux-gnu/bin/../lib/gcc/nios2-elf/4.9.1/../../../../../H-x86_64-pc-linux-gnu/nios2-elf/lib/libc.a(lib_a-impure.o)
 .data          0x0000000000010580      0x408 /home/hadrien/altera/15.0/nios2eds/bin/gnu/H-x86_64-pc-linux-gnu/bin/../lib/gcc/nios2-elf/4.9.1/../../../../../H-x86_64-pc-linux-gnu/nios2-elf/lib/libc.a(lib_a-mallocr.o)
                0x0000000000010580                __malloc_av_
 .data          0x0000000000010988        0x0 /home/hadrien/altera/15.0/nios2eds/bin/gnu/H-x86_64-pc-linux-gnu/bin/../lib/gcc/nios2-elf/4.9.1/../../../../../H-x86_64-pc-linux-gnu/nios2-elf/lib/libc.a(lib_a-memset.o)
 .data          0x0000000000010988        0x0 /home/hadrien/altera/15.0/nios2eds/bin/gnu/H-x86_64-pc-linux-gnu/bin/../lib/gcc/nios2-elf/4.9.1/../../../../../H-x86_64-pc-linux-gnu/nios2-elf/lib/libc.a(lib_a-printf.o)
 .data          0x0000000000010988        0x0 /home/hadrien/altera/15.0/nios2eds/bin/gnu/H-x86_64-pc-linux-gnu/bin/../lib/gcc/nios2-elf/4.9.1/../../../../../H-x86_64-pc-linux-gnu/nios2-elf/lib/libc.a(lib_a-putc.o)
 .data          0x0000000000010988        0x0 /home/hadrien/altera/15.0/nios2eds/bin/gnu/H-x86_64-pc-linux-gnu/bin/../lib/gcc/nios2-elf/4.9.1/../../../../../H-x86_64-pc-linux-gnu/nios2-elf/lib/libc.a(lib_a-puts.o)
 .data          0x0000000000010988        0x0 /home/hadrien/altera/15.0/nios2eds/bin/gnu/H-x86_64-pc-linux-gnu/bin/../lib/gcc/nios2-elf/4.9.1/../../../../../H-x86_64-pc-linux-gnu/nios2-elf/lib/libc.a(lib_a-sbrkr.o)
 .data          0x0000000000010988        0x0 /home/hadrien/altera/15.0/nios2eds/bin/gnu/H-x86_64-pc-linux-gnu/bin/../lib/gcc/nios2-elf/4.9.1/../../../../../H-x86_64-pc-linux-gnu/nios2-elf/lib/libc.a(lib_a-strlen.o)
 .data          0x0000000000010988        0x0 /home/hadrien/altera/15.0/nios2eds/bin/gnu/H-x86_64-pc-linux-gnu/bin/../lib/gcc/nios2-elf/4.9.1/../../../../../H-x86_64-pc-linux-gnu/nios2-elf/lib/libc.a(lib_a-vfprintf.o)
 .data          0x0000000000010988        0x0 /home/hadrien/altera/15.0/nios2eds/bin/gnu/H-x86_64-pc-linux-gnu/bin/../lib/gcc/nios2-elf/4.9.1/../../../../../H-x86_64-pc-linux-gnu/nios2-elf/lib/libc.a(lib_a-wbuf.o)
 .data          0x0000000000010988        0x0 /home/hadrien/altera/15.0/nios2eds/bin/gnu/H-x86_64-pc-linux-gnu/bin/../lib/gcc/nios2-elf/4.9.1/../../../../../H-x86_64-pc-linux-gnu/nios2-elf/lib/libc.a(lib_a-wsetup.o)
 .data          0x0000000000010988        0x0 /home/hadrien/altera/15.0/nios2eds/bin/gnu/H-x86_64-pc-linux-gnu/bin/../lib/gcc/nios2-elf/4.9.1/../../../../../H-x86_64-pc-linux-gnu/nios2-elf/lib/libc.a(lib_a-dtoa.o)
 .data          0x0000000000010988        0x0 /home/hadrien/altera/15.0/nios2eds/bin/gnu/H-x86_64-pc-linux-gnu/bin/../lib/gcc/nios2-elf/4.9.1/../../../../../H-x86_64-pc-linux-gnu/nios2-elf/lib/libc.a(lib_a-fflush.o)
 .data          0x0000000000010988        0x0 /home/hadrien/altera/15.0/nios2eds/bin/gnu/H-x86_64-pc-linux-gnu/bin/../lib/gcc/nios2-elf/4.9.1/../../../../../H-x86_64-pc-linux-gnu/nios2-elf/lib/libc.a(lib_a-findfp.o)
 .data          0x0000000000010988        0x0 /home/hadrien/altera/15.0/nios2eds/bin/gnu/H-x86_64-pc-linux-gnu/bin/../lib/gcc/nios2-elf/4.9.1/../../../../../H-x86_64-pc-linux-gnu/nios2-elf/lib/libc.a(lib_a-freer.o)
 .data          0x0000000000010988        0x0 /home/hadrien/altera/15.0/nios2eds/bin/gnu/H-x86_64-pc-linux-gnu/bin/../lib/gcc/nios2-elf/4.9.1/../../../../../H-x86_64-pc-linux-gnu/nios2-elf/lib/libc.a(lib_a-fvwrite.o)
 .data          0x0000000000010988        0x0 /home/hadrien/altera/15.0/nios2eds/bin/gnu/H-x86_64-pc-linux-gnu/bin/../lib/gcc/nios2-elf/4.9.1/../../../../../H-x86_64-pc-linux-gnu/nios2-elf/lib/libc.a(lib_a-fwalk.o)
 .data          0x0000000000010988        0x0 /home/hadrien/altera/15.0/nios2eds/bin/gnu/H-x86_64-pc-linux-gnu/bin/../lib/gcc/nios2-elf/4.9.1/../../../../../H-x86_64-pc-linux-gnu/nios2-elf/lib/libc.a(lib_a-int_errno.o)
 .data          0x0000000000010988       0x78 /home/hadrien/altera/15.0/nios2eds/bin/gnu/H-x86_64-pc-linux-gnu/bin/../lib/gcc/nios2-elf/4.9.1/../../../../../H-x86_64-pc-linux-gnu/nios2-elf/lib/libc.a(lib_a-locale.o)
 .data          0x0000000000010a00        0x0 /home/hadrien/altera/15.0/nios2eds/bin/gnu/H-x86_64-pc-linux-gnu/bin/../lib/gcc/nios2-elf/4.9.1/../../../../../H-x86_64-pc-linux-gnu/nios2-elf/lib/libc.a(lib_a-makebuf.o)
 .data          0x0000000000010a00        0x0 /home/hadrien/altera/15.0/nios2eds/bin/gnu/H-x86_64-pc-linux-gnu/bin/../lib/gcc/nios2-elf/4.9.1/../../../../../H-x86_64-pc-linux-gnu/nios2-elf/lib/libc.a(lib_a-memchr.o)
 .data          0x0000000000010a00        0x0 /home/hadrien/altera/15.0/nios2eds/bin/gnu/H-x86_64-pc-linux-gnu/bin/../lib/gcc/nios2-elf/4.9.1/../../../../../H-x86_64-pc-linux-gnu/nios2-elf/lib/libc.a(lib_a-memcpy.o)
 .data          0x0000000000010a00        0x0 /home/hadrien/altera/15.0/nios2eds/bin/gnu/H-x86_64-pc-linux-gnu/bin/../lib/gcc/nios2-elf/4.9.1/../../../../../H-x86_64-pc-linux-gnu/nios2-elf/lib/libc.a(lib_a-memmove.o)
 .data          0x0000000000010a00        0x0 /home/hadrien/altera/15.0/nios2eds/bin/gnu/H-x86_64-pc-linux-gnu/bin/../lib/gcc/nios2-elf/4.9.1/../../../../../H-x86_64-pc-linux-gnu/nios2-elf/lib/libc.a(lib_a-mprec.o)
 .data          0x0000000000010a00        0x0 /home/hadrien/altera/15.0/nios2eds/bin/gnu/H-x86_64-pc-linux-gnu/bin/../lib/gcc/nios2-elf/4.9.1/../../../../../H-x86_64-pc-linux-gnu/nios2-elf/lib/libc.a(lib_a-reallocr.o)
 .data          0x0000000000010a00        0x0 /home/hadrien/altera/15.0/nios2eds/bin/gnu/H-x86_64-pc-linux-gnu/bin/../lib/gcc/nios2-elf/4.9.1/../../../../../H-x86_64-pc-linux-gnu/nios2-elf/lib/libc.a(lib_a-s_fpclassify.o)
 .data          0x0000000000010a00        0x0 /home/hadrien/altera/15.0/nios2eds/bin/gnu/H-x86_64-pc-linux-gnu/bin/../lib/gcc/nios2-elf/4.9.1/../../../../../H-x86_64-pc-linux-gnu/nios2-elf/lib/libc.a(lib_a-stdio.o)
 .data          0x0000000000010a00        0x0 /home/hadrien/altera/15.0/nios2eds/bin/gnu/H-x86_64-pc-linux-gnu/bin/../lib/gcc/nios2-elf/4.9.1/../../../../../H-x86_64-pc-linux-gnu/nios2-elf/lib/libc.a(lib_a-strcmp.o)
 .data          0x0000000000010a00        0x0 /home/hadrien/altera/15.0/nios2eds/bin/gnu/H-x86_64-pc-linux-gnu/bin/../lib/gcc/nios2-elf/4.9.1/../../../../../H-x86_64-pc-linux-gnu/nios2-elf/lib/libc.a(lib_a-vfiprintf.o)
 .data          0x0000000000010a00        0x0 /home/hadrien/altera/15.0/nios2eds/bin/gnu/H-x86_64-pc-linux-gnu/bin/../lib/gcc/nios2-elf/4.9.1/../../../../../H-x86_64-pc-linux-gnu/nios2-elf/lib/libc.a(lib_a-writer.o)
 .data          0x0000000000010a00        0x0 /home/hadrien/altera/15.0/nios2eds/bin/gnu/H-x86_64-pc-linux-gnu/bin/../lib/gcc/nios2-elf/4.9.1/../../../../../H-x86_64-pc-linux-gnu/nios2-elf/lib/libc.a(closer.o)
 .data          0x0000000000010a00        0x0 /home/hadrien/altera/15.0/nios2eds/bin/gnu/H-x86_64-pc-linux-gnu/bin/../lib/gcc/nios2-elf/4.9.1/../../../../../H-x86_64-pc-linux-gnu/nios2-elf/lib/libc.a(lib_a-fclose.o)
 .data          0x0000000000010a00        0x0 /home/hadrien/altera/15.0/nios2eds/bin/gnu/H-x86_64-pc-linux-gnu/bin/../lib/gcc/nios2-elf/4.9.1/../../../../../H-x86_64-pc-linux-gnu/nios2-elf/lib/libc.a(lib_a-fputwc.o)
 .data          0x0000000000010a00        0x0 /home/hadrien/altera/15.0/nios2eds/bin/gnu/H-x86_64-pc-linux-gnu/bin/../lib/gcc/nios2-elf/4.9.1/../../../../../H-x86_64-pc-linux-gnu/nios2-elf/lib/libc.a(lib_a-fstatr.o)
 .data          0x0000000000010a00        0x0 /home/hadrien/altera/15.0/nios2eds/bin/gnu/H-x86_64-pc-linux-gnu/bin/../lib/gcc/nios2-elf/4.9.1/../../../../../H-x86_64-pc-linux-gnu/nios2-elf/lib/libc.a(lib_a-isattyr.o)
 .data          0x0000000000010a00        0x0 /home/hadrien/altera/15.0/nios2eds/bin/gnu/H-x86_64-pc-linux-gnu/bin/../lib/gcc/nios2-elf/4.9.1/../../../../../H-x86_64-pc-linux-gnu/nios2-elf/lib/libc.a(lib_a-lseekr.o)
 .data          0x0000000000010a00        0x0 /home/hadrien/altera/15.0/nios2eds/bin/gnu/H-x86_64-pc-linux-gnu/bin/../lib/gcc/nios2-elf/4.9.1/../../../../../H-x86_64-pc-linux-gnu/nios2-elf/lib/libc.a(lib_a-readr.o)
 .data          0x0000000000010a00        0x0 /home/hadrien/altera/15.0/nios2eds/bin/gnu/H-x86_64-pc-linux-gnu/bin/../lib/gcc/nios2-elf/4.9.1/../../../../../H-x86_64-pc-linux-gnu/nios2-elf/lib/libc.a(lib_a-wcrtomb.o)
 .data          0x0000000000010a00        0x0 /home/hadrien/altera/15.0/nios2eds/bin/gnu/H-x86_64-pc-linux-gnu/bin/../lib/gcc/nios2-elf/4.9.1/../../../../../H-x86_64-pc-linux-gnu/nios2-elf/lib/libc.a(lib_a-wctomb_r.o)
 .data          0x0000000000010a00        0x0 /home/hadrien/altera/15.0/nios2eds/bin/gnu/H-x86_64-pc-linux-gnu/bin/../lib/gcc/nios2-elf/4.9.1/libgcc.a(_udivdi3.o)
 .data          0x0000000000010a00        0x0 /home/hadrien/altera/15.0/nios2eds/bin/gnu/H-x86_64-pc-linux-gnu/bin/../lib/gcc/nios2-elf/4.9.1/libgcc.a(_umoddi3.o)
 .data          0x0000000000010a00        0x0 /home/hadrien/altera/15.0/nios2eds/bin/gnu/H-x86_64-pc-linux-gnu/bin/../lib/gcc/nios2-elf/4.9.1/libgcc.a(adddf3.o)
 .data          0x0000000000010a00        0x0 /home/hadrien/altera/15.0/nios2eds/bin/gnu/H-x86_64-pc-linux-gnu/bin/../lib/gcc/nios2-elf/4.9.1/libgcc.a(divdf3.o)
 .data          0x0000000000010a00        0x0 /home/hadrien/altera/15.0/nios2eds/bin/gnu/H-x86_64-pc-linux-gnu/bin/../lib/gcc/nios2-elf/4.9.1/libgcc.a(eqdf2.o)
 .data          0x0000000000010a00        0x0 /home/hadrien/altera/15.0/nios2eds/bin/gnu/H-x86_64-pc-linux-gnu/bin/../lib/gcc/nios2-elf/4.9.1/libgcc.a(gedf2.o)
 .data          0x0000000000010a00        0x0 /home/hadrien/altera/15.0/nios2eds/bin/gnu/H-x86_64-pc-linux-gnu/bin/../lib/gcc/nios2-elf/4.9.1/libgcc.a(ledf2.o)
 .data          0x0000000000010a00        0x0 /home/hadrien/altera/15.0/nios2eds/bin/gnu/H-x86_64-pc-linux-gnu/bin/../lib/gcc/nios2-elf/4.9.1/libgcc.a(muldf3.o)
 .data          0x0000000000010a00        0x0 /home/hadrien/altera/15.0/nios2eds/bin/gnu/H-x86_64-pc-linux-gnu/bin/../lib/gcc/nios2-elf/4.9.1/libgcc.a(subdf3.o)
 .data          0x0000000000010a00        0x0 /home/hadrien/altera/15.0/nios2eds/bin/gnu/H-x86_64-pc-linux-gnu/bin/../lib/gcc/nios2-elf/4.9.1/libgcc.a(fixdfsi.o)
 .data          0x0000000000010a00        0x0 /home/hadrien/altera/15.0/nios2eds/bin/gnu/H-x86_64-pc-linux-gnu/bin/../lib/gcc/nios2-elf/4.9.1/libgcc.a(floatsidf.o)
 .data          0x0000000000010a00        0x0 /home/hadrien/altera/15.0/nios2eds/bin/gnu/H-x86_64-pc-linux-gnu/bin/../lib/gcc/nios2-elf/4.9.1/libgcc.a(floatunsidf.o)
 .data          0x0000000000010a00        0x0 /home/hadrien/altera/15.0/nios2eds/bin/gnu/H-x86_64-pc-linux-gnu/bin/../lib/gcc/nios2-elf/4.9.1/libgcc.a(_clz.o)
 .data          0x0000000000010a00        0x0 /home/hadrien/altera/15.0/nios2eds/bin/gnu/H-x86_64-pc-linux-gnu/bin/../lib/gcc/nios2-elf/4.9.1/libgcc.a(_clzsi2.o)
 .data          0x0000000000010a00        0x0 /data/workspace/ES/lab03/software/camera_app_bsp//libhal_bsp.a(alt_close.o)
 .data          0x0000000000010a00      0x1a8 /data/workspace/ES/lab03/software/camera_app_bsp//libhal_bsp.a(alt_dev.o)
                0x0000000000010a00                alt_dev_null
                0x0000000000010a28                alt_fd_list
 .data          0x0000000000010ba8        0x0 /data/workspace/ES/lab03/software/camera_app_bsp//libhal_bsp.a(alt_errno.o)
 .data          0x0000000000010ba8        0x0 /data/workspace/ES/lab03/software/camera_app_bsp//libhal_bsp.a(alt_fstat.o)
 .data          0x0000000000010ba8        0x0 /data/workspace/ES/lab03/software/camera_app_bsp//libhal_bsp.a(alt_isatty.o)
 .data          0x0000000000010ba8        0x0 /data/workspace/ES/lab03/software/camera_app_bsp//libhal_bsp.a(alt_load.o)
 .data          0x0000000000010ba8        0x0 /data/workspace/ES/lab03/software/camera_app_bsp//libhal_bsp.a(alt_lseek.o)
 .data          0x0000000000010ba8        0x0 /data/workspace/ES/lab03/software/camera_app_bsp//libhal_bsp.a(alt_main.o)
 .data          0x0000000000010ba8        0x0 /data/workspace/ES/lab03/software/camera_app_bsp//libhal_bsp.a(alt_malloc_lock.o)
 .data          0x0000000000010ba8        0x0 /data/workspace/ES/lab03/software/camera_app_bsp//libhal_bsp.a(alt_read.o)
 .data          0x0000000000010ba8        0x0 /data/workspace/ES/lab03/software/camera_app_bsp//libhal_bsp.a(alt_release_fd.o)
 .data          0x0000000000010ba8        0x0 /data/workspace/ES/lab03/software/camera_app_bsp//libhal_bsp.a(alt_sbrk.o)
 .data          0x0000000000010ba8        0x0 /data/workspace/ES/lab03/software/camera_app_bsp//libhal_bsp.a(alt_usleep.o)
 .data          0x0000000000010ba8        0x0 /data/workspace/ES/lab03/software/camera_app_bsp//libhal_bsp.a(alt_write.o)
 .data          0x0000000000010ba8     0x1060 /data/workspace/ES/lab03/software/camera_app_bsp//libhal_bsp.a(alt_sys_init.o)
 .data          0x0000000000011c08        0x0 /data/workspace/ES/lab03/software/camera_app_bsp//libhal_bsp.a(altera_avalon_jtag_uart_fd.o)
 .data          0x0000000000011c08        0x0 /data/workspace/ES/lab03/software/camera_app_bsp//libhal_bsp.a(altera_avalon_jtag_uart_init.o)
 .data          0x0000000000011c08        0x0 /data/workspace/ES/lab03/software/camera_app_bsp//libhal_bsp.a(altera_avalon_jtag_uart_ioctl.o)
 .data          0x0000000000011c08        0x0 /data/workspace/ES/lab03/software/camera_app_bsp//libhal_bsp.a(altera_avalon_jtag_uart_read.o)
 .data          0x0000000000011c08        0x0 /data/workspace/ES/lab03/software/camera_app_bsp//libhal_bsp.a(altera_avalon_jtag_uart_write.o)
 .data          0x0000000000011c08        0x0 /data/workspace/ES/lab03/software/camera_app_bsp//libhal_bsp.a(alt_alarm_start.o)
 .data          0x0000000000011c08        0x0 /data/workspace/ES/lab03/software/camera_app_bsp//libhal_bsp.a(alt_busy_sleep.o)
 .data          0x0000000000011c08        0x0 /data/workspace/ES/lab03/software/camera_app_bsp//libhal_bsp.a(alt_dcache_flush_all.o)
 .data          0x0000000000011c08        0x0 /data/workspace/ES/lab03/software/camera_app_bsp//libhal_bsp.a(alt_dev_llist_insert.o)
 .data          0x0000000000011c08        0x0 /data/workspace/ES/lab03/software/camera_app_bsp//libhal_bsp.a(alt_do_ctors.o)
 .data          0x0000000000011c08        0x0 /data/workspace/ES/lab03/software/camera_app_bsp//libhal_bsp.a(alt_do_dtors.o)
 .data          0x0000000000011c08        0x0 /data/workspace/ES/lab03/software/camera_app_bsp//libhal_bsp.a(alt_icache_flush_all.o)
 .data          0x0000000000011c08        0x0 /data/workspace/ES/lab03/software/camera_app_bsp//libhal_bsp.a(alt_iic.o)
 .data          0x0000000000011c08        0x0 /data/workspace/ES/lab03/software/camera_app_bsp//libhal_bsp.a(alt_iic_isr_register.o)
 .data          0x0000000000011c08        0x0 /data/workspace/ES/lab03/software/camera_app_bsp//libhal_bsp.a(alt_io_redirect.o)
 .data          0x0000000000011c08        0x0 /data/workspace/ES/lab03/software/camera_app_bsp//libhal_bsp.a(alt_irq_entry.o)
 .data          0x0000000000011c08        0x0 /data/workspace/ES/lab03/software/camera_app_bsp//libhal_bsp.a(alt_irq_handler.o)
 .data          0x0000000000011c08        0x0 /data/workspace/ES/lab03/software/camera_app_bsp//libhal_bsp.a(alt_irq_vars.o)
 .data          0x0000000000011c08        0x0 /data/workspace/ES/lab03/software/camera_app_bsp//libhal_bsp.a(alt_open.o)
 .data          0x0000000000011c08        0x0 /data/workspace/ES/lab03/software/camera_app_bsp//libhal_bsp.a(alt_tick.o)
 .data          0x0000000000011c08        0x0 /data/workspace/ES/lab03/software/camera_app_bsp//libhal_bsp.a(altera_nios2_qsys_irq.o)
 .data          0x0000000000011c08        0x0 /data/workspace/ES/lab03/software/camera_app_bsp//libhal_bsp.a(alt_exception_entry.o)
 .data          0x0000000000011c08        0x0 /data/workspace/ES/lab03/software/camera_app_bsp//libhal_bsp.a(alt_find_dev.o)
 .data          0x0000000000011c08        0x0 /data/workspace/ES/lab03/software/camera_app_bsp//libhal_bsp.a(alt_find_file.o)
 .data          0x0000000000011c08        0x0 /data/workspace/ES/lab03/software/camera_app_bsp//libhal_bsp.a(alt_get_fd.o)
 .data          0x0000000000011c08        0x0 /data/workspace/ES/lab03/software/camera_app_bsp//libhal_bsp.a(alt_icache_flush.o)
 .data          0x0000000000011c08        0x0 /home/hadrien/altera/15.0/nios2eds/bin/gnu/H-x86_64-pc-linux-gnu/bin/../lib/gcc/nios2-elf/4.9.1/../../../../../H-x86_64-pc-linux-gnu/nios2-elf/lib/libc.a(lib_a-atexit.o)
 .data          0x0000000000011c08        0x0 /home/hadrien/altera/15.0/nios2eds/bin/gnu/H-x86_64-pc-linux-gnu/bin/../lib/gcc/nios2-elf/4.9.1/../../../../../H-x86_64-pc-linux-gnu/nios2-elf/lib/libc.a(lib_a-exit.o)
 .data          0x0000000000011c08        0x0 /home/hadrien/altera/15.0/nios2eds/bin/gnu/H-x86_64-pc-linux-gnu/bin/../lib/gcc/nios2-elf/4.9.1/../../../../../H-x86_64-pc-linux-gnu/nios2-elf/lib/libc.a(lib_a-memcmp.o)
 .data          0x0000000000011c08        0x0 /home/hadrien/altera/15.0/nios2eds/bin/gnu/H-x86_64-pc-linux-gnu/bin/../lib/gcc/nios2-elf/4.9.1/../../../../../H-x86_64-pc-linux-gnu/nios2-elf/lib/libc.a(lib_a-__atexit.o)
 .data          0x0000000000011c08        0x0 /home/hadrien/altera/15.0/nios2eds/bin/gnu/H-x86_64-pc-linux-gnu/bin/../lib/gcc/nios2-elf/4.9.1/../../../../../H-x86_64-pc-linux-gnu/nios2-elf/lib/libc.a(lib_a-__call_atexit.o)
 .data          0x0000000000011c08        0x0 /data/workspace/ES/lab03/software/camera_app_bsp//libhal_bsp.a(alt_exit.o)
                0x0000000000019c08                _gp = ABSOLUTE ((. + 0x8000))
                0x0000000000019c08                PROVIDE (gp, _gp)
 *(.rwdata .rwdata.*)
 *(.sdata .sdata.* .gnu.linkonce.s.*)
 .sdata         0x0000000000011c08        0x8 /home/hadrien/altera/15.0/nios2eds/bin/gnu/H-x86_64-pc-linux-gnu/bin/../lib/gcc/nios2-elf/4.9.1/../../../../../H-x86_64-pc-linux-gnu/nios2-elf/lib/libc.a(lib_a-impure.o)
                0x0000000000011c08                _global_impure_ptr
                0x0000000000011c0c                _impure_ptr
 .sdata         0x0000000000011c10        0x8 /home/hadrien/altera/15.0/nios2eds/bin/gnu/H-x86_64-pc-linux-gnu/bin/../lib/gcc/nios2-elf/4.9.1/../../../../../H-x86_64-pc-linux-gnu/nios2-elf/lib/libc.a(lib_a-mallocr.o)
                0x0000000000011c10                __malloc_sbrk_base
                0x0000000000011c14                __malloc_trim_threshold
 .sdata         0x0000000000011c18        0x4 /home/hadrien/altera/15.0/nios2eds/bin/gnu/H-x86_64-pc-linux-gnu/bin/../lib/gcc/nios2-elf/4.9.1/../../../../../H-x86_64-pc-linux-gnu/nios2-elf/lib/libc.a(lib_a-locale.o)
                0x0000000000011c18                __mb_cur_max
 .sdata         0x0000000000011c1c        0x4 /home/hadrien/altera/15.0/nios2eds/bin/gnu/H-x86_64-pc-linux-gnu/bin/../lib/gcc/nios2-elf/4.9.1/../../../../../H-x86_64-pc-linux-gnu/nios2-elf/lib/libc.a(lib_a-wctomb_r.o)
                0x0000000000011c1c                __wctomb
 .sdata         0x0000000000011c20       0x14 /data/workspace/ES/lab03/software/camera_app_bsp//libhal_bsp.a(alt_dev.o)
                0x0000000000011c20                alt_fs_list
                0x0000000000011c28                alt_dev_list
                0x0000000000011c30                alt_max_fd
 .sdata         0x0000000000011c34        0x4 /data/workspace/ES/lab03/software/camera_app_bsp//libhal_bsp.a(alt_errno.o)
                0x0000000000011c34                alt_errno
 .sdata         0x0000000000011c38        0x4 /data/workspace/ES/lab03/software/camera_app_bsp//libhal_bsp.a(alt_sbrk.o)
 .sdata         0x0000000000011c3c        0x4 /data/workspace/ES/lab03/software/camera_app_bsp//libhal_bsp.a(alt_irq_vars.o)
                0x0000000000011c3c                alt_priority_mask
 .sdata         0x0000000000011c40        0x8 /data/workspace/ES/lab03/software/camera_app_bsp//libhal_bsp.a(alt_tick.o)
                0x0000000000011c40                alt_alarm_list
 *(.sdata2 .sdata2.* .gnu.linkonce.s2.*)
                0x0000000000011c48                . = ALIGN (0x4)
                0x0000000000011c48                _edata = ABSOLUTE (.)
                0x0000000000011c48                PROVIDE (edata, ABSOLUTE (.))
                0x0000000000011c48                PROVIDE (__ram_rwdata_end, ABSOLUTE (.))
                0x0000000000011c48                PROVIDE (__flash_rwdata_start, LOADADDR (.rwdata))

.bss            0x0000000000013734      0x15c
                0x0000000000013734                __bss_start = ABSOLUTE (.)
                0x0000000000013734                PROVIDE (__sbss_start, ABSOLUTE (.))
                0x0000000000013734                PROVIDE (___sbss_start, ABSOLUTE (.))
 *(.dynsbss)
 *(.sbss .sbss.* .gnu.linkonce.sb.*)
 .sbss          0x0000000000013734        0xc /home/hadrien/altera/15.0/nios2eds/bin/gnu/H-x86_64-pc-linux-gnu/bin/../lib/gcc/nios2-elf/4.9.1/../../../../../H-x86_64-pc-linux-gnu/nios2-elf/lib/libc.a(lib_a-mallocr.o)
                0x0000000000013734                __malloc_max_total_mem
                0x0000000000013738                __malloc_max_sbrked_mem
                0x000000000001373c                __malloc_top_pad
 .sbss          0x0000000000013740        0x4 /home/hadrien/altera/15.0/nios2eds/bin/gnu/H-x86_64-pc-linux-gnu/bin/../lib/gcc/nios2-elf/4.9.1/../../../../../H-x86_64-pc-linux-gnu/nios2-elf/lib/libc.a(lib_a-int_errno.o)
                0x0000000000013740                errno
 .sbss          0x0000000000013744        0xc /home/hadrien/altera/15.0/nios2eds/bin/gnu/H-x86_64-pc-linux-gnu/bin/../lib/gcc/nios2-elf/4.9.1/../../../../../H-x86_64-pc-linux-gnu/nios2-elf/lib/libc.a(lib_a-locale.o)
                0x0000000000013744                _PathLocale
                0x0000000000013748                __mlocale_changed
                0x000000000001374c                __nlocale_changed
 .sbss          0x0000000000013750        0xc /data/workspace/ES/lab03/software/camera_app_bsp//libhal_bsp.a(alt_main.o)
                0x0000000000013750                alt_argc
                0x0000000000013754                alt_argv
                0x0000000000013758                alt_envp
 .sbss          0x000000000001375c        0x4 /data/workspace/ES/lab03/software/camera_app_bsp//libhal_bsp.a(alt_irq_vars.o)
                0x000000000001375c                alt_irq_active
 .sbss          0x0000000000013760        0x8 /data/workspace/ES/lab03/software/camera_app_bsp//libhal_bsp.a(alt_tick.o)
                0x0000000000013760                _alt_tick_rate
                0x0000000000013764                _alt_nticks
 *(.sbss2 .sbss2.* .gnu.linkonce.sb2.*)
 *(.scommon)
                0x0000000000013768                PROVIDE (__sbss_end, ABSOLUTE (.))
                0x0000000000013768                PROVIDE (___sbss_end, ABSOLUTE (.))
 *(.dynbss)
 *(.bss .bss.* .gnu.linkonce.b.*)
 .bss           0x0000000000013768        0x0 /data/workspace/ES/lab03/software/camera_app_bsp//obj/HAL/src/crt0.o
 .bss           0x0000000000013768        0x0 obj/default/hello_world.o
 .bss           0x0000000000013768        0x0 obj/default/i2c/i2c.o
 .bss           0x0000000000013768        0x0 /home/hadrien/altera/15.0/nios2eds/bin/gnu/H-x86_64-pc-linux-gnu/bin/../lib/gcc/nios2-elf/4.9.1/libgcc.a(lib2-divmod.o)
 .bss           0x0000000000013768        0x0 /home/hadrien/altera/15.0/nios2eds/bin/gnu/H-x86_64-pc-linux-gnu/bin/../lib/gcc/nios2-elf/4.9.1/../../../../../H-x86_64-pc-linux-gnu/nios2-elf/lib/libc.a(lib_a-calloc.o)
 .bss           0x0000000000013768        0x0 /home/hadrien/altera/15.0/nios2eds/bin/gnu/H-x86_64-pc-linux-gnu/bin/../lib/gcc/nios2-elf/4.9.1/../../../../../H-x86_64-pc-linux-gnu/nios2-elf/lib/libc.a(lib_a-callocr.o)
 .bss           0x0000000000013768        0x0 /home/hadrien/altera/15.0/nios2eds/bin/gnu/H-x86_64-pc-linux-gnu/bin/../lib/gcc/nios2-elf/4.9.1/../../../../../H-x86_64-pc-linux-gnu/nios2-elf/lib/libc.a(lib_a-impure.o)
 .bss           0x0000000000013768       0x28 /home/hadrien/altera/15.0/nios2eds/bin/gnu/H-x86_64-pc-linux-gnu/bin/../lib/gcc/nios2-elf/4.9.1/../../../../../H-x86_64-pc-linux-gnu/nios2-elf/lib/libc.a(lib_a-mallocr.o)
                0x0000000000013768                __malloc_current_mallinfo
 .bss           0x0000000000013790        0x0 /home/hadrien/altera/15.0/nios2eds/bin/gnu/H-x86_64-pc-linux-gnu/bin/../lib/gcc/nios2-elf/4.9.1/../../../../../H-x86_64-pc-linux-gnu/nios2-elf/lib/libc.a(lib_a-memset.o)
 .bss           0x0000000000013790        0x0 /home/hadrien/altera/15.0/nios2eds/bin/gnu/H-x86_64-pc-linux-gnu/bin/../lib/gcc/nios2-elf/4.9.1/../../../../../H-x86_64-pc-linux-gnu/nios2-elf/lib/libc.a(lib_a-printf.o)
 .bss           0x0000000000013790        0x0 /home/hadrien/altera/15.0/nios2eds/bin/gnu/H-x86_64-pc-linux-gnu/bin/../lib/gcc/nios2-elf/4.9.1/../../../../../H-x86_64-pc-linux-gnu/nios2-elf/lib/libc.a(lib_a-putc.o)
 .bss           0x0000000000013790        0x0 /home/hadrien/altera/15.0/nios2eds/bin/gnu/H-x86_64-pc-linux-gnu/bin/../lib/gcc/nios2-elf/4.9.1/../../../../../H-x86_64-pc-linux-gnu/nios2-elf/lib/libc.a(lib_a-puts.o)
 .bss           0x0000000000013790        0x0 /home/hadrien/altera/15.0/nios2eds/bin/gnu/H-x86_64-pc-linux-gnu/bin/../lib/gcc/nios2-elf/4.9.1/../../../../../H-x86_64-pc-linux-gnu/nios2-elf/lib/libc.a(lib_a-sbrkr.o)
 .bss           0x0000000000013790        0x0 /home/hadrien/altera/15.0/nios2eds/bin/gnu/H-x86_64-pc-linux-gnu/bin/../lib/gcc/nios2-elf/4.9.1/../../../../../H-x86_64-pc-linux-gnu/nios2-elf/lib/libc.a(lib_a-strlen.o)
 .bss           0x0000000000013790        0x0 /home/hadrien/altera/15.0/nios2eds/bin/gnu/H-x86_64-pc-linux-gnu/bin/../lib/gcc/nios2-elf/4.9.1/../../../../../H-x86_64-pc-linux-gnu/nios2-elf/lib/libc.a(lib_a-vfprintf.o)
 .bss           0x0000000000013790        0x0 /home/hadrien/altera/15.0/nios2eds/bin/gnu/H-x86_64-pc-linux-gnu/bin/../lib/gcc/nios2-elf/4.9.1/../../../../../H-x86_64-pc-linux-gnu/nios2-elf/lib/libc.a(lib_a-wbuf.o)
 .bss           0x0000000000013790        0x0 /home/hadrien/altera/15.0/nios2eds/bin/gnu/H-x86_64-pc-linux-gnu/bin/../lib/gcc/nios2-elf/4.9.1/../../../../../H-x86_64-pc-linux-gnu/nios2-elf/lib/libc.a(lib_a-wsetup.o)
 .bss           0x0000000000013790        0x0 /home/hadrien/altera/15.0/nios2eds/bin/gnu/H-x86_64-pc-linux-gnu/bin/../lib/gcc/nios2-elf/4.9.1/../../../../../H-x86_64-pc-linux-gnu/nios2-elf/lib/libc.a(lib_a-dtoa.o)
 .bss           0x0000000000013790        0x0 /home/hadrien/altera/15.0/nios2eds/bin/gnu/H-x86_64-pc-linux-gnu/bin/../lib/gcc/nios2-elf/4.9.1/../../../../../H-x86_64-pc-linux-gnu/nios2-elf/lib/libc.a(lib_a-fflush.o)
 .bss           0x0000000000013790        0x0 /home/hadrien/altera/15.0/nios2eds/bin/gnu/H-x86_64-pc-linux-gnu/bin/../lib/gcc/nios2-elf/4.9.1/../../../../../H-x86_64-pc-linux-gnu/nios2-elf/lib/libc.a(lib_a-findfp.o)
 .bss           0x0000000000013790        0x0 /home/hadrien/altera/15.0/nios2eds/bin/gnu/H-x86_64-pc-linux-gnu/bin/../lib/gcc/nios2-elf/4.9.1/../../../../../H-x86_64-pc-linux-gnu/nios2-elf/lib/libc.a(lib_a-freer.o)
 .bss           0x0000000000013790        0x0 /home/hadrien/altera/15.0/nios2eds/bin/gnu/H-x86_64-pc-linux-gnu/bin/../lib/gcc/nios2-elf/4.9.1/../../../../../H-x86_64-pc-linux-gnu/nios2-elf/lib/libc.a(lib_a-fvwrite.o)
 .bss           0x0000000000013790        0x0 /home/hadrien/altera/15.0/nios2eds/bin/gnu/H-x86_64-pc-linux-gnu/bin/../lib/gcc/nios2-elf/4.9.1/../../../../../H-x86_64-pc-linux-gnu/nios2-elf/lib/libc.a(lib_a-fwalk.o)
 .bss           0x0000000000013790        0x0 /home/hadrien/altera/15.0/nios2eds/bin/gnu/H-x86_64-pc-linux-gnu/bin/../lib/gcc/nios2-elf/4.9.1/../../../../../H-x86_64-pc-linux-gnu/nios2-elf/lib/libc.a(lib_a-int_errno.o)
 .bss           0x0000000000013790        0x0 /home/hadrien/altera/15.0/nios2eds/bin/gnu/H-x86_64-pc-linux-gnu/bin/../lib/gcc/nios2-elf/4.9.1/../../../../../H-x86_64-pc-linux-gnu/nios2-elf/lib/libc.a(lib_a-locale.o)
 .bss           0x0000000000013790        0x0 /home/hadrien/altera/15.0/nios2eds/bin/gnu/H-x86_64-pc-linux-gnu/bin/../lib/gcc/nios2-elf/4.9.1/../../../../../H-x86_64-pc-linux-gnu/nios2-elf/lib/libc.a(lib_a-makebuf.o)
 .bss           0x0000000000013790        0x0 /home/hadrien/altera/15.0/nios2eds/bin/gnu/H-x86_64-pc-linux-gnu/bin/../lib/gcc/nios2-elf/4.9.1/../../../../../H-x86_64-pc-linux-gnu/nios2-elf/lib/libc.a(lib_a-memchr.o)
 .bss           0x0000000000013790        0x0 /home/hadrien/altera/15.0/nios2eds/bin/gnu/H-x86_64-pc-linux-gnu/bin/../lib/gcc/nios2-elf/4.9.1/../../../../../H-x86_64-pc-linux-gnu/nios2-elf/lib/libc.a(lib_a-memcpy.o)
 .bss           0x0000000000013790        0x0 /home/hadrien/altera/15.0/nios2eds/bin/gnu/H-x86_64-pc-linux-gnu/bin/../lib/gcc/nios2-elf/4.9.1/../../../../../H-x86_64-pc-linux-gnu/nios2-elf/lib/libc.a(lib_a-memmove.o)
 .bss           0x0000000000013790        0x0 /home/hadrien/altera/15.0/nios2eds/bin/gnu/H-x86_64-pc-linux-gnu/bin/../lib/gcc/nios2-elf/4.9.1/../../../../../H-x86_64-pc-linux-gnu/nios2-elf/lib/libc.a(lib_a-mprec.o)
 .bss           0x0000000000013790        0x0 /home/hadrien/altera/15.0/nios2eds/bin/gnu/H-x86_64-pc-linux-gnu/bin/../lib/gcc/nios2-elf/4.9.1/../../../../../H-x86_64-pc-linux-gnu/nios2-elf/lib/libc.a(lib_a-reallocr.o)
 .bss           0x0000000000013790        0x0 /home/hadrien/altera/15.0/nios2eds/bin/gnu/H-x86_64-pc-linux-gnu/bin/../lib/gcc/nios2-elf/4.9.1/../../../../../H-x86_64-pc-linux-gnu/nios2-elf/lib/libc.a(lib_a-s_fpclassify.o)
 .bss           0x0000000000013790        0x0 /home/hadrien/altera/15.0/nios2eds/bin/gnu/H-x86_64-pc-linux-gnu/bin/../lib/gcc/nios2-elf/4.9.1/../../../../../H-x86_64-pc-linux-gnu/nios2-elf/lib/libc.a(lib_a-stdio.o)
 .bss           0x0000000000013790        0x0 /home/hadrien/altera/15.0/nios2eds/bin/gnu/H-x86_64-pc-linux-gnu/bin/../lib/gcc/nios2-elf/4.9.1/../../../../../H-x86_64-pc-linux-gnu/nios2-elf/lib/libc.a(lib_a-strcmp.o)
 .bss           0x0000000000013790        0x0 /home/hadrien/altera/15.0/nios2eds/bin/gnu/H-x86_64-pc-linux-gnu/bin/../lib/gcc/nios2-elf/4.9.1/../../../../../H-x86_64-pc-linux-gnu/nios2-elf/lib/libc.a(lib_a-vfiprintf.o)
 .bss           0x0000000000013790        0x0 /home/hadrien/altera/15.0/nios2eds/bin/gnu/H-x86_64-pc-linux-gnu/bin/../lib/gcc/nios2-elf/4.9.1/../../../../../H-x86_64-pc-linux-gnu/nios2-elf/lib/libc.a(lib_a-writer.o)
 .bss           0x0000000000013790        0x0 /home/hadrien/altera/15.0/nios2eds/bin/gnu/H-x86_64-pc-linux-gnu/bin/../lib/gcc/nios2-elf/4.9.1/../../../../../H-x86_64-pc-linux-gnu/nios2-elf/lib/libc.a(closer.o)
 .bss           0x0000000000013790        0x0 /home/hadrien/altera/15.0/nios2eds/bin/gnu/H-x86_64-pc-linux-gnu/bin/../lib/gcc/nios2-elf/4.9.1/../../../../../H-x86_64-pc-linux-gnu/nios2-elf/lib/libc.a(lib_a-fclose.o)
 .bss           0x0000000000013790        0x0 /home/hadrien/altera/15.0/nios2eds/bin/gnu/H-x86_64-pc-linux-gnu/bin/../lib/gcc/nios2-elf/4.9.1/../../../../../H-x86_64-pc-linux-gnu/nios2-elf/lib/libc.a(lib_a-fputwc.o)
 .bss           0x0000000000013790        0x0 /home/hadrien/altera/15.0/nios2eds/bin/gnu/H-x86_64-pc-linux-gnu/bin/../lib/gcc/nios2-elf/4.9.1/../../../../../H-x86_64-pc-linux-gnu/nios2-elf/lib/libc.a(lib_a-fstatr.o)
 .bss           0x0000000000013790        0x0 /home/hadrien/altera/15.0/nios2eds/bin/gnu/H-x86_64-pc-linux-gnu/bin/../lib/gcc/nios2-elf/4.9.1/../../../../../H-x86_64-pc-linux-gnu/nios2-elf/lib/libc.a(lib_a-isattyr.o)
 .bss           0x0000000000013790        0x0 /home/hadrien/altera/15.0/nios2eds/bin/gnu/H-x86_64-pc-linux-gnu/bin/../lib/gcc/nios2-elf/4.9.1/../../../../../H-x86_64-pc-linux-gnu/nios2-elf/lib/libc.a(lib_a-lseekr.o)
 .bss           0x0000000000013790        0x0 /home/hadrien/altera/15.0/nios2eds/bin/gnu/H-x86_64-pc-linux-gnu/bin/../lib/gcc/nios2-elf/4.9.1/../../../../../H-x86_64-pc-linux-gnu/nios2-elf/lib/libc.a(lib_a-readr.o)
 .bss           0x0000000000013790        0x0 /home/hadrien/altera/15.0/nios2eds/bin/gnu/H-x86_64-pc-linux-gnu/bin/../lib/gcc/nios2-elf/4.9.1/../../../../../H-x86_64-pc-linux-gnu/nios2-elf/lib/libc.a(lib_a-wcrtomb.o)
 .bss           0x0000000000013790        0x0 /home/hadrien/altera/15.0/nios2eds/bin/gnu/H-x86_64-pc-linux-gnu/bin/../lib/gcc/nios2-elf/4.9.1/../../../../../H-x86_64-pc-linux-gnu/nios2-elf/lib/libc.a(lib_a-wctomb_r.o)
 .bss           0x0000000000013790        0x0 /home/hadrien/altera/15.0/nios2eds/bin/gnu/H-x86_64-pc-linux-gnu/bin/../lib/gcc/nios2-elf/4.9.1/libgcc.a(_udivdi3.o)
 .bss           0x0000000000013790        0x0 /home/hadrien/altera/15.0/nios2eds/bin/gnu/H-x86_64-pc-linux-gnu/bin/../lib/gcc/nios2-elf/4.9.1/libgcc.a(_umoddi3.o)
 .bss           0x0000000000013790        0x0 /home/hadrien/altera/15.0/nios2eds/bin/gnu/H-x86_64-pc-linux-gnu/bin/../lib/gcc/nios2-elf/4.9.1/libgcc.a(adddf3.o)
 .bss           0x0000000000013790        0x0 /home/hadrien/altera/15.0/nios2eds/bin/gnu/H-x86_64-pc-linux-gnu/bin/../lib/gcc/nios2-elf/4.9.1/libgcc.a(divdf3.o)
 .bss           0x0000000000013790        0x0 /home/hadrien/altera/15.0/nios2eds/bin/gnu/H-x86_64-pc-linux-gnu/bin/../lib/gcc/nios2-elf/4.9.1/libgcc.a(eqdf2.o)
 .bss           0x0000000000013790        0x0 /home/hadrien/altera/15.0/nios2eds/bin/gnu/H-x86_64-pc-linux-gnu/bin/../lib/gcc/nios2-elf/4.9.1/libgcc.a(gedf2.o)
 .bss           0x0000000000013790        0x0 /home/hadrien/altera/15.0/nios2eds/bin/gnu/H-x86_64-pc-linux-gnu/bin/../lib/gcc/nios2-elf/4.9.1/libgcc.a(ledf2.o)
 .bss           0x0000000000013790        0x0 /home/hadrien/altera/15.0/nios2eds/bin/gnu/H-x86_64-pc-linux-gnu/bin/../lib/gcc/nios2-elf/4.9.1/libgcc.a(muldf3.o)
 .bss           0x0000000000013790        0x0 /home/hadrien/altera/15.0/nios2eds/bin/gnu/H-x86_64-pc-linux-gnu/bin/../lib/gcc/nios2-elf/4.9.1/libgcc.a(subdf3.o)
 .bss           0x0000000000013790        0x0 /home/hadrien/altera/15.0/nios2eds/bin/gnu/H-x86_64-pc-linux-gnu/bin/../lib/gcc/nios2-elf/4.9.1/libgcc.a(fixdfsi.o)
 .bss           0x0000000000013790        0x0 /home/hadrien/altera/15.0/nios2eds/bin/gnu/H-x86_64-pc-linux-gnu/bin/../lib/gcc/nios2-elf/4.9.1/libgcc.a(floatsidf.o)
 .bss           0x0000000000013790        0x0 /home/hadrien/altera/15.0/nios2eds/bin/gnu/H-x86_64-pc-linux-gnu/bin/../lib/gcc/nios2-elf/4.9.1/libgcc.a(floatunsidf.o)
 .bss           0x0000000000013790        0x0 /home/hadrien/altera/15.0/nios2eds/bin/gnu/H-x86_64-pc-linux-gnu/bin/../lib/gcc/nios2-elf/4.9.1/libgcc.a(_clz.o)
 .bss           0x0000000000013790        0x0 /home/hadrien/altera/15.0/nios2eds/bin/gnu/H-x86_64-pc-linux-gnu/bin/../lib/gcc/nios2-elf/4.9.1/libgcc.a(_clzsi2.o)
 .bss           0x0000000000013790        0x0 /data/workspace/ES/lab03/software/camera_app_bsp//libhal_bsp.a(alt_close.o)
 .bss           0x0000000000013790        0x0 /data/workspace/ES/lab03/software/camera_app_bsp//libhal_bsp.a(alt_dev.o)
 .bss           0x0000000000013790        0x0 /data/workspace/ES/lab03/software/camera_app_bsp//libhal_bsp.a(alt_errno.o)
 .bss           0x0000000000013790        0x0 /data/workspace/ES/lab03/software/camera_app_bsp//libhal_bsp.a(alt_fstat.o)
 .bss           0x0000000000013790        0x0 /data/workspace/ES/lab03/software/camera_app_bsp//libhal_bsp.a(alt_isatty.o)
 .bss           0x0000000000013790        0x0 /data/workspace/ES/lab03/software/camera_app_bsp//libhal_bsp.a(alt_load.o)
 .bss           0x0000000000013790        0x0 /data/workspace/ES/lab03/software/camera_app_bsp//libhal_bsp.a(alt_lseek.o)
 .bss           0x0000000000013790        0x0 /data/workspace/ES/lab03/software/camera_app_bsp//libhal_bsp.a(alt_main.o)
 .bss           0x0000000000013790        0x0 /data/workspace/ES/lab03/software/camera_app_bsp//libhal_bsp.a(alt_malloc_lock.o)
 .bss           0x0000000000013790        0x0 /data/workspace/ES/lab03/software/camera_app_bsp//libhal_bsp.a(alt_read.o)
 .bss           0x0000000000013790        0x0 /data/workspace/ES/lab03/software/camera_app_bsp//libhal_bsp.a(alt_release_fd.o)
 .bss           0x0000000000013790        0x0 /data/workspace/ES/lab03/software/camera_app_bsp//libhal_bsp.a(alt_sbrk.o)
 .bss           0x0000000000013790        0x0 /data/workspace/ES/lab03/software/camera_app_bsp//libhal_bsp.a(alt_usleep.o)
 .bss           0x0000000000013790        0x0 /data/workspace/ES/lab03/software/camera_app_bsp//libhal_bsp.a(alt_write.o)
 .bss           0x0000000000013790        0x0 /data/workspace/ES/lab03/software/camera_app_bsp//libhal_bsp.a(alt_sys_init.o)
 .bss           0x0000000000013790        0x0 /data/workspace/ES/lab03/software/camera_app_bsp//libhal_bsp.a(altera_avalon_jtag_uart_fd.o)
 .bss           0x0000000000013790        0x0 /data/workspace/ES/lab03/software/camera_app_bsp//libhal_bsp.a(altera_avalon_jtag_uart_init.o)
 .bss           0x0000000000013790        0x0 /data/workspace/ES/lab03/software/camera_app_bsp//libhal_bsp.a(altera_avalon_jtag_uart_ioctl.o)
 .bss           0x0000000000013790        0x0 /data/workspace/ES/lab03/software/camera_app_bsp//libhal_bsp.a(altera_avalon_jtag_uart_read.o)
 .bss           0x0000000000013790        0x0 /data/workspace/ES/lab03/software/camera_app_bsp//libhal_bsp.a(altera_avalon_jtag_uart_write.o)
 .bss           0x0000000000013790        0x0 /data/workspace/ES/lab03/software/camera_app_bsp//libhal_bsp.a(alt_alarm_start.o)
 .bss           0x0000000000013790        0x0 /data/workspace/ES/lab03/software/camera_app_bsp//libhal_bsp.a(alt_busy_sleep.o)
 .bss           0x0000000000013790        0x0 /data/workspace/ES/lab03/software/camera_app_bsp//libhal_bsp.a(alt_dcache_flush_all.o)
 .bss           0x0000000000013790        0x0 /data/workspace/ES/lab03/software/camera_app_bsp//libhal_bsp.a(alt_dev_llist_insert.o)
 .bss           0x0000000000013790        0x0 /data/workspace/ES/lab03/software/camera_app_bsp//libhal_bsp.a(alt_do_ctors.o)
 .bss           0x0000000000013790        0x0 /data/workspace/ES/lab03/software/camera_app_bsp//libhal_bsp.a(alt_do_dtors.o)
 .bss           0x0000000000013790        0x0 /data/workspace/ES/lab03/software/camera_app_bsp//libhal_bsp.a(alt_icache_flush_all.o)
 .bss           0x0000000000013790        0x0 /data/workspace/ES/lab03/software/camera_app_bsp//libhal_bsp.a(alt_iic.o)
 .bss           0x0000000000013790        0x0 /data/workspace/ES/lab03/software/camera_app_bsp//libhal_bsp.a(alt_iic_isr_register.o)
 .bss           0x0000000000013790        0x0 /data/workspace/ES/lab03/software/camera_app_bsp//libhal_bsp.a(alt_io_redirect.o)
 .bss           0x0000000000013790        0x0 /data/workspace/ES/lab03/software/camera_app_bsp//libhal_bsp.a(alt_irq_entry.o)
 .bss           0x0000000000013790        0x0 /data/workspace/ES/lab03/software/camera_app_bsp//libhal_bsp.a(alt_irq_handler.o)
 .bss           0x0000000000013790        0x0 /data/workspace/ES/lab03/software/camera_app_bsp//libhal_bsp.a(alt_irq_vars.o)
 .bss           0x0000000000013790        0x0 /data/workspace/ES/lab03/software/camera_app_bsp//libhal_bsp.a(alt_open.o)
 .bss           0x0000000000013790        0x0 /data/workspace/ES/lab03/software/camera_app_bsp//libhal_bsp.a(alt_tick.o)
 .bss           0x0000000000013790        0x0 /data/workspace/ES/lab03/software/camera_app_bsp//libhal_bsp.a(altera_nios2_qsys_irq.o)
 .bss           0x0000000000013790        0x0 /data/workspace/ES/lab03/software/camera_app_bsp//libhal_bsp.a(alt_exception_entry.o)
 .bss           0x0000000000013790        0x0 /data/workspace/ES/lab03/software/camera_app_bsp//libhal_bsp.a(alt_find_dev.o)
 .bss           0x0000000000013790        0x0 /data/workspace/ES/lab03/software/camera_app_bsp//libhal_bsp.a(alt_find_file.o)
 .bss           0x0000000000013790        0x0 /data/workspace/ES/lab03/software/camera_app_bsp//libhal_bsp.a(alt_get_fd.o)
 .bss           0x0000000000013790        0x0 /data/workspace/ES/lab03/software/camera_app_bsp//libhal_bsp.a(alt_icache_flush.o)
 .bss           0x0000000000013790        0x0 /home/hadrien/altera/15.0/nios2eds/bin/gnu/H-x86_64-pc-linux-gnu/bin/../lib/gcc/nios2-elf/4.9.1/../../../../../H-x86_64-pc-linux-gnu/nios2-elf/lib/libc.a(lib_a-atexit.o)
 .bss           0x0000000000013790        0x0 /home/hadrien/altera/15.0/nios2eds/bin/gnu/H-x86_64-pc-linux-gnu/bin/../lib/gcc/nios2-elf/4.9.1/../../../../../H-x86_64-pc-linux-gnu/nios2-elf/lib/libc.a(lib_a-exit.o)
 .bss           0x0000000000013790        0x0 /home/hadrien/altera/15.0/nios2eds/bin/gnu/H-x86_64-pc-linux-gnu/bin/../lib/gcc/nios2-elf/4.9.1/../../../../../H-x86_64-pc-linux-gnu/nios2-elf/lib/libc.a(lib_a-memcmp.o)
 .bss           0x0000000000013790        0x0 /home/hadrien/altera/15.0/nios2eds/bin/gnu/H-x86_64-pc-linux-gnu/bin/../lib/gcc/nios2-elf/4.9.1/../../../../../H-x86_64-pc-linux-gnu/nios2-elf/lib/libc.a(lib_a-__atexit.o)
 .bss           0x0000000000013790        0x0 /home/hadrien/altera/15.0/nios2eds/bin/gnu/H-x86_64-pc-linux-gnu/bin/../lib/gcc/nios2-elf/4.9.1/../../../../../H-x86_64-pc-linux-gnu/nios2-elf/lib/libc.a(lib_a-__call_atexit.o)
 .bss           0x0000000000013790        0x0 /data/workspace/ES/lab03/software/camera_app_bsp//libhal_bsp.a(alt_exit.o)
 *(COMMON)
 COMMON         0x0000000000013790      0x100 /data/workspace/ES/lab03/software/camera_app_bsp//libhal_bsp.a(alt_irq_handler.o)
                0x0000000000013790                alt_irq
                0x0000000000013890                . = ALIGN (0x4)
                0x0000000000013890                __bss_end = ABSOLUTE (.)

.sdram          0x0000000000013890        0x0
                0x0000000000013890                PROVIDE (_alt_partition_sdram_start, ABSOLUTE (.))
 *(.sdram .sdram. sdram.*)
                0x0000000000013890                . = ALIGN (0x4)
                0x0000000000013890                PROVIDE (_alt_partition_sdram_end, ABSOLUTE (.))
                0x0000000000013890                _end = ABSOLUTE (.)
                0x0000000000013890                end = ABSOLUTE (.)
                0x0000000000013890                __alt_stack_base = ABSOLUTE (.)
                0x0000000000013890                PROVIDE (_alt_partition_sdram_load_addr, LOADADDR (.sdram))

.stab
 *(.stab)

.stabstr
 *(.stabstr)

.stab.excl
 *(.stab.excl)

.stab.exclstr
 *(.stab.exclstr)

.stab.index
 *(.stab.index)

.stab.indexstr
 *(.stab.indexstr)

.comment        0x0000000000000000       0x23
 *(.comment)
 .comment       0x0000000000000000       0x23 obj/default/hello_world.o
                                         0x24 (size before relaxing)
 .comment       0x0000000000000000       0x24 obj/default/i2c/i2c.o
 .comment       0x0000000000000000       0x24 /home/hadrien/altera/15.0/nios2eds/bin/gnu/H-x86_64-pc-linux-gnu/bin/../lib/gcc/nios2-elf/4.9.1/libgcc.a(lib2-divmod.o)
 .comment       0x0000000000000000       0x24 /home/hadrien/altera/15.0/nios2eds/bin/gnu/H-x86_64-pc-linux-gnu/bin/../lib/gcc/nios2-elf/4.9.1/../../../../../H-x86_64-pc-linux-gnu/nios2-elf/lib/libc.a(lib_a-calloc.o)
 .comment       0x0000000000000000       0x24 /home/hadrien/altera/15.0/nios2eds/bin/gnu/H-x86_64-pc-linux-gnu/bin/../lib/gcc/nios2-elf/4.9.1/../../../../../H-x86_64-pc-linux-gnu/nios2-elf/lib/libc.a(lib_a-callocr.o)
 .comment       0x0000000000000000       0x24 /home/hadrien/altera/15.0/nios2eds/bin/gnu/H-x86_64-pc-linux-gnu/bin/../lib/gcc/nios2-elf/4.9.1/../../../../../H-x86_64-pc-linux-gnu/nios2-elf/lib/libc.a(lib_a-impure.o)
 .comment       0x0000000000000000       0x24 /home/hadrien/altera/15.0/nios2eds/bin/gnu/H-x86_64-pc-linux-gnu/bin/../lib/gcc/nios2-elf/4.9.1/../../../../../H-x86_64-pc-linux-gnu/nios2-elf/lib/libc.a(lib_a-mallocr.o)
 .comment       0x0000000000000000       0x24 /home/hadrien/altera/15.0/nios2eds/bin/gnu/H-x86_64-pc-linux-gnu/bin/../lib/gcc/nios2-elf/4.9.1/../../../../../H-x86_64-pc-linux-gnu/nios2-elf/lib/libc.a(lib_a-memset.o)
 .comment       0x0000000000000000       0x24 /home/hadrien/altera/15.0/nios2eds/bin/gnu/H-x86_64-pc-linux-gnu/bin/../lib/gcc/nios2-elf/4.9.1/../../../../../H-x86_64-pc-linux-gnu/nios2-elf/lib/libc.a(lib_a-printf.o)
 .comment       0x0000000000000000       0x24 /home/hadrien/altera/15.0/nios2eds/bin/gnu/H-x86_64-pc-linux-gnu/bin/../lib/gcc/nios2-elf/4.9.1/../../../../../H-x86_64-pc-linux-gnu/nios2-elf/lib/libc.a(lib_a-putc.o)
 .comment       0x0000000000000000       0x24 /home/hadrien/altera/15.0/nios2eds/bin/gnu/H-x86_64-pc-linux-gnu/bin/../lib/gcc/nios2-elf/4.9.1/../../../../../H-x86_64-pc-linux-gnu/nios2-elf/lib/libc.a(lib_a-puts.o)
 .comment       0x0000000000000000       0x24 /home/hadrien/altera/15.0/nios2eds/bin/gnu/H-x86_64-pc-linux-gnu/bin/../lib/gcc/nios2-elf/4.9.1/../../../../../H-x86_64-pc-linux-gnu/nios2-elf/lib/libc.a(lib_a-sbrkr.o)
 .comment       0x0000000000000000       0x24 /home/hadrien/altera/15.0/nios2eds/bin/gnu/H-x86_64-pc-linux-gnu/bin/../lib/gcc/nios2-elf/4.9.1/../../../../../H-x86_64-pc-linux-gnu/nios2-elf/lib/libc.a(lib_a-strlen.o)
 .comment       0x0000000000000000       0x24 /home/hadrien/altera/15.0/nios2eds/bin/gnu/H-x86_64-pc-linux-gnu/bin/../lib/gcc/nios2-elf/4.9.1/../../../../../H-x86_64-pc-linux-gnu/nios2-elf/lib/libc.a(lib_a-vfprintf.o)
 .comment       0x0000000000000000       0x24 /home/hadrien/altera/15.0/nios2eds/bin/gnu/H-x86_64-pc-linux-gnu/bin/../lib/gcc/nios2-elf/4.9.1/../../../../../H-x86_64-pc-linux-gnu/nios2-elf/lib/libc.a(lib_a-wbuf.o)
 .comment       0x0000000000000000       0x24 /home/hadrien/altera/15.0/nios2eds/bin/gnu/H-x86_64-pc-linux-gnu/bin/../lib/gcc/nios2-elf/4.9.1/../../../../../H-x86_64-pc-linux-gnu/nios2-elf/lib/libc.a(lib_a-wsetup.o)
 .comment       0x0000000000000000       0x24 /home/hadrien/altera/15.0/nios2eds/bin/gnu/H-x86_64-pc-linux-gnu/bin/../lib/gcc/nios2-elf/4.9.1/../../../../../H-x86_64-pc-linux-gnu/nios2-elf/lib/libc.a(lib_a-dtoa.o)
 .comment       0x0000000000000000       0x24 /home/hadrien/altera/15.0/nios2eds/bin/gnu/H-x86_64-pc-linux-gnu/bin/../lib/gcc/nios2-elf/4.9.1/../../../../../H-x86_64-pc-linux-gnu/nios2-elf/lib/libc.a(lib_a-fflush.o)
 .comment       0x0000000000000000       0x24 /home/hadrien/altera/15.0/nios2eds/bin/gnu/H-x86_64-pc-linux-gnu/bin/../lib/gcc/nios2-elf/4.9.1/../../../../../H-x86_64-pc-linux-gnu/nios2-elf/lib/libc.a(lib_a-findfp.o)
 .comment       0x0000000000000000       0x24 /home/hadrien/altera/15.0/nios2eds/bin/gnu/H-x86_64-pc-linux-gnu/bin/../lib/gcc/nios2-elf/4.9.1/../../../../../H-x86_64-pc-linux-gnu/nios2-elf/lib/libc.a(lib_a-freer.o)
 .comment       0x0000000000000000       0x24 /home/hadrien/altera/15.0/nios2eds/bin/gnu/H-x86_64-pc-linux-gnu/bin/../lib/gcc/nios2-elf/4.9.1/../../../../../H-x86_64-pc-linux-gnu/nios2-elf/lib/libc.a(lib_a-fvwrite.o)
 .comment       0x0000000000000000       0x24 /home/hadrien/altera/15.0/nios2eds/bin/gnu/H-x86_64-pc-linux-gnu/bin/../lib/gcc/nios2-elf/4.9.1/../../../../../H-x86_64-pc-linux-gnu/nios2-elf/lib/libc.a(lib_a-fwalk.o)
 .comment       0x0000000000000000       0x24 /home/hadrien/altera/15.0/nios2eds/bin/gnu/H-x86_64-pc-linux-gnu/bin/../lib/gcc/nios2-elf/4.9.1/../../../../../H-x86_64-pc-linux-gnu/nios2-elf/lib/libc.a(lib_a-int_errno.o)
 .comment       0x0000000000000000       0x24 /home/hadrien/altera/15.0/nios2eds/bin/gnu/H-x86_64-pc-linux-gnu/bin/../lib/gcc/nios2-elf/4.9.1/../../../../../H-x86_64-pc-linux-gnu/nios2-elf/lib/libc.a(lib_a-locale.o)
 .comment       0x0000000000000000       0x24 /home/hadrien/altera/15.0/nios2eds/bin/gnu/H-x86_64-pc-linux-gnu/bin/../lib/gcc/nios2-elf/4.9.1/../../../../../H-x86_64-pc-linux-gnu/nios2-elf/lib/libc.a(lib_a-makebuf.o)
 .comment       0x0000000000000000       0x24 /home/hadrien/altera/15.0/nios2eds/bin/gnu/H-x86_64-pc-linux-gnu/bin/../lib/gcc/nios2-elf/4.9.1/../../../../../H-x86_64-pc-linux-gnu/nios2-elf/lib/libc.a(lib_a-memchr.o)
 .comment       0x0000000000000000       0x24 /home/hadrien/altera/15.0/nios2eds/bin/gnu/H-x86_64-pc-linux-gnu/bin/../lib/gcc/nios2-elf/4.9.1/../../../../../H-x86_64-pc-linux-gnu/nios2-elf/lib/libc.a(lib_a-memcpy.o)
 .comment       0x0000000000000000       0x24 /home/hadrien/altera/15.0/nios2eds/bin/gnu/H-x86_64-pc-linux-gnu/bin/../lib/gcc/nios2-elf/4.9.1/../../../../../H-x86_64-pc-linux-gnu/nios2-elf/lib/libc.a(lib_a-memmove.o)
 .comment       0x0000000000000000       0x24 /home/hadrien/altera/15.0/nios2eds/bin/gnu/H-x86_64-pc-linux-gnu/bin/../lib/gcc/nios2-elf/4.9.1/../../../../../H-x86_64-pc-linux-gnu/nios2-elf/lib/libc.a(lib_a-mprec.o)
 .comment       0x0000000000000000       0x24 /home/hadrien/altera/15.0/nios2eds/bin/gnu/H-x86_64-pc-linux-gnu/bin/../lib/gcc/nios2-elf/4.9.1/../../../../../H-x86_64-pc-linux-gnu/nios2-elf/lib/libc.a(lib_a-reallocr.o)
 .comment       0x0000000000000000       0x24 /home/hadrien/altera/15.0/nios2eds/bin/gnu/H-x86_64-pc-linux-gnu/bin/../lib/gcc/nios2-elf/4.9.1/../../../../../H-x86_64-pc-linux-gnu/nios2-elf/lib/libc.a(lib_a-s_fpclassify.o)
 .comment       0x0000000000000000       0x24 /home/hadrien/altera/15.0/nios2eds/bin/gnu/H-x86_64-pc-linux-gnu/bin/../lib/gcc/nios2-elf/4.9.1/../../../../../H-x86_64-pc-linux-gnu/nios2-elf/lib/libc.a(lib_a-stdio.o)
 .comment       0x0000000000000000       0x24 /home/hadrien/altera/15.0/nios2eds/bin/gnu/H-x86_64-pc-linux-gnu/bin/../lib/gcc/nios2-elf/4.9.1/../../../../../H-x86_64-pc-linux-gnu/nios2-elf/lib/libc.a(lib_a-strcmp.o)
 .comment       0x0000000000000000       0x24 /home/hadrien/altera/15.0/nios2eds/bin/gnu/H-x86_64-pc-linux-gnu/bin/../lib/gcc/nios2-elf/4.9.1/../../../../../H-x86_64-pc-linux-gnu/nios2-elf/lib/libc.a(lib_a-vfiprintf.o)
 .comment       0x0000000000000000       0x24 /home/hadrien/altera/15.0/nios2eds/bin/gnu/H-x86_64-pc-linux-gnu/bin/../lib/gcc/nios2-elf/4.9.1/../../../../../H-x86_64-pc-linux-gnu/nios2-elf/lib/libc.a(lib_a-writer.o)
 .comment       0x0000000000000000       0x24 /home/hadrien/altera/15.0/nios2eds/bin/gnu/H-x86_64-pc-linux-gnu/bin/../lib/gcc/nios2-elf/4.9.1/../../../../../H-x86_64-pc-linux-gnu/nios2-elf/lib/libc.a(closer.o)
 .comment       0x0000000000000000       0x24 /home/hadrien/altera/15.0/nios2eds/bin/gnu/H-x86_64-pc-linux-gnu/bin/../lib/gcc/nios2-elf/4.9.1/../../../../../H-x86_64-pc-linux-gnu/nios2-elf/lib/libc.a(lib_a-fclose.o)
 .comment       0x0000000000000000       0x24 /home/hadrien/altera/15.0/nios2eds/bin/gnu/H-x86_64-pc-linux-gnu/bin/../lib/gcc/nios2-elf/4.9.1/../../../../../H-x86_64-pc-linux-gnu/nios2-elf/lib/libc.a(lib_a-fputwc.o)
 .comment       0x0000000000000000       0x24 /home/hadrien/altera/15.0/nios2eds/bin/gnu/H-x86_64-pc-linux-gnu/bin/../lib/gcc/nios2-elf/4.9.1/../../../../../H-x86_64-pc-linux-gnu/nios2-elf/lib/libc.a(lib_a-fstatr.o)
 .comment       0x0000000000000000       0x24 /home/hadrien/altera/15.0/nios2eds/bin/gnu/H-x86_64-pc-linux-gnu/bin/../lib/gcc/nios2-elf/4.9.1/../../../../../H-x86_64-pc-linux-gnu/nios2-elf/lib/libc.a(lib_a-isattyr.o)
 .comment       0x0000000000000000       0x24 /home/hadrien/altera/15.0/nios2eds/bin/gnu/H-x86_64-pc-linux-gnu/bin/../lib/gcc/nios2-elf/4.9.1/../../../../../H-x86_64-pc-linux-gnu/nios2-elf/lib/libc.a(lib_a-lseekr.o)
 .comment       0x0000000000000000       0x24 /home/hadrien/altera/15.0/nios2eds/bin/gnu/H-x86_64-pc-linux-gnu/bin/../lib/gcc/nios2-elf/4.9.1/../../../../../H-x86_64-pc-linux-gnu/nios2-elf/lib/libc.a(lib_a-readr.o)
 .comment       0x0000000000000000       0x24 /home/hadrien/altera/15.0/nios2eds/bin/gnu/H-x86_64-pc-linux-gnu/bin/../lib/gcc/nios2-elf/4.9.1/../../../../../H-x86_64-pc-linux-gnu/nios2-elf/lib/libc.a(lib_a-wcrtomb.o)
 .comment       0x0000000000000000       0x24 /home/hadrien/altera/15.0/nios2eds/bin/gnu/H-x86_64-pc-linux-gnu/bin/../lib/gcc/nios2-elf/4.9.1/../../../../../H-x86_64-pc-linux-gnu/nios2-elf/lib/libc.a(lib_a-wctomb_r.o)
 .comment       0x0000000000000000       0x24 /home/hadrien/altera/15.0/nios2eds/bin/gnu/H-x86_64-pc-linux-gnu/bin/../lib/gcc/nios2-elf/4.9.1/libgcc.a(_udivdi3.o)
 .comment       0x0000000000000000       0x24 /home/hadrien/altera/15.0/nios2eds/bin/gnu/H-x86_64-pc-linux-gnu/bin/../lib/gcc/nios2-elf/4.9.1/libgcc.a(_umoddi3.o)
 .comment       0x0000000000000000       0x24 /home/hadrien/altera/15.0/nios2eds/bin/gnu/H-x86_64-pc-linux-gnu/bin/../lib/gcc/nios2-elf/4.9.1/libgcc.a(adddf3.o)
 .comment       0x0000000000000000       0x24 /home/hadrien/altera/15.0/nios2eds/bin/gnu/H-x86_64-pc-linux-gnu/bin/../lib/gcc/nios2-elf/4.9.1/libgcc.a(divdf3.o)
 .comment       0x0000000000000000       0x24 /home/hadrien/altera/15.0/nios2eds/bin/gnu/H-x86_64-pc-linux-gnu/bin/../lib/gcc/nios2-elf/4.9.1/libgcc.a(eqdf2.o)
 .comment       0x0000000000000000       0x24 /home/hadrien/altera/15.0/nios2eds/bin/gnu/H-x86_64-pc-linux-gnu/bin/../lib/gcc/nios2-elf/4.9.1/libgcc.a(gedf2.o)
 .comment       0x0000000000000000       0x24 /home/hadrien/altera/15.0/nios2eds/bin/gnu/H-x86_64-pc-linux-gnu/bin/../lib/gcc/nios2-elf/4.9.1/libgcc.a(ledf2.o)
 .comment       0x0000000000000000       0x24 /home/hadrien/altera/15.0/nios2eds/bin/gnu/H-x86_64-pc-linux-gnu/bin/../lib/gcc/nios2-elf/4.9.1/libgcc.a(muldf3.o)
 .comment       0x0000000000000000       0x24 /home/hadrien/altera/15.0/nios2eds/bin/gnu/H-x86_64-pc-linux-gnu/bin/../lib/gcc/nios2-elf/4.9.1/libgcc.a(subdf3.o)