Archive member included to satisfy reference by file (symbol)

c:/altera/14.1/nios2eds/bin/gnu/h-x86_64-mingw32/bin/../lib/gcc/nios2-elf/4.8.3/../../../../../H-x86_64-mingw32/nios2-elf/lib\libc.a(lib_a-fscanf.o)
                              obj/default/hello_world.o (fscanf)
c:/altera/14.1/nios2eds/bin/gnu/h-x86_64-mingw32/bin/../lib/gcc/nios2-elf/4.8.3/../../../../../H-x86_64-mingw32/nios2-elf/lib\libc.a(lib_a-impure.o)
                              c:/altera/14.1/nios2eds/bin/gnu/h-x86_64-mingw32/bin/../lib/gcc/nios2-elf/4.8.3/../../../../../H-x86_64-mingw32/nios2-elf/lib\libc.a(lib_a-fscanf.o) (_impure_ptr)
c:/altera/14.1/nios2eds/bin/gnu/h-x86_64-mingw32/bin/../lib/gcc/nios2-elf/4.8.3/../../../../../H-x86_64-mingw32/nios2-elf/lib\libc.a(lib_a-puts.o)
                              obj/default/hello_world.o (puts)
c:/altera/14.1/nios2eds/bin/gnu/h-x86_64-mingw32/bin/../lib/gcc/nios2-elf/4.8.3/../../../../../H-x86_64-mingw32/nios2-elf/lib\libc.a(lib_a-strlen.o)
                              c:/altera/14.1/nios2eds/bin/gnu/h-x86_64-mingw32/bin/../lib/gcc/nios2-elf/4.8.3/../../../../../H-x86_64-mingw32/nios2-elf/lib\libc.a(lib_a-puts.o) (strlen)
c:/altera/14.1/nios2eds/bin/gnu/h-x86_64-mingw32/bin/../lib/gcc/nios2-elf/4.8.3/../../../../../H-x86_64-mingw32/nios2-elf/lib\libc.a(lib_a-vfscanf.o)
                              c:/altera/14.1/nios2eds/bin/gnu/h-x86_64-mingw32/bin/../lib/gcc/nios2-elf/4.8.3/../../../../../H-x86_64-mingw32/nios2-elf/lib\libc.a(lib_a-fscanf.o) (__svfscanf_r)
c:/altera/14.1/nios2eds/bin/gnu/h-x86_64-mingw32/bin/../lib/gcc/nios2-elf/4.8.3/../../../../../H-x86_64-mingw32/nios2-elf/lib\libc.a(lib_a-ctype_.o)
                              c:/altera/14.1/nios2eds/bin/gnu/h-x86_64-mingw32/bin/../lib/gcc/nios2-elf/4.8.3/../../../../../H-x86_64-mingw32/nios2-elf/lib\libc.a(lib_a-vfscanf.o) (__ctype_ptr__)
c:/altera/14.1/nios2eds/bin/gnu/h-x86_64-mingw32/bin/../lib/gcc/nios2-elf/4.8.3/../../../../../H-x86_64-mingw32/nios2-elf/lib\libc.a(lib_a-findfp.o)
                              c:/altera/14.1/nios2eds/bin/gnu/h-x86_64-mingw32/bin/../lib/gcc/nios2-elf/4.8.3/../../../../../H-x86_64-mingw32/nios2-elf/lib\libc.a(lib_a-vfscanf.o) (__sinit)
c:/altera/14.1/nios2eds/bin/gnu/h-x86_64-mingw32/bin/../lib/gcc/nios2-elf/4.8.3/../../../../../H-x86_64-mingw32/nios2-elf/lib\libc.a(lib_a-fread.o)
                              c:/altera/14.1/nios2eds/bin/gnu/h-x86_64-mingw32/bin/../lib/gcc/nios2-elf/4.8.3/../../../../../H-x86_64-mingw32/nios2-elf/lib\libc.a(lib_a-vfscanf.o) (_fread_r)
c:/altera/14.1/nios2eds/bin/gnu/h-x86_64-mingw32/bin/../lib/gcc/nios2-elf/4.8.3/../../../../../H-x86_64-mingw32/nios2-elf/lib\libc.a(lib_a-freer.o)
                              c:/altera/14.1/nios2eds/bin/gnu/h-x86_64-mingw32/bin/../lib/gcc/nios2-elf/4.8.3/../../../../../H-x86_64-mingw32/nios2-elf/lib\libc.a(lib_a-fread.o) (_free_r)
c:/altera/14.1/nios2eds/bin/gnu/h-x86_64-mingw32/bin/../lib/gcc/nios2-elf/4.8.3/../../../../../H-x86_64-mingw32/nios2-elf/lib\libc.a(lib_a-fvwrite.o)
                              c:/altera/14.1/nios2eds/bin/gnu/h-x86_64-mingw32/bin/../lib/gcc/nios2-elf/4.8.3/../../../../../H-x86_64-mingw32/nios2-elf/lib\libc.a(lib_a-puts.o) (__sfvwrite_r)
c:/altera/14.1/nios2eds/bin/gnu/h-x86_64-mingw32/bin/../lib/gcc/nios2-elf/4.8.3/../../../../../H-x86_64-mingw32/nios2-elf/lib\libc.a(lib_a-fwalk.o)
                              c:/altera/14.1/nios2eds/bin/gnu/h-x86_64-mingw32/bin/../lib/gcc/nios2-elf/4.8.3/../../../../../H-x86_64-mingw32/nios2-elf/lib\libc.a(lib_a-findfp.o) (_fwalk)
c:/altera/14.1/nios2eds/bin/gnu/h-x86_64-mingw32/bin/../lib/gcc/nios2-elf/4.8.3/../../../../../H-x86_64-mingw32/nios2-elf/lib\libc.a(lib_a-iswspace.o)
                              c:/altera/14.1/nios2eds/bin/gnu/h-x86_64-mingw32/bin/../lib/gcc/nios2-elf/4.8.3/../../../../../H-x86_64-mingw32/nios2-elf/lib\libc.a(lib_a-vfscanf.o) (iswspace)
c:/altera/14.1/nios2eds/bin/gnu/h-x86_64-mingw32/bin/../lib/gcc/nios2-elf/4.8.3/../../../../../H-x86_64-mingw32/nios2-elf/lib\libc.a(lib_a-locale.o)
                              c:/altera/14.1/nios2eds/bin/gnu/h-x86_64-mingw32/bin/../lib/gcc/nios2-elf/4.8.3/../../../../../H-x86_64-mingw32/nios2-elf/lib\libc.a(lib_a-vfscanf.o) (__locale_mb_cur_max)
c:/altera/14.1/nios2eds/bin/gnu/h-x86_64-mingw32/bin/../lib/gcc/nios2-elf/4.8.3/../../../../../H-x86_64-mingw32/nios2-elf/lib\libc.a(lib_a-mallocr.o)
                              c:/altera/14.1/nios2eds/bin/gnu/h-x86_64-mingw32/bin/../lib/gcc/nios2-elf/4.8.3/../../../../../H-x86_64-mingw32/nios2-elf/lib\libc.a(lib_a-findfp.o) (_malloc_r)
c:/altera/14.1/nios2eds/bin/gnu/h-x86_64-mingw32/bin/../lib/gcc/nios2-elf/4.8.3/../../../../../H-x86_64-mingw32/nios2-elf/lib\libc.a(lib_a-mbrtowc.o)
                              c:/altera/14.1/nios2eds/bin/gnu/h-x86_64-mingw32/bin/../lib/gcc/nios2-elf/4.8.3/../../../../../H-x86_64-mingw32/nios2-elf/lib\libc.a(lib_a-vfscanf.o) (_mbrtowc_r)
[...]
Memory Configuration

Name             Origin             Length             Attributes
reset            0x0000000000000000 0x0000000000000020
sdram_controller_0 0x0000000000000020 0x0000000001ffffe0
*default*        0x0000000000000000 0xffffffffffffffff

Linker script and memory map

LOAD ../LCD_prog_bsp//obj/HAL/src/crt0.o
LOAD obj/default/hello_world.o
LOAD c:/altera/14.1/nios2eds/bin/gnu/h-x86_64-mingw32/bin/../lib/gcc/nios2-elf/4.8.3/../../../../../H-x86_64-mingw32/nios2-elf/lib\libstdc++.a
LOAD c:/altera/14.1/nios2eds/bin/gnu/h-x86_64-mingw32/bin/../lib/gcc/nios2-elf/4.8.3/../../../../../H-x86_64-mingw32/nios2-elf/lib\libm.a
LOAD c:/altera/14.1/nios2eds/bin/gnu/h-x86_64-mingw32/bin/../lib/gcc/nios2-elf/4.8.3\libgcc.a
START GROUP
LOAD c:/altera/14.1/nios2eds/bin/gnu/h-x86_64-mingw32/bin/../lib/gcc/nios2-elf/4.8.3/../../../../../H-x86_64-mingw32/nios2-elf/lib\libc.a
LOAD c:/altera/14.1/nios2eds/bin/gnu/h-x86_64-mingw32/bin/../lib/gcc/nios2-elf/4.8.3\libgcc.a
LOAD ../LCD_prog_bsp/\libhal_bsp.a
END GROUP
LOAD c:/altera/14.1/nios2eds/bin/gnu/h-x86_64-mingw32/bin/../lib/gcc/nios2-elf/4.8.3\libgcc.a
                0x0000000000000000                __alt_mem_sdram_controller_0 = 0x0

.entry          0x0000000000000000       0x20
 *(.entry)
 .entry         0x0000000000000000       0x20 ../LCD_prog_bsp//obj/HAL/src/crt0.o
                0x0000000000000000                __reset

.exceptions     0x0000000000000020      0x19c
                0x0000000000000020                PROVIDE (__ram_exceptions_start, ABSOLUTE (.))
                0x0000000000000020                . = ALIGN (0x20)
 *(.irq)
 *(.exceptions.entry.label)
 .exceptions.entry.label
                0x0000000000000020        0x0 ../LCD_prog_bsp/\libhal_bsp.a(alt_irq_entry.o)
                0x0000000000000020                alt_irq_entry
 .exceptions.entry.label
                0x0000000000000020        0x0 ../LCD_prog_bsp/\libhal_bsp.a(alt_exception_entry.o)
                0x0000000000000020                alt_exception
 *(.exceptions.entry.user)
 *(.exceptions.entry.ecc_fatal)
 *(.exceptions.entry)
 .exceptions.entry
                0x0000000000000020       0x54 ../LCD_prog_bsp/\libhal_bsp.a(alt_exception_entry.o)
 *(.exceptions.irqtest.user)
 *(.exceptions.irqtest)
 .exceptions.irqtest
                0x0000000000000074       0x10 ../LCD_prog_bsp/\libhal_bsp.a(alt_irq_entry.o)
 *(.exceptions.irqhandler.user)
 *(.exceptions.irqhandler)
 .exceptions.irqhandler
                0x0000000000000084        0x4 ../LCD_prog_bsp/\libhal_bsp.a(alt_irq_entry.o)
 *(.exceptions.irqreturn.user)
 *(.exceptions.irqreturn)
 .exceptions.irqreturn
                0x0000000000000088        0x4 ../LCD_prog_bsp/\libhal_bsp.a(alt_irq_entry.o)
 *(.exceptions.notirq.label)
 .exceptions.notirq.label
                0x000000000000008c        0x0 ../LCD_prog_bsp/\libhal_bsp.a(alt_irq_entry.o)
 *(.exceptions.notirq.user)
 *(.exceptions.notirq)
 .exceptions.notirq
                0x000000000000008c        0x8 ../LCD_prog_bsp/\libhal_bsp.a(alt_exception_entry.o)
 *(.exceptions.soft.user)
 *(.exceptions.soft)
 *(.exceptions.unknown.user)
 *(.exceptions.unknown)
 .exceptions.unknown
                0x0000000000000094        0x4 ../LCD_prog_bsp/\libhal_bsp.a(alt_exception_entry.o)
 *(.exceptions.exit.label)
 .exceptions.exit.label
                0x0000000000000098        0x0 ../LCD_prog_bsp/\libhal_bsp.a(alt_irq_entry.o)
 .exceptions.exit.label
                0x0000000000000098        0x0 ../LCD_prog_bsp/\libhal_bsp.a(alt_exception_entry.o)
 *(.exceptions.exit.user)
 *(.exceptions.exit)
 .exceptions.exit
                0x0000000000000098       0x54 ../LCD_prog_bsp/\libhal_bsp.a(alt_exception_entry.o)
 *(.exceptions)
 .exceptions    0x00000000000000ec       0xd0 ../LCD_prog_bsp/\libhal_bsp.a(alt_irq_handler.o)
                0x00000000000000ec                alt_irq_handler
                0x00000000000001bc                PROVIDE (__ram_exceptions_end, ABSOLUTE (.))
                0x0000000000000020                PROVIDE (__flash_exceptions_start, LOADADDR (.exceptions))

.text           0x00000000000001bc    0x14c54
                0x00000000000001bc                PROVIDE (stext, ABSOLUTE (.))
 *(.interp)
 *(.hash)
 *(.dynsym)
 *(.dynstr)
 *(.gnu.version)
 *(.gnu.version_d)
 *(.gnu.version_r)
 *(.rel.init)
 *(.rela.init)
 *(.rel.text .rel.text.* .rel.gnu.linkonce.t.*)
 *(.rela.text .rela.text.* .rela.gnu.linkonce.t.*)
 *(.rel.fini)
 *(.rela.fini)
 *(.rel.rodata .rel.rodata.* .rel.gnu.linkonce.r.*)
 *(.rela.rodata .rela.rodata.* .rela.gnu.linkonce.r.*)
 *(.rel.data .rel.data.* .rel.gnu.linkonce.d.*)
 *(.rela.data .rela.data.* .rela.gnu.linkonce.d.*)
 *(.rel.tdata .rel.tdata.* .rel.gnu.linkonce.td.*)
 *(.rela.tdata .rela.tdata.* .rela.gnu.linkonce.td.*)
 *(.rel.tbss .rel.tbss.* .rel.gnu.linkonce.tb.*)
 *(.rela.tbss .rela.tbss.* .rela.gnu.linkonce.tb.*)
 *(.rel.ctors)
 *(.rela.ctors)
 *(.rel.dtors)
 *(.rela.dtors)
 *(.rel.got)
 *(.rela.got)
 *(.rel.sdata .rel.sdata.* .rel.gnu.linkonce.s.*)
 *(.rela.sdata .rela.sdata.* .rela.gnu.linkonce.s.*)
 *(.rel.sbss .rel.sbss.* .rel.gnu.linkonce.sb.*)
 *(.rela.sbss .rela.sbss.* .rela.gnu.linkonce.sb.*)
 *(.rel.sdata2 .rel.sdata2.* .rel.gnu.linkonce.s2.*)
 *(.rela.sdata2 .rela.sdata2.* .rela.gnu.linkonce.s2.*)
 *(.rel.sbss2 .rel.sbss2.* .rel.gnu.linkonce.sb2.*)
 *(.rela.sbss2 .rela.sbss2.* .rela.gnu.linkonce.sb2.*)
 *(.rel.bss .rel.bss.* .rel.gnu.linkonce.b.*)
 *(.rela.bss .rela.bss.* .rela.gnu.linkonce.b.*)
 *(.rel.plt)
 *(.rela.plt)
 *(.rel.dyn)
 *(.init)
 *(.plt)
 *(.text .stub .text.* .gnu.linkonce.t.*)
 .text          0x00000000000001bc       0x3c ../LCD_prog_bsp//obj/HAL/src/crt0.o
                0x00000000000001bc                _start
 .text          0x00000000000001f8      0xf44 obj/default/hello_world.o
                0x00000000000001f8                main
                0x0000000000000360                Delay_Ms
                0x00000000000003ac                LCD_SetCursor
                0x0000000000000470                LCD_Clear
                0x00000000000004f4                LCD_DrawPoint
                0x0000000000000564                LCD_Pattern_Horizon
                0x0000000000000668                LCD_Pattern_Vertical
                0x000000000000074c                LCD_Frouze
                0x0000000000000824                LCD_Init
                0x0000000000000f88                load
 .text          0x000000000000113c       0x5c c:/altera/14.1/nios2eds/bin/gnu/h-x86_64-mingw32/bin/../lib/gcc/nios2-elf/4.8.3/../../../../../H-x86_64-mingw32/nios2-elf/lib\libc.a(lib_a-fscanf.o)
                0x000000000000113c                fscanf
                0x0000000000001178                _fscanf_r
 .text          0x0000000000001198        0x0 c:/altera/14.1/nios2eds/bin/gnu/h-x86_64-mingw32/bin/../lib/gcc/nios2-elf/4.8.3/../../../../../H-x86_64-mingw32/nios2-elf/lib\libc.a(lib_a-impure.o)
 .text          0x0000000000001198       0xcc c:/altera/14.1/nios2eds/bin/gnu/h-x86_64-mingw32/bin/../lib/gcc/nios2-elf/4.8.3/../../../../../H-x86_64-mingw32/nios2-elf/lib\libc.a(lib_a-puts.o)
                0x0000000000001198                _puts_r
                0x0000000000001250                puts
 .text          0x0000000000001264       0x8c c:/altera/14.1/nios2eds/bin/gnu/h-x86_64-mingw32/bin/../lib/gcc/nios2-elf/4.8.3/../../../../../H-x86_64-mingw32/nios2-elf/lib\libc.a(lib_a-strlen.o)
                0x0000000000001264                strlen
 .text          0x00000000000012f0     0x18c0 c:/altera/14.1/nios2eds/bin/gnu/h-x86_64-mingw32/bin/../lib/gcc/nios2-elf/4.8.3/../../../../../H-x86_64-mingw32/nios2-elf/lib\libc.a(lib_a-vfscanf.o)
                0x00000000000012f0                __svfscanf_r
                0x0000000000002ab0                vfscanf
                0x0000000000002b40                __svfscanf
                0x0000000000002b64                _vfscanf_r
 .text          0x0000000000002bb0        0x0 c:/altera/14.1/nios2eds/bin/gnu/h-x86_64-mingw32/bin/../lib/gcc/nios2-elf/4.8.3/../../../../../H-x86_64-mingw32/nios2-elf/lib\libc.a(lib_a-ctype_.o)
 .text          0x0000000000002bb0      0x390 c:/altera/14.1/nios2eds/bin/gnu/h-x86_64-mingw32/bin/../lib/gcc/nios2-elf/4.8.3/../../../../../H-x86_64-mingw32/nios2-elf/lib\libc.a(lib_a-findfp.o)
                0x0000000000002bc0                _cleanup_r
                0x0000000000002bcc                __sfmoreglue
                0x0000000000002c30                _cleanup
                0x0000000000002c48                __sinit
                0x0000000000002de4                __sfp
                0x0000000000002f00                __sfp_lock_acquire
                0x0000000000002f04                __sfp_lock_release
                0x0000000000002f08                __sinit_lock_acquire
                0x0000000000002f0c                __sinit_lock_release
                0x0000000000002f10                __fp_lock_all
                0x0000000000002f28                __fp_unlock_all
 .text          0x0000000000002f40      0x280 c:/altera/14.1/nios2eds/bin/gnu/h-x86_64-mingw32/bin/../lib/gcc/nios2-elf/4.8.3/../../../../../H-x86_64-mingw32/nios2-elf/lib\libc.a(lib_a-fread.o)
                0x0000000000002f40                _fread_r
                0x0000000000003180                fread
 .text          0x00000000000031c0      0x40c c:/altera/14.1/nios2eds/bin/gnu/h-x86_64-mingw32/bin/../lib/gcc/nios2-elf/4.8.3/../../../../../H-x86_64-mingw32/nios2-elf/lib\libc.a(lib_a-freer.o)
                0x00000000000031c0                _malloc_trim_r
                0x00000000000032fc                _free_r
 .text          0x00000000000035cc      0x4ac c:/altera/14.1/nios2eds/bin/gnu/h-x86_64-mingw32/bin/../lib/gcc/nios2-elf/4.8.3/../../../../../H-x86_64-mingw32/nios2-elf/lib\libc.a(lib_a-fvwrite.o)
                0x00000000000035cc                __sfvwrite_r
 .text          0x0000000000003a78      0x160 c:/altera/14.1/nios2eds/bin/gnu/h-x86_64-mingw32/bin/../lib/gcc/nios2-elf/4.8.3/../../../../../H-x86_64-mingw32/nios2-elf/lib\libc.a(lib_a-fwalk.o)
                0x0000000000003a78                _fwalk
                0x0000000000003b20                _fwalk_reent
 .text          0x0000000000003bd8       0x30 c:/altera/14.1/nios2eds/bin/gnu/h-x86_64-mingw32/bin/../lib/gcc/nios2-elf/4.8.3/../../../../../H-x86_64-mingw32/nios2-elf/lib\libc.a(lib_a-iswspace.o)
                0x0000000000003bd8                iswspace
 .text          0x0000000000003c08       0xd4 c:/altera/14.1/nios2eds/bin/gnu/h-x86_64-mingw32/bin/../lib/gcc/nios2-elf/4.8.3/../../../../../H-x86_64-mingw32/nios2-elf/lib\libc.a(lib_a-locale.o)
                0x0000000000003c08                _setlocale_r
                0x0000000000003c78                __locale_charset
                0x0000000000003c84                __locale_mb_cur_max
                0x0000000000003c94                __locale_msgcharset
                0x0000000000003ca0                __locale_cjk_lang
                0x0000000000003ca8                _localeconv_r
                0x0000000000003cb4                setlocale
                0x0000000000003cd0                localeconv
 .text          0x0000000000003cdc      0x7c4 c:/altera/14.1/nios2eds/bin/gnu/h-x86_64-mingw32/bin/../lib/gcc/nios2-elf/4.8.3/../../../../../H-x86_64-mingw32/nios2-elf/lib\libc.a(lib_a-mallocr.o)
                0x0000000000003cdc                _malloc_r
 .text          0x00000000000044a0      0x19c c:/altera/14.1/nios2eds/bin/gnu/h-x86_64-mingw32/bin/../lib/gcc/nios2-elf/4.8.3/../../../../../H-x86_64-mingw32/nios2-elf/lib\libc.a(lib_a-mbrtowc.o)
                0x00000000000044a0                _mbrtowc_r
                0x000000000000454c                mbrtowc
 .text          0x000000000000463c       0xa0 c:/altera/14.1/nios2eds/bin/gnu/h-x86_64-mingw32/bin/../lib/gcc/nios2-elf/4.8.3/../../../../../H-x86_64-mingw32/nios2-elf/lib\libc.a(lib_a-mbtowc_r.o)
                0x000000000000463c                __ascii_mbtowc
                0x0000000000004680                _mbtowc_r
 .text          0x00000000000046dc       0xe8 c:/altera/14.1/nios2eds/bin/gnu/h-x86_64-mingw32/bin/../lib/gcc/nios2-elf/4.8.3/../../../../../H-x86_64-mingw32/nios2-elf/lib\libc.a(lib_a-memchr.o)
                0x00000000000046dc                memchr
 .text          0x00000000000047c4      0x10c c:/altera/14.1/nios2eds/bin/gnu/h-x86_64-mingw32/bin/../lib/gcc/nios2-elf/4.8.3/../../../../../H-x86_64-mingw32/nios2-elf/lib\libc.a(lib_a-memcpy.o)
                0x00000000000047c4                memcpy
 .text          0x00000000000048d0      0x13c c:/altera/14.1/nios2eds/bin/gnu/h-x86_64-mingw32/bin/../lib/gcc/nios2-elf/4.8.3/../../../../../H-x86_64-mingw32/nios2-elf/lib\libc.a(lib_a-memmove.o)
                0x00000000000048d0                memmove
 .text          0x0000000000004a0c      0x114 c:/altera/14.1/nios2eds/bin/gnu/h-x86_64-mingw32/bin/../lib/gcc/nios2-elf/4.8.3/../../../../../H-x86_64-mingw32/nios2-elf/lib\libc.a(lib_a-memset.o)
                0x0000000000004a0c                memset
 .text          0x0000000000004b20      0x564 c:/altera/14.1/nios2eds/bin/gnu/h-x86_64-mingw32/bin/../lib/gcc/nios2-elf/4.8.3/../../../../../H-x86_64-mingw32/nios2-elf/lib\libc.a(lib_a-reallocr.o)
                0x0000000000004b20                _realloc_r
 .text          0x0000000000005084      0x1f4 c:/altera/14.1/nios2eds/bin/gnu/h-x86_64-mingw32/bin/../lib/gcc/nios2-elf/4.8.3/../../../../../H-x86_64-mingw32/nios2-elf/lib\libc.a(lib_a-refill.o)
                0x00000000000050a0                __srefill_r
 .text          0x0000000000005278       0x68 c:/altera/14.1/nios2eds/bin/gnu/h-x86_64-mingw32/bin/../lib/gcc/nios2-elf/4.8.3/../../../../../H-x86_64-mingw32/nios2-elf/lib\libc.a(lib_a-s_fpclassify.o)
                0x0000000000005278                __fpclassifyd
 .text          0x00000000000052e0       0x64 c:/altera/14.1/nios2eds/bin/gnu/h-x86_64-mingw32/bin/../lib/gcc/nios2-elf/4.8.3/../../../../../H-x86_64-mingw32/nios2-elf/lib\libc.a(lib_a-sbrkr.o)
                0x00000000000052e0                _sbrk_r
 .text          0x0000000000005344       0xc4 c:/altera/14.1/nios2eds/bin/gnu/h-x86_64-mingw32/bin/../lib/gcc/nios2-elf/4.8.3/../../../../../H-x86_64-mingw32/nios2-elf/lib\libc.a(lib_a-sccl.o)
                0x0000000000005344                __sccl
 .text          0x0000000000005408        0x8 c:/altera/14.1/nios2eds/bin/gnu/h-x86_64-mingw32/bin/../lib/gcc/nios2-elf/4.8.3/../../../../../H-x86_64-mingw32/nios2-elf/lib\libc.a(lib_a-sf_nan.o)
                0x0000000000005408                nanf
 .text          0x0000000000005410       0xc4 c:/altera/14.1/nios2eds/bin/gnu/h-x86_64-mingw32/bin/../lib/gcc/nios2-elf/4.8.3/../../../../../H-x86_64-mingw32/nios2-elf/lib\libc.a(lib_a-sprintf.o)
                0x0000000000005410                _sprintf_r
                0x0000000000005468                sprintf
 .text          0x00000000000054d4      0x13c c:/altera/14.1/nios2eds/bin/gnu/h-x86_64-mingw32/bin/../lib/gcc/nios2-elf/4.8.3/../../../../../H-x86_64-mingw32/nios2-elf/lib\libc.a(lib_a-stdio.o)
                0x00000000000054d4                __sread
                0x0000000000005528                __seofread
                0x0000000000005530                __swrite
                0x00000000000055ac                __sseek
                0x0000000000005608                __sclose
 .text          0x0000000000005610       0xa4 c:/altera/14.1/nios2eds/bin/gnu/h-x86_64-mingw32/bin/../lib/gcc/nios2-elf/4.8.3/../../../../../H-x86_64-mingw32/nios2-elf/lib\libc.a(lib_a-strcmp.o)
                0x0000000000005610                strcmp
 .text          0x00000000000056b4     0x1674 c:/altera/14.1/nios2eds/bin/gnu/h-x86_64-mingw32/bin/../lib/gcc/nios2-elf/4.8.3/../../../../../H-x86_64-mingw32/nios2-elf/lib\libc.a(lib_a-strtod.o)
                0x00000000000056b4                _strtod_r
                0x0000000000006bec                strtod
                0x0000000000006c08                strtof
 .text          0x0000000000006d28      0x260 c:/altera/14.1/nios2eds/bin/gnu/h-x86_64-mingw32/bin/../lib/gcc/nios2-elf/4.8.3/../../../../../H-x86_64-mingw32/nios2-elf/lib\libc.a(lib_a-strtol.o)
                0x0000000000006d28                _strtol_r
                0x0000000000006f64                strtol
 .text          0x0000000000006f88      0x330 c:/altera/14.1/nios2eds/bin/gnu/h-x86_64-mingw32/bin/../lib/gcc/nios2-elf/4.8.3/../../../../../H-x86_64-mingw32/nios2-elf/lib\libc.a(lib_a-strtoll_r.o)
                0x0000000000006f88                _strtoll_r
 .text          0x00000000000072b8      0x264 c:/altera/14.1/nios2eds/bin/gnu/h-x86_64-mingw32/bin/../lib/gcc/nios2-elf/4.8.3/../../../../../H-x86_64-mingw32/nios2-elf/lib\libc.a(lib_a-strtoul.o)
                0x00000000000072b8                _strtoul_r
                0x00000000000074f8                strtoul
 .text          0x000000000000751c      0x334 c:/altera/14.1/nios2eds/bin/gnu/h-x86_64-mingw32/bin/../lib/gcc/nios2-elf/4.8.3/../../../../../H-x86_64-mingw32/nios2-elf/lib\libc.a(lib_a-strtoull_r.o)
                0x000000000000751c                _strtoull_r
 .text          0x0000000000007850     0x1ef0 c:/altera/14.1/nios2eds/bin/gnu/h-x86_64-mingw32/bin/../lib/gcc/nios2-elf/4.8.3/../../../../../H-x86_64-mingw32/nios2-elf/lib\libc.a(lib_a-svfprintf.o)
                0x0000000000007850                ___svfprintf_internal_r
 .text          0x0000000000009740      0x2a0 c:/altera/14.1/nios2eds/bin/gnu/h-x86_64-mingw32/bin/../lib/gcc/nios2-elf/4.8.3/../../../../../H-x86_64-mingw32/nios2-elf/lib\libc.a(lib_a-ungetc.o)
                0x0000000000009740                __submore
                0x0000000000009830                _ungetc_r
                0x00000000000099c4                ungetc
 .text          0x00000000000099e0       0x6c c:/altera/14.1/nios2eds/bin/gnu/h-x86_64-mingw32/bin/../lib/gcc/nios2-elf/4.8.3/../../../../../H-x86_64-mingw32/nios2-elf/lib\libc.a(lib_a-writer.o)
                0x00000000000099e0                _write_r
 .text          0x0000000000009a4c      0x138 c:/altera/14.1/nios2eds/bin/gnu/h-x86_64-mingw32/bin/../lib/gcc/nios2-elf/4.8.3/../../../../../H-x86_64-mingw32/nios2-elf/lib\libc.a(lib_a-wsetup.o)
                0x0000000000009a4c                __swsetup_r
 .text          0x0000000000009b84       0x64 c:/altera/14.1/nios2eds/bin/gnu/h-x86_64-mingw32/bin/../lib/gcc/nios2-elf/4.8.3/../../../../../H-x86_64-mingw32/nios2-elf/lib\libc.a(closer.o)
                0x0000000000009b84                _close_r
 .text          0x0000000000009be8     0x1840 c:/altera/14.1/nios2eds/bin/gnu/h-x86_64-mingw32/bin/../lib/gcc/nios2-elf/4.8.3/../../../../../H-x86_64-mingw32/nios2-elf/lib\libc.a(lib_a-dtoa.o)
                0x0000000000009dec                _dtoa_r
 .text          0x000000000000b428      0x13c c:/altera/14.1/nios2eds/bin/gnu/h-x86_64-mingw32/bin/../lib/gcc/nios2-elf/4.8.3/../../../../../H-x86_64-mingw32/nios2-elf/lib\libc.a(lib_a-fclose.o)
                0x000000000000b428                _fclose_r
                0x000000000000b550                fclose
 .text          0x000000000000b564      0x274 c:/altera/14.1/nios2eds/bin/gnu/h-x86_64-mingw32/bin/../lib/gcc/nios2-elf/4.8.3/../../../../../H-x86_64-mingw32/nios2-elf/lib\libc.a(lib_a-fflush.o)
                0x000000000000b564                _fflush_r
                0x000000000000b7a8                fflush
 .text          0x000000000000b7d8      0x9a4 c:/altera/14.1/nios2eds/bin/gnu/h-x86_64-mingw32/bin/../lib/gcc/nios2-elf/4.8.3/../../../../../H-x86_64-mingw32/nios2-elf/lib\libc.a(lib_a-gdtoa-gethex.o)
                0x000000000000b8d4                __hexdig_init
                0x000000000000b964                __gethex
 .text          0x000000000000c17c      0x2c8 c:/altera/14.1/nios2eds/bin/gnu/h-x86_64-mingw32/bin/../lib/gcc/nios2-elf/4.8.3/../../../../../H-x86_64-mingw32/nios2-elf/lib\libc.a(lib_a-gdtoa-hexnan.o)
                0x000000000000c17c                __hexnan
 .text          0x000000000000c444        0x0 c:/altera/14.1/nios2eds/bin/gnu/h-x86_64-mingw32/bin/../lib/gcc/nios2-elf/4.8.3/../../../../../H-x86_64-mingw32/nios2-elf/lib\libc.a(lib_a-int_errno.o)
 .text          0x000000000000c444       0x6c c:/altera/14.1/nios2eds/bin/gnu/h-x86_64-mingw32/bin/../lib/gcc/nios2-elf/4.8.3/../../../../../H-x86_64-mingw32/nios2-elf/lib\libc.a(lib_a-lseekr.o)
                0x000000000000c444                _lseek_r
 .text          0x000000000000c4b0      0x1b4 c:/altera/14.1/nios2eds/bin/gnu/h-x86_64-mingw32/bin/../lib/gcc/nios2-elf/4.8.3/../../../../../H-x86_64-mingw32/nios2-elf/lib\libc.a(lib_a-makebuf.o)
                0x000000000000c4b0                __smakebuf_r
 .text          0x000000000000c664      0xf78 c:/altera/14.1/nios2eds/bin/gnu/h-x86_64-mingw32/bin/../lib/gcc/nios2-elf/4.8.3/../../../../../H-x86_64-mingw32/nios2-elf/lib\libc.a(lib_a-mprec.o)
                0x000000000000c664                _Balloc
                0x000000000000c70c                _Bfree
                0x000000000000c734                __multadd
                0x000000000000c848                __s2b
                0x000000000000c94c                __hi0bits
                0x000000000000c9b4                __lo0bits
                0x000000000000ca64                __i2b
                0x000000000000caa0                __multiply
                0x000000000000cc8c                __pow5mult
                0x000000000000cdd4                __lshift
                0x000000000000cf24                __mcmp
                0x000000000000cf84                __mdiff
                0x000000000000d134                __ulp
                0x000000000000d194                __b2d
                0x000000000000d284                __d2b
                0x000000000000d3c8                __ratio
                0x000000000000d468                _mprec_log10
                0x000000000000d4dc                __copybits
                0x000000000000d554                __any_on
 .text          0x000000000000d5dc       0x6c c:/altera/14.1/nios2eds/bin/gnu/h-x86_64-mingw32/bin/../lib/gcc/nios2-elf/4.8.3/../../../../../H-x86_64-mingw32/nios2-elf/lib\libc.a(lib_a-readr.o)
                0x000000000000d5dc                _read_r
 .text          0x000000000000d648       0xfc c:/altera/14.1/nios2eds/bin/gnu/h-x86_64-mingw32/bin/../lib/gcc/nios2-elf/4.8.3/../../../../../H-x86_64-mingw32/nios2-elf/lib\libc.a(lib_a-strncmp.o)
                0x000000000000d648                strncmp
 .text          0x000000000000d744     0x1198 c:/altera/14.1/nios2eds/bin/gnu/h-x86_64-mingw32/bin/../lib/gcc/nios2-elf/4.8.3/../../../../../H-x86_64-mingw32/nios2-elf/lib\libc.a(lib_a-svfiprintf.o)
                0x000000000000d744                __ssprint_r
                0x000000000000d910                ___svfiprintf_internal_r
 .text          0x000000000000e8dc       0xc4 c:/altera/14.1/nios2eds/bin/gnu/h-x86_64-mingw32/bin/../lib/gcc/nios2-elf/4.8.3/../../../../../H-x86_64-mingw32/nios2-elf/lib\libc.a(lib_a-callocr.o)
                0x000000000000e8dc                _calloc_r
 .text          0x000000000000e9a0       0x68 c:/altera/14.1/nios2eds/bin/gnu/h-x86_64-mingw32/bin/../lib/gcc/nios2-elf/4.8.3/../../../../../H-x86_64-mingw32/nios2-elf/lib\libc.a(lib_a-fstatr.o)
                0x000000000000e9a0                _fstat_r
 .text          0x000000000000ea08       0x64 c:/altera/14.1/nios2eds/bin/gnu/h-x86_64-mingw32/bin/../lib/gcc/nios2-elf/4.8.3/../../../../../H-x86_64-mingw32/nios2-elf/lib\libc.a(lib_a-isattyr.o)
                0x000000000000ea08                _isatty_r
 .text          0x000000000000ea6c       0x60 c:/altera/14.1/nios2eds/bin/gnu/h-x86_64-mingw32/bin/../lib/gcc/nios2-elf/4.8.3\libgcc.a(_muldi3.o)
                0x000000000000ea6c                __muldi3
 .text          0x000000000000eacc       0x84 c:/altera/14.1/nios2eds/bin/gnu/h-x86_64-mingw32/bin/../lib/gcc/nios2-elf/4.8.3\libgcc.a(_fixunsdfsi.o)
                0x000000000000eacc                __fixunsdfsi
 .text          0x000000000000eb50      0x5c4 c:/altera/14.1/nios2eds/bin/gnu/h-x86_64-mingw32/bin/../lib/gcc/nios2-elf/4.8.3\libgcc.a(_udivdi3.o)
                0x000000000000eb50                __udivdi3
 .text          0x000000000000f114      0x598 c:/altera/14.1/nios2eds/bin/gnu/h-x86_64-mingw32/bin/../lib/gcc/nios2-elf/4.8.3\libgcc.a(_umoddi3.o)
                0x000000000000f114                __umoddi3
 .text          0x000000000000f6ac      0x114 c:/altera/14.1/nios2eds/bin/gnu/h-x86_64-mingw32/bin/../lib/gcc/nios2-elf/4.8.3\libgcc.a(lib2-divmod.o)
                0x000000000000f71c                __divsi3
                0x000000000000f764                __modsi3
                0x000000000000f7b0                __udivsi3
                0x000000000000f7b8                __umodsi3
 .text          0x000000000000f7c0       0x74 c:/altera/14.1/nios2eds/bin/gnu/h-x86_64-mingw32/bin/../lib/gcc/nios2-elf/4.8.3\libgcc.a(eqsf2.o)
                0x000000000000f7c0                __eqsf2
                0x000000000000f7c0                __nesf2
 .text          0x000000000000f834       0xb4 c:/altera/14.1/nios2eds/bin/gnu/h-x86_64-mingw32/bin/../lib/gcc/nios2-elf/4.8.3\libgcc.a(gesf2.o)
                0x000000000000f834                __gesf2
                0x000000000000f834                __gtsf2
 .text          0x000000000000f8e8       0xd0 c:/altera/14.1/nios2eds/bin/gnu/h-x86_64-mingw32/bin/../lib/gcc/nios2-elf/4.8.3\libgcc.a(lesf2.o)
                0x000000000000f8e8                __ltsf2
                0x000000000000f8e8                __lesf2
 .text          0x000000000000f9b8      0x87c c:/altera/14.1/nios2eds/bin/gnu/h-x86_64-mingw32/bin/../lib/gcc/nios2-elf/4.8.3\libgcc.a(adddf3.o)
                0x000000000000f9b8                __adddf3
 .text          0x0000000000010234      0x8d4 c:/altera/14.1/nios2eds/bin/gnu/h-x86_64-mingw32/bin/../lib/gcc/nios2-elf/4.8.3\libgcc.a(divdf3.o)
                0x0000000000010234                __divdf3
 .text          0x0000000000010b08       0x84 c:/altera/14.1/nios2eds/bin/gnu/h-x86_64-mingw32/bin/../lib/gcc/nios2-elf/4.8.3\libgcc.a(eqdf2.o)
                0x0000000000010b08                __nedf2
                0x0000000000010b08                __eqdf2
 .text          0x0000000000010b8c       0xd8 c:/altera/14.1/nios2eds/bin/gnu/h-x86_64-mingw32/bin/../lib/gcc/nios2-elf/4.8.3\libgcc.a(gedf2.o)
                0x0000000000010b8c                __gedf2
                0x0000000000010b8c                __gtdf2
 .text          0x0000000000010c64       0xec c:/altera/14.1/nios2eds/bin/gnu/h-x86_64-mingw32/bin/../lib/gcc/nios2-elf/4.8.3\libgcc.a(ledf2.o)
                0x0000000000010c64                __ledf2
                0x0000000000010c64                __ltdf2
 .text          0x0000000000010d50      0x6ec c:/altera/14.1/nios2eds/bin/gnu/h-x86_64-mingw32/bin/../lib/gcc/nios2-elf/4.8.3\libgcc.a(muldf3.o)
                0x0000000000010d50                __muldf3
 .text          0x000000000001143c      0x888 c:/altera/14.1/nios2eds/bin/gnu/h-x86_64-mingw32/bin/../lib/gcc/nios2-elf/4.8.3\libgcc.a(subdf3.o)
                0x000000000001143c                __subdf3
 .text          0x0000000000011cc4       0x80 c:/altera/14.1/nios2eds/bin/gnu/h-x86_64-mingw32/bin/../lib/gcc/nios2-elf/4.8.3\libgcc.a(fixdfsi.o)
                0x0000000000011cc4                __fixdfsi
 .text          0x0000000000011d44       0xd0 c:/altera/14.1/nios2eds/bin/gnu/h-x86_64-mingw32/bin/../lib/gcc/nios2-elf/4.8.3\libgcc.a(floatsidf.o)
                0x0000000000011d44                __floatsidf
 .text          0x0000000000011e14       0xa0 c:/altera/14.1/nios2eds/bin/gnu/h-x86_64-mingw32/bin/../lib/gcc/nios2-elf/4.8.3\libgcc.a(floatunsidf.o)
                0x0000000000011e14                __floatunsidf
 .text          0x0000000000011eb4      0x1bc c:/altera/14.1/nios2eds/bin/gnu/h-x86_64-mingw32/bin/../lib/gcc/nios2-elf/4.8.3\libgcc.a(truncdfsf2.o)
                0x0000000000011eb4                __truncdfsf2
 .text          0x0000000000012070        0x0 c:/altera/14.1/nios2eds/bin/gnu/h-x86_64-mingw32/bin/../lib/gcc/nios2-elf/4.8.3\libgcc.a(_clz.o)
 .text          0x0000000000012070       0xac c:/altera/14.1/nios2eds/bin/gnu/h-x86_64-mingw32/bin/../lib/gcc/nios2-elf/4.8.3\libgcc.a(_clzsi2.o)
                0x0000000000012070                __clzsi2
 .text          0x000000000001211c      0x118 ../LCD_prog_bsp/\libhal_bsp.a(alt_close.o)
                0x000000000001216c                close
 .text          0x0000000000012234       0x2c ../LCD_prog_bsp/\libhal_bsp.a(alt_dev.o)
 .text          0x0000000000012260        0x0 ../LCD_prog_bsp/\libhal_bsp.a(alt_errno.o)
 .text          0x0000000000012260       0xfc ../LCD_prog_bsp/\libhal_bsp.a(alt_fstat.o)
                0x00000000000122b0                fstat
 .text          0x000000000001235c       0xf0 ../LCD_prog_bsp/\libhal_bsp.a(alt_isatty.o)
                0x00000000000123ac                isatty
 .text          0x000000000001244c       0xe4 ../LCD_prog_bsp/\libhal_bsp.a(alt_load.o)
                0x00000000000124b0                alt_load
 .text          0x0000000000012530      0x120 ../LCD_prog_bsp/\libhal_bsp.a(alt_lseek.o)
                0x0000000000012580                lseek
 .text          0x0000000000012650       0x78 ../LCD_prog_bsp/\libhal_bsp.a(alt_main.o)
                0x0000000000012650                alt_main
 .text          0x00000000000126c8       0x40 ../LCD_prog_bsp/\libhal_bsp.a(alt_malloc_lock.o)
                0x00000000000126c8                __malloc_lock
                0x00000000000126e8                __malloc_unlock
 .text          0x0000000000012708      0x140 ../LCD_prog_bsp/\libhal_bsp.a(alt_read.o)
                0x0000000000012758                read
 .text          0x0000000000012848       0x60 ../LCD_prog_bsp/\libhal_bsp.a(alt_release_fd.o)
                0x0000000000012848                alt_release_fd
 .text          0x00000000000128a8       0xb0 ../LCD_prog_bsp/\libhal_bsp.a(alt_sbrk.o)
                0x00000000000128a8                sbrk
 .text          0x0000000000012958       0x30 ../LCD_prog_bsp/\libhal_bsp.a(alt_usleep.o)
                0x0000000000012958                usleep
 .text          0x0000000000012988      0x13c ../LCD_prog_bsp/\libhal_bsp.a(alt_write.o)
                0x00000000000129d8                write
 .text          0x0000000000012ac4       0xbc ../LCD_prog_bsp/\libhal_bsp.a(alt_sys_init.o)
                0x0000000000012afc                alt_irq_init
                0x0000000000012b30                alt_sys_init
 .text          0x0000000000012b80      0x164 ../LCD_prog_bsp/\libhal_bsp.a(altera_avalon_jtag_uart_fd.o)
                0x0000000000012b80                altera_avalon_jtag_uart_read_fd
                0x0000000000012be0                altera_avalon_jtag_uart_write_fd
                0x0000000000012c40                altera_avalon_jtag_uart_close_fd
                0x0000000000012c90                altera_avalon_jtag_uart_ioctl_fd
 .text          0x0000000000012ce4      0x3c8 ../LCD_prog_bsp/\libhal_bsp.a(altera_avalon_jtag_uart_init.o)
                0x0000000000012ce4                altera_avalon_jtag_uart_init
                0x0000000000013044                altera_avalon_jtag_uart_close
 .text          0x00000000000130ac       0xec ../LCD_prog_bsp/\libhal_bsp.a(altera_avalon_jtag_uart_ioctl.o)
                0x00000000000130ac                altera_avalon_jtag_uart_ioctl
 .text          0x0000000000013198      0x208 ../LCD_prog_bsp/\libhal_bsp.a(altera_avalon_jtag_uart_read.o)
                0x0000000000013198                altera_avalon_jtag_uart_read
 .text          0x00000000000133a0      0x218 ../LCD_prog_bsp/\libhal_bsp.a(altera_avalon_jtag_uart_write.o)
                0x00000000000133a0                altera_avalon_jtag_uart_write
 .text          0x00000000000135b8      0x480 ../LCD_prog_bsp/\libhal_bsp.a(altera_hostfs.o)
                0x00000000000135b8                alt_hostfs_open
                0x00000000000136d0                alt_hostfs_close
                0x0000000000013714                alt_hostfs_read
                0x0000000000013780                alt_hostfs_write
                0x00000000000137ec                alt_hostfs_seek
                0x0000000000013854                alt_hostfs_fstat
 .text          0x0000000000013a38      0x140 ../LCD_prog_bsp/\libhal_bsp.a(alt_alarm_start.o)
                0x0000000000013a38                alt_alarm_start
 .text          0x0000000000013b78      0x154 ../LCD_prog_bsp/\libhal_bsp.a(alt_busy_sleep.o)
                0x0000000000013b78                alt_busy_sleep
 .text          0x0000000000013ccc       0x1c ../LCD_prog_bsp/\libhal_bsp.a(alt_dcache_flush_all.o)
                0x0000000000013ccc                alt_dcache_flush_all
 .text          0x0000000000013ce8       0xf0 ../LCD_prog_bsp/\libhal_bsp.a(alt_dev_llist_insert.o)
                0x0000000000013d38                alt_dev_llist_insert
 .text          0x0000000000013dd8       0x5c ../LCD_prog_bsp/\libhal_bsp.a(alt_do_ctors.o)
                0x0000000000013dd8                _do_ctors
 .text          0x0000000000013e34       0x5c ../LCD_prog_bsp/\libhal_bsp.a(alt_do_dtors.o)
                0x0000000000013e34                _do_dtors
 .text          0x0000000000013e90       0x84 ../LCD_prog_bsp/\libhal_bsp.a(alt_fs_reg.o)
                0x0000000000013e90                alt_fs_reg
 .text          0x0000000000013f14       0x30 ../LCD_prog_bsp/\libhal_bsp.a(alt_icache_flush_all.o)
                0x0000000000013f14                alt_icache_flush_all
 .text          0x0000000000013f44      0x1d8 ../LCD_prog_bsp/\libhal_bsp.a(alt_iic.o)
                0x0000000000013f44                alt_ic_isr_register
                0x0000000000013f94                alt_ic_irq_enable
                0x0000000000014030                alt_ic_irq_disable
                0x00000000000140d0                alt_ic_irq_enabled
 .text          0x000000000001411c       0xf0 ../LCD_prog_bsp/\libhal_bsp.a(alt_iic_isr_register.o)
                0x000000000001411c                alt_iic_isr_register
 .text          0x000000000001420c      0x138 ../LCD_prog_bsp/\libhal_bsp.a(alt_io_redirect.o)
                0x00000000000142cc                alt_io_redirect
 .text          0x0000000000014344        0x0 ../LCD_prog_bsp/\libhal_bsp.a(alt_irq_entry.o)
 .text          0x0000000000014344        0x0 ../LCD_prog_bsp/\libhal_bsp.a(alt_irq_handler.o)
 .text          0x0000000000014344        0x0 ../LCD_prog_bsp/\libhal_bsp.a(alt_irq_vars.o)
 .text          0x0000000000014344      0x270 ../LCD_prog_bsp/\libhal_bsp.a(alt_open.o)
                0x0000000000014460                open
 .text          0x00000000000145b4      0x19c ../LCD_prog_bsp/\libhal_bsp.a(alt_tick.o)
                0x00000000000145b4                alt_alarm_stop
                0x000000000001464c                alt_tick
 .text          0x0000000000014750       0x20 ../LCD_prog_bsp/\libhal_bsp.a(altera_nios2_qsys_irq.o)
                0x0000000000014750                altera_nios2_qsys_irq_init
 .text          0x0000000000014770        0x0 ../LCD_prog_bsp/\libhal_bsp.a(alt_exception_entry.o)
 .text          0x0000000000014770       0x90 ../LCD_prog_bsp/\libhal_bsp.a(alt_find_dev.o)
                0x0000000000014770                alt_find_dev
 .text          0x0000000000014800      0x114 ../LCD_prog_bsp/\libhal_bsp.a(alt_find_file.o)
                0x0000000000014800                alt_find_file
 .text          0x0000000000014914       0xb4 ../LCD_prog_bsp/\libhal_bsp.a(alt_get_fd.o)
                0x0000000000014914                alt_get_fd
 .text          0x00000000000149c8       0x8c ../LCD_prog_bsp/\libhal_bsp.a(alt_icache_flush.o)
                0x00000000000149c8                alt_icache_flush
 .text          0x0000000000014a54       0x14 c:/altera/14.1/nios2eds/bin/gnu/h-x86_64-mingw32/bin/../lib/gcc/nios2-elf/4.8.3/../../../../../H-x86_64-mingw32/nios2-elf/lib\libc.a(lib_a-atexit.o)
                0x0000000000014a54                atexit
 .text          0x0000000000014a68       0x38 c:/altera/14.1/nios2eds/bin/gnu/h-x86_64-mingw32/bin/../lib/gcc/nios2-elf/4.8.3/../../../../../H-x86_64-mingw32/nios2-elf/lib\libc.a(lib_a-exit.o)
                0x0000000000014a68                exit
 .text          0x0000000000014aa0       0x7c c:/altera/14.1/nios2eds/bin/gnu/h-x86_64-mingw32/bin/../lib/gcc/nios2-elf/4.8.3/../../../../../H-x86_64-mingw32/nios2-elf/lib\libc.a(lib_a-memcmp.o)
                0x0000000000014aa0                memcmp
 .text          0x0000000000014b1c      0x11c c:/altera/14.1/nios2eds/bin/gnu/h-x86_64-mingw32/bin/../lib/gcc/nios2-elf/4.8.3/../../../../../H-x86_64-mingw32/nios2-elf/lib\libc.a(lib_a-__atexit.o)
                0x0000000000014b1c                __register_exitproc
 .text          0x0000000000014c38      0x1a4 c:/altera/14.1/nios2eds/bin/gnu/h-x86_64-mingw32/bin/../lib/gcc/nios2-elf/4.8.3/../../../../../H-x86_64-mingw32/nios2-elf/lib\libc.a(lib_a-__call_atexit.o)
                0x0000000000014c38                __call_exitprocs
 .text          0x0000000000014ddc       0x34 ../LCD_prog_bsp/\libhal_bsp.a(alt_exit.o)
                0x0000000000014ddc                _exit
 *(.gnu.warning.*)
 *(.fini)
                0x0000000000014e10                PROVIDE (__etext, ABSOLUTE (.))
                0x0000000000014e10                PROVIDE (_etext, ABSOLUTE (.))
                0x0000000000014e10                PROVIDE (etext, ABSOLUTE (.))
 *(.eh_frame_hdr)
                0x0000000000014e10                . = ALIGN (0x4)
                0x0000000000014e10                PROVIDE (__preinit_array_start, ABSOLUTE (.))
 *(.preinit_array)
                0x0000000000014e10                PROVIDE (__preinit_array_end, ABSOLUTE (.))
                0x0000000000014e10                PROVIDE (__init_array_start, ABSOLUTE (.))
 *(.init_array)
                0x0000000000014e10                PROVIDE (__init_array_end, ABSOLUTE (.))
                0x0000000000014e10                PROVIDE (__fini_array_start, ABSOLUTE (.))
 *(.fini_array)
                0x0000000000014e10                PROVIDE (__fini_array_end, ABSOLUTE (.))
 *(.eh_frame)
 *(.gcc_except_table .gcc_except_table.*)
 *(.dynamic)
                0x0000000000014e10                PROVIDE (__CTOR_LIST__, ABSOLUTE (.))
 *(.ctors)
 *(SORT(.ctors.*))
                0x0000000000014e10                PROVIDE (__CTOR_END__, ABSOLUTE (.))
                0x0000000000014e10                PROVIDE (__DTOR_LIST__, ABSOLUTE (.))
 *(.dtors)
 *(SORT(.dtors.*))
                0x0000000000014e10                PROVIDE (__DTOR_END__, ABSOLUTE (.))
 *(.jcr)
                0x0000000000014e10                . = ALIGN (0x4)

.rodata         0x0000000000014e10      0x628
                0x0000000000014e10                PROVIDE (__ram_rodata_start, ABSOLUTE (.))
                0x0000000000014e10                . = ALIGN (0x4)
 *(.rodata .rodata.* .gnu.linkonce.r.*)
 .rodata        0x0000000000014e10       0x1c obj/default/hello_world.o
 .rodata.str1.4
                0x0000000000014e2c        0x2 c:/altera/14.1/nios2eds/bin/gnu/h-x86_64-mingw32/bin/../lib/gcc/nios2-elf/4.8.3/../../../../../H-x86_64-mingw32/nios2-elf/lib\libc.a(lib_a-impure.o)
                                          0x4 (size before relaxing)
 *fill*         0x0000000000014e2e        0x2 
 .rodata.str1.4
                0x0000000000014e30        0x2 c:/altera/14.1/nios2eds/bin/gnu/h-x86_64-mingw32/bin/../lib/gcc/nios2-elf/4.8.3/../../../../../H-x86_64-mingw32/nios2-elf/lib\libc.a(lib_a-puts.o)
                                          0x4 (size before relaxing)
 *fill*         0x0000000000014e32        0x2 
 .rodata.str1.4
                0x0000000000014e34        0x5 c:/altera/14.1/nios2eds/bin/gnu/h-x86_64-mingw32/bin/../lib/gcc/nios2-elf/4.8.3/../../../../../H-x86_64-mingw32/nios2-elf/lib\libc.a(lib_a-vfscanf.o)
                                          0x8 (size before relaxing)
 *fill*         0x0000000000014e39        0x1 
 .rodata        0x0000000000014e3a       0x22 c:/altera/14.1/nios2eds/bin/gnu/h-x86_64-mingw32/bin/../lib/gcc/nios2-elf/4.8.3/../../../../../H-x86_64-mingw32/nios2-elf/lib\libc.a(lib_a-vfscanf.o)
 .rodata        0x0000000000014e5c      0x281 c:/altera/14.1/nios2eds/bin/gnu/h-x86_64-mingw32/bin/../lib/gcc/nios2-elf/4.8.3/../../../../../H-x86_64-mingw32/nios2-elf/lib\libc.a(lib_a-ctype_.o)
                0x0000000000014e5c                _ctype_
 *fill*         0x00000000000150dd        0x3 
 .rodata.str1.4
                0x00000000000150e0        0xa c:/altera/14.1/nios2eds/bin/gnu/h-x86_64-mingw32/bin/../lib/gcc/nios2-elf/4.8.3/../../../../../H-x86_64-mingw32/nios2-elf/lib\libc.a(lib_a-locale.o)
                                         0x14 (size before relaxing)
 .rodata.str1.4
                0x0000000000000000        0x4 c:/altera/14.1/nios2eds/bin/gnu/h-x86_64-mingw32/bin/../lib/gcc/nios2-elf/4.8.3/../../../../../H-x86_64-mingw32/nios2-elf/lib\libc.a(lib_a-mbrtowc.o)
 *fill*         0x00000000000150ea        0x2 
 .rodata.str1.4
                0x00000000000150ec        0xf c:/altera/14.1/nios2eds/bin/gnu/h-x86_64-mingw32/bin/../lib/gcc/nios2-elf/4.8.3/../../../../../H-x86_64-mingw32/nios2-elf/lib\libc.a(lib_a-strtod.o)
                                         0x10 (size before relaxing)
 *fill*         0x00000000000150fb        0x1 
 .rodata        0x00000000000150fc       0x28 c:/altera/14.1/nios2eds/bin/gnu/h-x86_64-mingw32/bin/../lib/gcc/nios2-elf/4.8.3/../../../../../H-x86_64-mingw32/nios2-elf/lib\libc.a(lib_a-strtod.o)
 .rodata.str1.4
                0x0000000000015124       0x42 c:/altera/14.1/nios2eds/bin/gnu/h-x86_64-mingw32/bin/../lib/gcc/nios2-elf/4.8.3/../../../../../H-x86_64-mingw32/nios2-elf/lib\libc.a(lib_a-svfprintf.o)
                                         0x44 (size before relaxing)
 .rodata        0x0000000000015166       0x20 c:/altera/14.1/nios2eds/bin/gnu/h-x86_64-mingw32/bin/../lib/gcc/nios2-elf/4.8.3/../../../../../H-x86_64-mingw32/nios2-elf/lib\libc.a(lib_a-svfprintf.o)
 *fill*         0x0000000000015186        0x2 
 .rodata.str1.4
                0x0000000000015188       0x10 c:/altera/14.1/nios2eds/bin/gnu/h-x86_64-mingw32/bin/../lib/gcc/nios2-elf/4.8.3/../../../../../H-x86_64-mingw32/nios2-elf/lib\libc.a(lib_a-dtoa.o)
                                         0x14 (size before relaxing)
 .rodata.str1.4
                0x0000000000015198       0x1c c:/altera/14.1/nios2eds/bin/gnu/h-x86_64-mingw32/bin/../lib/gcc/nios2-elf/4.8.3/../../../../../H-x86_64-mingw32/nios2-elf/lib\libc.a(lib_a-gdtoa-gethex.o)
 .rodata        0x00000000000151b4      0x124 c:/altera/14.1/nios2eds/bin/gnu/h-x86_64-mingw32/bin/../lib/gcc/nios2-elf/4.8.3/../../../../../H-x86_64-mingw32/nios2-elf/lib\libc.a(lib_a-mprec.o)
                0x00000000000151c0                __mprec_tinytens
                0x00000000000151e8                __mprec_bigtens
                0x0000000000015210                __mprec_tens
 .rodata.str1.4
                0x0000000000000000       0x30 c:/altera/14.1/nios2eds/bin/gnu/h-x86_64-mingw32/bin/../lib/gcc/nios2-elf/4.8.3/../../../../../H-x86_64-mingw32/nios2-elf/lib\libc.a(lib_a-svfiprintf.o)
 .rodata        0x00000000000152d8       0x20 c:/altera/14.1/nios2eds/bin/gnu/h-x86_64-mingw32/bin/../lib/gcc/nios2-elf/4.8.3/../../../../../H-x86_64-mingw32/nios2-elf/lib\libc.a(lib_a-svfiprintf.o)
 .rodata        0x00000000000152f8      0x100 c:/altera/14.1/nios2eds/bin/gnu/h-x86_64-mingw32/bin/../lib/gcc/nios2-elf/4.8.3\libgcc.a(_clz.o)
                0x00000000000152f8                __clz_tab
 .rodata        0x00000000000153f8        0xc ../LCD_prog_bsp/\libhal_bsp.a(alt_dev.o)
 .rodata        0x0000000000015404       0x14 ../LCD_prog_bsp/\libhal_bsp.a(alt_main.o)
 .rodata        0x0000000000015418       0x20 ../LCD_prog_bsp/\libhal_bsp.a(alt_sys_init.o)
 *(.rodata1)
                0x0000000000015438                . = ALIGN (0x4)
                0x0000000000015438                PROVIDE (__ram_rodata_end, ABSOLUTE (.))
                0x0000000000014e10                PROVIDE (__flash_rodata_start, LOADADDR (.rodata))

.rwdata         0x0000000000015438     0x1b88 load address 0x0000000000016fc0
                0x0000000000015438                PROVIDE (__ram_rwdata_start, ABSOLUTE (.))
                0x0000000000015438                . = ALIGN (0x4)
 *(.got.plt)
 *(.got)
 *(.data1)
 *(.data .data.* .gnu.linkonce.d.*)
 .data          0x0000000000015438        0x0 ../LCD_prog_bsp//obj/HAL/src/crt0.o
 .data          0x0000000000015438        0x0 obj/default/hello_world.o
 .data          0x0000000000015438        0x0 c:/altera/14.1/nios2eds/bin/gnu/h-x86_64-mingw32/bin/../lib/gcc/nios2-elf/4.8.3/../../../../../H-x86_64-mingw32/nios2-elf/lib\libc.a(lib_a-fscanf.o)
 .data          0x0000000000015438      0x424 c:/altera/14.1/nios2eds/bin/gnu/h-x86_64-mingw32/bin/../lib/gcc/nios2-elf/4.8.3/../../../../../H-x86_64-mingw32/nios2-elf/lib\libc.a(lib_a-impure.o)
 .data          0x000000000001585c        0x0 c:/altera/14.1/nios2eds/bin/gnu/h-x86_64-mingw32/bin/../lib/gcc/nios2-elf/4.8.3/../../../../../H-x86_64-mingw32/nios2-elf/lib\libc.a(lib_a-puts.o)
 .data          0x000000000001585c        0x0 c:/altera/14.1/nios2eds/bin/gnu/h-x86_64-mingw32/bin/../lib/gcc/nios2-elf/4.8.3/../../../../../H-x86_64-mingw32/nios2-elf/lib\libc.a(lib_a-strlen.o)
 .data          0x000000000001585c        0x0 c:/altera/14.1/nios2eds/bin/gnu/h-x86_64-mingw32/bin/../lib/gcc/nios2-elf/4.8.3/../../../../../H-x86_64-mingw32/nios2-elf/lib\libc.a(lib_a-vfscanf.o)
 .data          0x000000000001585c        0x0 c:/altera/14.1/nios2eds/bin/gnu/h-x86_64-mingw32/bin/../lib/gcc/nios2-elf/4.8.3/../../../../../H-x86_64-mingw32/nios2-elf/lib\libc.a(lib_a-ctype_.o)
 .data          0x000000000001585c        0x0 c:/altera/14.1/nios2eds/bin/gnu/h-x86_64-mingw32/bin/../lib/gcc/nios2-elf/4.8.3/../../../../../H-x86_64-mingw32/nios2-elf/lib\libc.a(lib_a-findfp.o)
 .data          0x000000000001585c        0x0 c:/altera/14.1/nios2eds/bin/gnu/h-x86_64-mingw32/bin/../lib/gcc/nios2-elf/4.8.3/../../../../../H-x86_64-mingw32/nios2-elf/lib\libc.a(lib_a-fread.o)
 .data          0x000000000001585c        0x0 c:/altera/14.1/nios2eds/bin/gnu/h-x86_64-mingw32/bin/../lib/gcc/nios2-elf/4.8.3/../../../../../H-x86_64-mingw32/nios2-elf/lib\libc.a(lib_a-freer.o)
 .data          0x000000000001585c        0x0 c:/altera/14.1/nios2eds/bin/gnu/h-x86_64-mingw32/bin/../lib/gcc/nios2-elf/4.8.3/../../../../../H-x86_64-mingw32/nios2-elf/lib\libc.a(lib_a-fvwrite.o)
 .data          0x000000000001585c        0x0 c:/altera/14.1/nios2eds/bin/gnu/h-x86_64-mingw32/bin/../lib/gcc/nios2-elf/4.8.3/../../../../../H-x86_64-mingw32/nios2-elf/lib\libc.a(lib_a-fwalk.o)
 .data          0x000000000001585c        0x0 c:/altera/14.1/nios2eds/bin/gnu/h-x86_64-mingw32/bin/../lib/gcc/nios2-elf/4.8.3/../../../../../H-x86_64-mingw32/nios2-elf/lib\libc.a(lib_a-iswspace.o)
 .data          0x000000000001585c       0x78 c:/altera/14.1/nios2eds/bin/gnu/h-x86_64-mingw32/bin/../lib/gcc/nios2-elf/4.8.3/../../../../../H-x86_64-mingw32/nios2-elf/lib\libc.a(lib_a-locale.o)
 .data          0x00000000000158d4      0x408 c:/altera/14.1/nios2eds/bin/gnu/h-x86_64-mingw32/bin/../lib/gcc/nios2-elf/4.8.3/../../../../../H-x86_64-mingw32/nios2-elf/lib\libc.a(lib_a-mallocr.o)
                0x00000000000158d4                __malloc_av_
 .data          0x0000000000015cdc        0x0 c:/altera/14.1/nios2eds/bin/gnu/h-x86_64-mingw32/bin/../lib/gcc/nios2-elf/4.8.3/../../../../../H-x86_64-mingw32/nios2-elf/lib\libc.a(lib_a-mbrtowc.o)
 .data          0x0000000000015cdc        0x0 c:/altera/14.1/nios2eds/bin/gnu/h-x86_64-mingw32/bin/../lib/gcc/nios2-elf/4.8.3/../../../../../H-x86_64-mingw32/nios2-elf/lib\libc.a(lib_a-mbtowc_r.o)
 .data          0x0000000000015cdc        0x0 c:/altera/14.1/nios2eds/bin/gnu/h-x86_64-mingw32/bin/../lib/gcc/nios2-elf/4.8.3/../../../../../H-x86_64-mingw32/nios2-elf/lib\libc.a(lib_a-memchr.o)
 .data          0x0000000000015cdc        0x0 c:/altera/14.1/nios2eds/bin/gnu/h-x86_64-mingw32/bin/../lib/gcc/nios2-elf/4.8.3/../../../../../H-x86_64-mingw32/nios2-elf/lib\libc.a(lib_a-memcpy.o)
 .data          0x0000000000015cdc        0x0 c:/altera/14.1/nios2eds/bin/gnu/h-x86_64-mingw32/bin/../lib/gcc/nios2-elf/4.8.3/../../../../../H-x86_64-mingw32/nios2-elf/lib\libc.a(lib_a-memmove.o)
 .data          0x0000000000015cdc        0x0 c:/altera/14.1/nios2eds/bin/gnu/h-x86_64-mingw32/bin/../lib/gcc/nios2-elf/4.8.3/../../../../../H-x86_64-mingw32/nios2-elf/lib\libc.a(lib_a-memset.o)
 .data          0x0000000000015cdc        0x0 c:/altera/14.1/nios2eds/bin/gnu/h-x86_64-mingw32/bin/../lib/gcc/nios2-elf/4.8.3/../../../../../H-x86_64-mingw32/nios2-elf/lib\libc.a(lib_a-reallocr.o)
 .data          0x0000000000015cdc        0x0 c:/altera/14.1/nios2eds/bin/gnu/h-x86_64-mingw32/bin/../lib/gcc/nios2-elf/4.8.3/../../../../../H-x86_64-mingw32/nios2-elf/lib\libc.a(lib_a-refill.o)
 .data          0x0000000000015cdc        0x0 c:/altera/14.1/nios2eds/bin/gnu/h-x86_64-mingw32/bin/../lib/gcc/nios2-elf/4.8.3/../../../../../H-x86_64-mingw32/nios2-elf/lib\libc.a(lib_a-s_fpclassify.o)
 .data          0x0000000000015cdc        0x0 c:/altera/14.1/nios2eds/bin/gnu/h-x86_64-mingw32/bin/../lib/gcc/nios2-elf/4.8.3/../../../../../H-x86_64-mingw32/nios2-elf/lib\libc.a(lib_a-sbrkr.o)
 .data          0x0000000000015cdc        0x0 c:/altera/14.1/nios2eds/bin/gnu/h-x86_64-mingw32/bin/../lib/gcc/nios2-elf/4.8.3/../../../../../H-x86_64-mingw32/nios2-elf/lib\libc.a(lib_a-sccl.o)
 .data          0x0000000000015cdc        0x0 c:/altera/14.1/nios2eds/bin/gnu/h-x86_64-mingw32/bin/../lib/gcc/nios2-elf/4.8.3/../../../../../H-x86_64-mingw32/nios2-elf/lib\libc.a(lib_a-sf_nan.o)
 .data          0x0000000000015cdc        0x0 c:/altera/14.1/nios2eds/bin/gnu/h-x86_64-mingw32/bin/../lib/gcc/nios2-elf/4.8.3/../../../../../H-x86_64-mingw32/nios2-elf/lib\libc.a(lib_a-sprintf.o)
 .data          0x0000000000015cdc        0x0 c:/altera/14.1/nios2eds/bin/gnu/h-x86_64-mingw32/bin/../lib/gcc/nios2-elf/4.8.3/../../../../../H-x86_64-mingw32/nios2-elf/lib\libc.a(lib_a-stdio.o)
 .data          0x0000000000015cdc        0x0 c:/altera/14.1/nios2eds/bin/gnu/h-x86_64-mingw32/bin/../lib/gcc/nios2-elf/4.8.3/../../../../../H-x86_64-mingw32/nios2-elf/lib\libc.a(lib_a-strcmp.o)
 .data          0x0000000000015cdc       0x28 c:/altera/14.1/nios2eds/bin/gnu/h-x86_64-mingw32/bin/../lib/gcc/nios2-elf/4.8.3/../../../../../H-x86_64-mingw32/nios2-elf/lib\libc.a(lib_a-strtod.o)
 .data          0x0000000000015d04        0x0 c:/altera/14.1/nios2eds/bin/gnu/h-x86_64-mingw32/bin/../lib/gcc/nios2-elf/4.8.3/../../../../../H-x86_64-mingw32/nios2-elf/lib\libc.a(lib_a-strtol.o)
 .data          0x0000000000015d04        0x0 c:/altera/14.1/nios2eds/bin/gnu/h-x86_64-mingw32/bin/../lib/gcc/nios2-elf/4.8.3/../../../../../H-x86_64-mingw32/nios2-elf/lib\libc.a(lib_a-strtoll_r.o)
 .data          0x0000000000015d04        0x0 c:/altera/14.1/nios2eds/bin/gnu/h-x86_64-mingw32/bin/../lib/gcc/nios2-elf/4.8.3/../../../../../H-x86_64-mingw32/nios2-elf/lib\libc.a(lib_a-strtoul.o)
 .data          0x0000000000015d04        0x0 c:/altera/14.1/nios2eds/bin/gnu/h-x86_64-mingw32/bin/../lib/gcc/nios2-elf/4.8.3/../../../../../H-x86_64-mingw32/nios2-elf/lib\libc.a(lib_a-strtoull_r.o)
 .data          0x0000000000015d04        0x0 c:/altera/14.1/nios2eds/bin/gnu/h-x86_64-mingw32/bin/../lib/gcc/nios2-elf/4.8.3/../../../../../H-x86_64-mingw32/nios2-elf/lib\libc.a(lib_a-svfprintf.o)
 .data          0x0000000000015d04        0x0 c:/altera/14.1/nios2eds/bin/gnu/h-x86_64-mingw32/bin/../lib/gcc/nios2-elf/4.8.3/../../../../../H-x86_64-mingw32/nios2-elf/lib\libc.a(lib_a-ungetc.o)
 .data          0x0000000000015d04        0x0 c:/altera/14.1/nios2eds/bin/gnu/h-x86_64-mingw32/bin/../lib/gcc/nios2-elf/4.8.3/../../../../../H-x86_64-mingw32/nios2-elf/lib\libc.a(lib_a-writer.o)
 .data          0x0000000000015d04        0x0 c:/altera/14.1/nios2eds/bin/gnu/h-x86_64-mingw32/bin/../lib/gcc/nios2-elf/4.8.3/../../../../../H-x86_64-mingw32/nios2-elf/lib\libc.a(lib_a-wsetup.o)
 .data          0x0000000000015d04        0x0 c:/altera/14.1/nios2eds/bin/gnu/h-x86_64-mingw32/bin/../lib/gcc/nios2-elf/4.8.3/../../../../../H-x86_64-mingw32/nios2-elf/lib\libc.a(closer.o)
 .data          0x0000000000015d04        0x0 c:/altera/14.1/nios2eds/bin/gnu/h-x86_64-mingw32/bin/../lib/gcc/nios2-elf/4.8.3/../../../../../H-x86_64-mingw32/nios2-elf/lib\libc.a(lib_a-dtoa.o)
 .data          0x0000000000015d04        0x0 c:/altera/14.1/nios2eds/bin/gnu/h-x86_64-mingw32/bin/../lib/gcc/nios2-elf/4.8.3/../../../../../H-x86_64-mingw32/nios2-elf/lib\libc.a(lib_a-fclose.o)
 .data          0x0000000000015d04        0x0 c:/altera/14.1/nios2eds/bin/gnu/h-x86_64-mingw32/bin/../lib/gcc/nios2-elf/4.8.3/../../../../../H-x86_64-mingw32/nios2-elf/lib\libc.a(lib_a-fflush.o)
 .data          0x0000000000015d04        0x0 c:/altera/14.1/nios2eds/bin/gnu/h-x86_64-mingw32/bin/../lib/gcc/nios2-elf/4.8.3/../../../../../H-x86_64-mingw32/nios2-elf/lib\libc.a(lib_a-gdtoa-gethex.o)
 .data          0x0000000000015d04        0x0 c:/altera/14.1/nios2eds/bin/gnu/h-x86_64-mingw32/bin/../lib/gcc/nios2-elf/4.8.3/../../../../../H-x86_64-mingw32/nios2-elf/lib\libc.a(lib_a-gdtoa-hexnan.o)
 .data          0x0000000000015d04        0x0 c:/altera/14.1/nios2eds/bin/gnu/h-x86_64-mingw32/bin/../lib/gcc/nios2-elf/4.8.3/../../../../../H-x86_64-mingw32/nios2-elf/lib\libc.a(lib_a-int_errno.o)
 .data          0x0000000000015d04        0x0 c:/altera/14.1/nios2eds/bin/gnu/h-x86_64-mingw32/bin/../lib/gcc/nios2-elf/4.8.3/../../../../../H-x86_64-mingw32/nios2-elf/lib\libc.a(lib_a-lseekr.o)
 .data          0x0000000000015d04        0x0 c:/altera/14.1/nios2eds/bin/gnu/h-x86_64-mingw32/bin/../lib/gcc/nios2-elf/4.8.3/../../../../../H-x86_64-mingw32/nios2-elf/lib\libc.a(lib_a-makebuf.o)
 .data          0x0000000000015d04        0x0 c:/altera/14.1/nios2eds/bin/gnu/h-x86_64-mingw32/bin/../lib/gcc/nios2-elf/4.8.3/../../../../../H-x86_64-mingw32/nios2-elf/lib\libc.a(lib_a-mprec.o)
 .data          0x0000000000015d04        0x0 c:/altera/14.1/nios2eds/bin/gnu/h-x86_64-mingw32/bin/../lib/gcc/nios2-elf/4.8.3/../../../../../H-x86_64-mingw32/nios2-elf/lib\libc.a(lib_a-readr.o)
 .data          0x0000000000015d04        0x0 c:/altera/14.1/nios2eds/bin/gnu/h-x86_64-mingw32/bin/../lib/gcc/nios2-elf/4.8.3/../../../../../H-x86_64-mingw32/nios2-elf/lib\libc.a(lib_a-strncmp.o)
 .data          0x0000000000015d04        0x0 c:/altera/14.1/nios2eds/bin/gnu/h-x86_64-mingw32/bin/../lib/gcc/nios2-elf/4.8.3/../../../../../H-x86_64-mingw32/nios2-elf/lib\libc.a(lib_a-svfiprintf.o)
 .data          0x0000000000015d04        0x0 c:/altera/14.1/nios2eds/bin/gnu/h-x86_64-mingw32/bin/../lib/gcc/nios2-elf/4.8.3/../../../../../H-x86_64-mingw32/nios2-elf/lib\libc.a(lib_a-callocr.o)
 .data          0x0000000000015d04        0x0 c:/altera/14.1/nios2eds/bin/gnu/h-x86_64-mingw32/bin/../lib/gcc/nios2-elf/4.8.3/../../../../../H-x86_64-mingw32/nios2-elf/lib\libc.a(lib_a-fstatr.o)
 .data          0x0000000000015d04        0x0 c:/altera/14.1/nios2eds/bin/gnu/h-x86_64-mingw32/bin/../lib/gcc/nios2-elf/4.8.3/../../../../../H-x86_64-mingw32/nios2-elf/lib\libc.a(lib_a-isattyr.o)
 .data          0x0000000000015d04        0x0 c:/altera/14.1/nios2eds/bin/gnu/h-x86_64-mingw32/bin/../lib/gcc/nios2-elf/4.8.3\libgcc.a(_muldi3.o)
 .data          0x0000000000015d04        0x0 c:/altera/14.1/nios2eds/bin/gnu/h-x86_64-mingw32/bin/../lib/gcc/nios2-elf/4.8.3\libgcc.a(_fixunsdfsi.o)
 .data          0x0000000000015d04        0x0 c:/altera/14.1/nios2eds/bin/gnu/h-x86_64-mingw32/bin/../lib/gcc/nios2-elf/4.8.3\libgcc.a(_udivdi3.o)
 .data          0x0000000000015d04        0x0 c:/altera/14.1/nios2eds/bin/gnu/h-x86_64-mingw32/bin/../lib/gcc/nios2-elf/4.8.3\libgcc.a(_umoddi3.o)
 .data          0x0000000000015d04        0x0 c:/altera/14.1/nios2eds/bin/gnu/h-x86_64-mingw32/bin/../lib/gcc/nios2-elf/4.8.3\libgcc.a(lib2-divmod.o)
 .data          0x0000000000015d04        0x0 c:/altera/14.1/nios2eds/bin/gnu/h-x86_64-mingw32/bin/../lib/gcc/nios2-elf/4.8.3\libgcc.a(eqsf2.o)
 .data          0x0000000000015d04        0x0 c:/altera/14.1/nios2eds/bin/gnu/h-x86_64-mingw32/bin/../lib/gcc/nios2-elf/4.8.3\libgcc.a(gesf2.o)
 .data          0x0000000000015d04        0x0 c:/altera/14.1/nios2eds/bin/gnu/h-x86_64-mingw32/bin/../lib/gcc/nios2-elf/4.8.3\libgcc.a(lesf2.o)
 .data          0x0000000000015d04        0x0 c:/altera/14.1/nios2eds/bin/gnu/h-x86_64-mingw32/bin/../lib/gcc/nios2-elf/4.8.3\libgcc.a(adddf3.o)
 .data          0x0000000000015d04        0x0 c:/altera/14.1/nios2eds/bin/gnu/h-x86_64-mingw32/bin/../lib/gcc/nios2-elf/4.8.3\libgcc.a(divdf3.o)
 .data          0x0000000000015d04        0x0 c:/altera/14.1/nios2eds/bin/gnu/h-x86_64-mingw32/bin/../lib/gcc/nios2-elf/4.8.3\libgcc.a(eqdf2.o)
 .data          0x0000000000015d04        0x0 c:/altera/14.1/nios2eds/bin/gnu/h-x86_64-mingw32/bin/../lib/gcc/nios2-elf/4.8.3\libgcc.a(gedf2.o)
 .data          0x0000000000015d04        0x0 c:/altera/14.1/nios2eds/bin/gnu/h-x86_64-mingw32/bin/../lib/gcc/nios2-elf/4.8.3\libgcc.a(ledf2.o)
 .data          0x0000000000015d04        0x0 c:/altera/14.1/nios2eds/bin/gnu/h-x86_64-mingw32/bin/../lib/gcc/nios2-elf/4.8.3\libgcc.a(muldf3.o)
 .data          0x0000000000015d04        0x0 c:/altera/14.1/nios2eds/bin/gnu/h-x86_64-mingw32/bin/../lib/gcc/nios2-elf/4.8.3\libgcc.a(subdf3.o)
 .data          0x0000000000015d04        0x0 c:/altera/14.1/nios2eds/bin/gnu/h-x86_64-mingw32/bin/../lib/gcc/nios2-elf/4.8.3\libgcc.a(fixdfsi.o)
 .data          0x0000000000015d04        0x0 c:/altera/14.1/nios2eds/bin/gnu/h-x86_64-mingw32/bin/../lib/gcc/nios2-elf/4.8.3\libgcc.a(floatsidf.o)
 .data          0x0000000000015d04        0x0 c:/altera/14.1/nios2eds/bin/gnu/h-x86_64-mingw32/bin/../lib/gcc/nios2-elf/4.8.3\libgcc.a(floatunsidf.o)
 .data          0x0000000000015d04        0x0 c:/altera/14.1/nios2eds/bin/gnu/h-x86_64-mingw32/bin/../lib/gcc/nios2-elf/4.8.3\libgcc.a(truncdfsf2.o)
 .data          0x0000000000015d04        0x0 c:/altera/14.1/nios2eds/bin/gnu/h-x86_64-mingw32/bin/../lib/gcc/nios2-elf/4.8.3\libgcc.a(_clz.o)
 .data          0x0000000000015d04        0x0 c:/altera/14.1/nios2eds/bin/gnu/h-x86_64-mingw32/bin/../lib/gcc/nios2-elf/4.8.3\libgcc.a(_clzsi2.o)
 .data          0x0000000000015d04        0x0 ../LCD_prog_bsp/\libhal_bsp.a(alt_close.o)
 .data          0x0000000000015d04      0x1a8 ../LCD_prog_bsp/\libhal_bsp.a(alt_dev.o)
                0x0000000000015d04                alt_dev_null
                0x0000000000015d2c                alt_fd_list
 .data          0x0000000000015eac        0x0 ../LCD_prog_bsp/\libhal_bsp.a(alt_errno.o)
 .data          0x0000000000015eac        0x0 ../LCD_prog_bsp/\libhal_bsp.a(alt_fstat.o)
 .data          0x0000000000015eac        0x0 ../LCD_prog_bsp/\libhal_bsp.a(alt_isatty.o)
 .data          0x0000000000015eac        0x0 ../LCD_prog_bsp/\libhal_bsp.a(alt_load.o)
 .data          0x0000000000015eac        0x0 ../LCD_prog_bsp/\libhal_bsp.a(alt_lseek.o)
 .data          0x0000000000015eac        0x0 ../LCD_prog_bsp/\libhal_bsp.a(alt_main.o)
 .data          0x0000000000015eac        0x0 ../LCD_prog_bsp/\libhal_bsp.a(alt_malloc_lock.o)
 .data          0x0000000000015eac        0x0 ../LCD_prog_bsp/\libhal_bsp.a(alt_read.o)
 .data          0x0000000000015eac        0x0 ../LCD_prog_bsp/\libhal_bsp.a(alt_release_fd.o)
 .data          0x0000000000015eac        0x0 ../LCD_prog_bsp/\libhal_bsp.a(alt_sbrk.o)
 .data          0x0000000000015eac        0x0 ../LCD_prog_bsp/\libhal_bsp.a(alt_usleep.o)
 .data          0x0000000000015eac        0x0 ../LCD_prog_bsp/\libhal_bsp.a(alt_write.o)
 .data          0x0000000000015eac     0x1088 ../LCD_prog_bsp/\libhal_bsp.a(alt_sys_init.o)
 .data          0x0000000000016f34        0x0 ../LCD_prog_bsp/\libhal_bsp.a(altera_avalon_jtag_uart_fd.o)
 .data          0x0000000000016f34        0x0 ../LCD_prog_bsp/\libhal_bsp.a(altera_avalon_jtag_uart_init.o)
 .data          0x0000000000016f34        0x0 ../LCD_prog_bsp/\libhal_bsp.a(altera_avalon_jtag_uart_ioctl.o)
 .data          0x0000000000016f34        0x0 ../LCD_prog_bsp/\libhal_bsp.a(altera_avalon_jtag_uart_read.o)
 .data          0x0000000000016f34        0x0 ../LCD_prog_bsp/\libhal_bsp.a(altera_avalon_jtag_uart_write.o)
 .data          0x0000000000016f34        0x0 ../LCD_prog_bsp/\libhal_bsp.a(altera_hostfs.o)
 .data          0x0000000000016f34        0x0 ../LCD_prog_bsp/\libhal_bsp.a(alt_alarm_start.o)
 .data          0x0000000000016f34        0x0 ../LCD_prog_bsp/\libhal_bsp.a(alt_busy_sleep.o)
 .data          0x0000000000016f34        0x0 ../LCD_prog_bsp/\libhal_bsp.a(alt_dcache_flush_all.o)
 .data          0x0000000000016f34        0x0 ../LCD_prog_bsp/\libhal_bsp.a(alt_dev_llist_insert.o)
 .data          0x0000000000016f34        0x0 ../LCD_prog_bsp/\libhal_bsp.a(alt_do_ctors.o)
 .data          0x0000000000016f34        0x0 ../LCD_prog_bsp/\libhal_bsp.a(alt_do_dtors.o)
 .data          0x0000000000016f34        0x0 ../LCD_prog_bsp/\libhal_bsp.a(alt_fs_reg.o)
 .data          0x0000000000016f34        0x0 ../LCD_prog_bsp/\libhal_bsp.a(alt_icache_flush_all.o)
 .data          0x0000000000016f34        0x0 ../LCD_prog_bsp/\libhal_bsp.a(alt_iic.o)
 .data          0x0000000000016f34        0x0 ../LCD_prog_bsp/\libhal_bsp.a(alt_iic_isr_register.o)
 .data          0x0000000000016f34        0x0 ../LCD_prog_bsp/\libhal_bsp.a(alt_io_redirect.o)
 .data          0x0000000000016f34        0x0 ../LCD_prog_bsp/\libhal_bsp.a(alt_irq_entry.o)
 .data          0x0000000000016f34        0x0 ../LCD_prog_bsp/\libhal_bsp.a(alt_irq_handler.o)
 .data          0x0000000000016f34        0x0 ../LCD_prog_bsp/\libhal_bsp.a(alt_irq_vars.o)
 .data          0x0000000000016f34        0x0 ../LCD_prog_bsp/\libhal_bsp.a(alt_open.o)
 .data          0x0000000000016f34        0x0 ../LCD_prog_bsp/\libhal_bsp.a(alt_tick.o)
 .data          0x0000000000016f34        0x0 ../LCD_prog_bsp/\libhal_bsp.a(altera_nios2_qsys_irq.o)
 .data          0x0000000000016f34        0x0 ../LCD_prog_bsp/\libhal_bsp.a(alt_exception_entry.o)
 .data          0x0000000000016f34        0x0 ../LCD_prog_bsp/\libhal_bsp.a(alt_find_dev.o)
 .data          0x0000000000016f34        0x0 ../LCD_prog_bsp/\libhal_bsp.a(alt_find_file.o)
 .data          0x0000000000016f34        0x0 ../LCD_prog_bsp/\libhal_bsp.a(alt_get_fd.o)
 .data          0x0000000000016f34        0x0 ../LCD_prog_bsp/\libhal_bsp.a(alt_icache_flush.o)
 .data          0x0000000000016f34        0x0 c:/altera/14.1/nios2eds/bin/gnu/h-x86_64-mingw32/bin/../lib/gcc/nios2-elf/4.8.3/../../../../../H-x86_64-mingw32/nios2-elf/lib\libc.a(lib_a-atexit.o)
 .data          0x0000000000016f34        0x0 c:/altera/14.1/nios2eds/bin/gnu/h-x86_64-mingw32/bin/../lib/gcc/nios2-elf/4.8.3/../../../../../H-x86_64-mingw32/nios2-elf/lib\libc.a(lib_a-exit.o)
 .data          0x0000000000016f34        0x0 c:/altera/14.1/nios2eds/bin/gnu/h-x86_64-mingw32/bin/../lib/gcc/nios2-elf/4.8.3/../../../../../H-x86_64-mingw32/nios2-elf/lib\libc.a(lib_a-memcmp.o)
 .data          0x0000000000016f34        0x0 c:/altera/14.1/nios2eds/bin/gnu/h-x86_64-mingw32/bin/../lib/gcc/nios2-elf/4.8.3/../../../../../H-x86_64-mingw32/nios2-elf/lib\libc.a(lib_a-__atexit.o)
 .data          0x0000000000016f34        0x0 c:/altera/14.1/nios2eds/bin/gnu/h-x86_64-mingw32/bin/../lib/gcc/nios2-elf/4.8.3/../../../../../H-x86_64-mingw32/nios2-elf/lib\libc.a(lib_a-__call_atexit.o)
 .data          0x0000000000016f34        0x0 ../LCD_prog_bsp/\libhal_bsp.a(alt_exit.o)
                0x000000000001ef34                _gp = ABSOLUTE ((. + 0x8000))
                0x000000000001ef34                PROVIDE (gp, _gp)
 *(.rwdata .rwdata.*)
 *(.sdata .sdata.* .gnu.linkonce.s.*)
 .sdata         0x0000000000016f34        0x8 c:/altera/14.1/nios2eds/bin/gnu/h-x86_64-mingw32/bin/../lib/gcc/nios2-elf/4.8.3/../../../../../H-x86_64-mingw32/nios2-elf/lib\libc.a(lib_a-impure.o)
                0x0000000000016f34                _global_impure_ptr
                0x0000000000016f38                _impure_ptr
 .sdata         0x0000000000016f3c        0x4 c:/altera/14.1/nios2eds/bin/gnu/h-x86_64-mingw32/bin/../lib/gcc/nios2-elf/4.8.3/../../../../../H-x86_64-mingw32/nios2-elf/lib\libc.a(lib_a-ctype_.o)
                0x0000000000016f3c                __ctype_ptr__
 .sdata         0x0000000000016f40        0x4 c:/altera/14.1/nios2eds/bin/gnu/h-x86_64-mingw32/bin/../lib/gcc/nios2-elf/4.8.3/../../../../../H-x86_64-mingw32/nios2-elf/lib\libc.a(lib_a-locale.o)
                0x0000000000016f40                __mb_cur_max
 .sdata         0x0000000000016f44        0x8 c:/altera/14.1/nios2eds/bin/gnu/h-x86_64-mingw32/bin/../lib/gcc/nios2-elf/4.8.3/../../../../../H-x86_64-mingw32/nios2-elf/lib\libc.a(lib_a-mallocr.o)
                0x0000000000016f44                __malloc_sbrk_base
                0x0000000000016f48                __malloc_trim_threshold
 .sdata         0x0000000000016f4c        0x4 c:/altera/14.1/nios2eds/bin/gnu/h-x86_64-mingw32/bin/../lib/gcc/nios2-elf/4.8.3/../../../../../H-x86_64-mingw32/nios2-elf/lib\libc.a(lib_a-mbtowc_r.o)
                0x0000000000016f4c                __mbtowc
 .sdata         0x0000000000016f50       0x14 ../LCD_prog_bsp/\libhal_bsp.a(alt_dev.o)
                0x0000000000016f50                alt_fs_list
                0x0000000000016f58                alt_dev_list
                0x0000000000016f60                alt_max_fd
 .sdata         0x0000000000016f64        0x4 ../LCD_prog_bsp/\libhal_bsp.a(alt_errno.o)
                0x0000000000016f64                alt_errno
 .sdata         0x0000000000016f68        0x4 ../LCD_prog_bsp/\libhal_bsp.a(alt_sbrk.o)
 .sdata         0x0000000000016f6c       0x48 ../LCD_prog_bsp/\libhal_bsp.a(altera_hostfs.o)
 .sdata         0x0000000000016fb4        0x4 ../LCD_prog_bsp/\libhal_bsp.a(alt_irq_vars.o)
                0x0000000000016fb4                alt_priority_mask
 .sdata         0x0000000000016fb8        0x8 ../LCD_prog_bsp/\libhal_bsp.a(alt_tick.o)
                0x0000000000016fb8                alt_alarm_list
 *(.sdata2 .sdata2.* .gnu.linkonce.s2.*)
                0x0000000000016fc0                . = ALIGN (0x4)
                0x0000000000016fc0                _edata = ABSOLUTE (.)
                0x0000000000016fc0                PROVIDE (edata, ABSOLUTE (.))
                0x0000000000016fc0                PROVIDE (__ram_rwdata_end, ABSOLUTE (.))
                0x0000000000016fc0                PROVIDE (__flash_rwdata_start, LOADADDR (.rwdata))

.bss            0x0000000000018b48      0x25c
                0x0000000000018b48                __bss_start = ABSOLUTE (.)
                0x0000000000018b48                PROVIDE (__sbss_start, ABSOLUTE (.))
                0x0000000000018b48                PROVIDE (___sbss_start, ABSOLUTE (.))
 *(.dynsbss)
 *(.sbss .sbss.* .gnu.linkonce.sb.*)
 .sbss          0x0000000000018b48        0xc c:/altera/14.1/nios2eds/bin/gnu/h-x86_64-mingw32/bin/../lib/gcc/nios2-elf/4.8.3/../../../../../H-x86_64-mingw32/nios2-elf/lib\libc.a(lib_a-locale.o)
                0x0000000000018b48                _PathLocale
                0x0000000000018b4c                __mlocale_changed
                0x0000000000018b50                __nlocale_changed
 .sbss          0x0000000000018b54        0xc c:/altera/14.1/nios2eds/bin/gnu/h-x86_64-mingw32/bin/../lib/gcc/nios2-elf/4.8.3/../../../../../H-x86_64-mingw32/nios2-elf/lib\libc.a(lib_a-mallocr.o)
                0x0000000000018b54                __malloc_max_total_mem
                0x0000000000018b58                __malloc_max_sbrked_mem
                0x0000000000018b5c                __malloc_top_pad
 .sbss          0x0000000000018b60        0x4 c:/altera/14.1/nios2eds/bin/gnu/h-x86_64-mingw32/bin/../lib/gcc/nios2-elf/4.8.3/../../../../../H-x86_64-mingw32/nios2-elf/lib\libc.a(lib_a-int_errno.o)
                0x0000000000018b60                errno
 .sbss          0x0000000000018b64        0xc ../LCD_prog_bsp/\libhal_bsp.a(alt_main.o)
                0x0000000000018b64                alt_argc
                0x0000000000018b68                alt_argv
                0x0000000000018b6c                alt_envp
 .sbss          0x0000000000018b70        0x4 ../LCD_prog_bsp/\libhal_bsp.a(alt_irq_vars.o)
                0x0000000000018b70                alt_irq_active
 .sbss          0x0000000000018b74        0x8 ../LCD_prog_bsp/\libhal_bsp.a(alt_tick.o)
                0x0000000000018b74                _alt_tick_rate
                0x0000000000018b78                _alt_nticks
 *(.sbss2 .sbss2.* .gnu.linkonce.sb2.*)
 *(.scommon)
                0x0000000000018b7c                PROVIDE (__sbss_end, ABSOLUTE (.))
                0x0000000000018b7c                PROVIDE (___sbss_end, ABSOLUTE (.))
 *(.dynbss)
 *(.bss .bss.* .gnu.linkonce.b.*)
 .bss           0x0000000000018b7c        0x0 ../LCD_prog_bsp//obj/HAL/src/crt0.o
 .bss           0x0000000000018b7c        0x0 obj/default/hello_world.o
 .bss           0x0000000000018b7c        0x0 c:/altera/14.1/nios2eds/bin/gnu/h-x86_64-mingw32/bin/../lib/gcc/nios2-elf/4.8.3/../../../../../H-x86_64-mingw32/nios2-elf/lib\libc.a(lib_a-fscanf.o)
 .bss           0x0000000000018b7c        0x0 c:/altera/14.1/nios2eds/bin/gnu/h-x86_64-mingw32/bin/../lib/gcc/nios2-elf/4.8.3/../../../../../H-x86_64-mingw32/nios2-elf/lib\libc.a(lib_a-impure.o)
 .bss           0x0000000000018b7c        0x0 c:/altera/14.1/nios2eds/bin/gnu/h-x86_64-mingw32/bin/../lib/gcc/nios2-elf/4.8.3/../../../../../H-x86_64-mingw32/nios2-elf/lib\libc.a(lib_a-puts.o)
 .bss           0x0000000000018b7c        0x0 c:/altera/14.1/nios2eds/bin/gnu/h-x86_64-mingw32/bin/../lib/gcc/nios2-elf/4.8.3/../../../../../H-x86_64-mingw32/nios2-elf/lib\libc.a(lib_a-strlen.o)
 .bss           0x0000000000018b7c        0x0 c:/altera/14.1/nios2eds/bin/gnu/h-x86_64-mingw32/bin/../lib/gcc/nios2-elf/4.8.3/../../../../../H-x86_64-mingw32/nios2-elf/lib\libc.a(lib_a-vfscanf.o)
 .bss           0x0000000000018b7c        0x0 c:/altera/14.1/nios2eds/bin/gnu/h-x86_64-mingw32/bin/../lib/gcc/nios2-elf/4.8.3/../../../../../H-x86_64-mingw32/nios2-elf/lib\libc.a(lib_a-ctype_.o)
 .bss           0x0000000000018b7c        0x0 c:/altera/14.1/nios2eds/bin/gnu/h-x86_64-mingw32/bin/../lib/gcc/nios2-elf/4.8.3/../../../../../H-x86_64-mingw32/nios2-elf/lib\libc.a(lib_a-findfp.o)
 .bss           0x0000000000018b7c        0x0 c:/altera/14.1/nios2eds/bin/gnu/h-x86_64-mingw32/bin/../lib/gcc/nios2-elf/4.8.3/../../../../../H-x86_64-mingw32/nios2-elf/lib\libc.a(lib_a-fread.o)
 .bss           0x0000000000018b7c        0x0 c:/altera/14.1/nios2eds/bin/gnu/h-x86_64-mingw32/bin/../lib/gcc/nios2-elf/4.8.3/../../../../../H-x86_64-mingw32/nios2-elf/lib\libc.a(lib_a-freer.o)
 .bss           0x0000000000018b7c        0x0 c:/altera/14.1/nios2eds/bin/gnu/h-x86_64-mingw32/bin/../lib/gcc/nios2-elf/4.8.3/../../../../../H-x86_64-mingw32/nios2-elf/lib\libc.a(lib_a-fvwrite.o)
 .bss           0x0000000000018b7c        0x0 c:/altera/14.1/nios2eds/bin/gnu/h-x86_64-mingw32/bin/../lib/gcc/nios2-elf/4.8.3/../../../../../H-x86_64-mingw32/nios2-elf/lib\libc.a(lib_a-fwalk.o)
 .bss           0x0000000000018b7c        0x0 c:/altera/14.1/nios2eds/bin/gnu/h-x86_64-mingw32/bin/../lib/gcc/nios2-elf/4.8.3/../../../../../H-x86_64-mingw32/nios2-elf/lib\libc.a(lib_a-iswspace.o)
 .bss           0x0000000000018b7c        0x0 c:/altera/14.1/nios2eds/bin/gnu/h-x86_64-mingw32/bin/../lib/gcc/nios2-elf/4.8.3/../../../../../H-x86_64-mingw32/nios2-elf/lib\libc.a(lib_a-locale.o)
 .bss           0x0000000000018b7c       0x28 c:/altera/14.1/nios2eds/bin/gnu/h-x86_64-mingw32/bin/../lib/gcc/nios2-elf/4.8.3/../../../../../H-x86_64-mingw32/nios2-elf/lib\libc.a(lib_a-mallocr.o)
                0x0000000000018b7c                __malloc_current_mallinfo
 .bss           0x0000000000018ba4        0x0 c:/altera/14.1/nios2eds/bin/gnu/h-x86_64-mingw32/bin/../lib/gcc/nios2-elf/4.8.3/../../../../../H-x86_64-mingw32/nios2-elf/lib\libc.a(lib_a-mbrtowc.o)
 .bss           0x0000000000018ba4        0x0 c:/altera/14.1/nios2eds/bin/gnu/h-x86_64-mingw32/bin/../lib/gcc/nios2-elf/4.8.3/../../../../../H-x86_64-mingw32/nios2-elf/lib\libc.a(lib_a-mbtowc_r.o)
 .bss           0x0000000000018ba4        0x0 c:/altera/14.1/nios2eds/bin/gnu/h-x86_64-mingw32/bin/../lib/gcc/nios2-elf/4.8.3/../../../../../H-x86_64-mingw32/nios2-elf/lib\libc.a(lib_a-memchr.o)
 .bss           0x0000000000018ba4        0x0 c:/altera/14.1/nios2eds/bin/gnu/h-x86_64-mingw32/bin/../lib/gcc/nios2-elf/4.8.3/../../../../../H-x86_64-mingw32/nios2-elf/lib\libc.a(lib_a-memcpy.o)
 .bss           0x0000000000018ba4        0x0 c:/altera/14.1/nios2eds/bin/gnu/h-x86_64-mingw32/bin/../lib/gcc/nios2-elf/4.8.3/../../../../../H-x86_64-mingw32/nios2-elf/lib\libc.a(lib_a-memmove.o)
 .bss           0x0000000000018ba4        0x0 c:/altera/14.1/nios2eds/bin/gnu/h-x86_64-mingw32/bin/../lib/gcc/nios2-elf/4.8.3/../../../../../H-x86_64-mingw32/nios2-elf/lib\libc.a(lib_a-memset.o)
 .bss           0x0000000000018ba4        0x0 c:/altera/14.1/nios2eds/bin/gnu/h-x86_64-mingw32/bin/../lib/gcc/nios2-elf/4.8.3/../../../../../H-x86_64-mingw32/nios2-elf/lib\libc.a(lib_a-reallocr.o)
 .bss           0x0000000000018ba4        0x0 c:/altera/14.1/nios2eds/bin/gnu/h-x86_64-mingw32/bin/../lib/gcc/nios2-elf/4.8.3/../../../../../H-x86_64-mingw32/nios2-elf/lib\libc.a(lib_a-refill.o)
 .bss           0x0000000000018ba4        0x0 c:/altera/14.1/nios2eds/bin/gnu/h-x86_64-mingw32/bin/../lib/gcc/nios2-elf/4.8.3/../../../../../H-x86_64-mingw32/nios2-elf/lib\libc.a(lib_a-s_fpclassify.o)
 .bss           0x0000000000018ba4        0x0 c:/altera/14.1/nios2eds/bin/gnu/h-x86_64-mingw32/bin/../lib/gcc/nios2-elf/4.8.3/../../../../../H-x86_64-mingw32/nios2-elf/lib\libc.a(lib_a-sbrkr.o)
 .bss           0x0000000000018ba4        0x0 c:/altera/14.1/nios2eds/bin/gnu/h-x86_64-mingw32/bin/../lib/gcc/nios2-elf/4.8.3/../../../../../H-x86_64-mingw32/nios2-elf/lib\libc.a(lib_a-sccl.o)
 .bss           0x0000000000018ba4        0x0 c:/altera/14.1/nios2eds/bin/gnu/h-x86_64-mingw32/bin/../lib/gcc/nios2-elf/4.8.3/../../../../../H-x86_64-mingw32/nios2-elf/lib\libc.a(lib_a-sf_nan.o)
 .bss           0x0000000000018ba4        0x0 c:/altera/14.1/nios2eds/bin/gnu/h-x86_64-mingw32/bin/../lib/gcc/nios2-elf/4.8.3/../../../../../H-x86_64-mingw32/nios2-elf/lib\libc.a(lib_a-sprintf.o)
 .bss           0x0000000000018ba4        0x0 c:/altera/14.1/nios2eds/bin/gnu/h-x86_64-mingw32/bin/../lib/gcc/nios2-elf/4.8.3/../../../../../H-x86_64-mingw32/nios2-elf/lib\libc.a(lib_a-stdio.o)
 .bss           0x0000000000018ba4        0x0 c:/altera/14.1/nios2eds/bin/gnu/h-x86_64-mingw32/bin/../lib/gcc/nios2-elf/4.8.3/../../../../../H-x86_64-mingw32/nios2-elf/lib\libc.a(lib_a-strcmp.o)
 .bss           0x0000000000018ba4        0x0 c:/altera/14.1/nios2eds/bin/gnu/h-x86_64-mingw32/bin/../lib/gcc/nios2-elf/4.8.3/../../../../../H-x86_64-mingw32/nios2-elf/lib\libc.a(lib_a-strtod.o)
 .bss           0x0000000000018ba4        0x0 c:/altera/14.1/nios2eds/bin/gnu/h-x86_64-mingw32/bin/../lib/gcc/nios2-elf/4.8.3/../../../../../H-x86_64-mingw32/nios2-elf/lib\libc.a(lib_a-strtol.o)
 .bss           0x0000000000018ba4        0x0 c:/altera/14.1/nios2eds/bin/gnu/h-x86_64-mingw32/bin/../lib/gcc/nios2-elf/4.8.3/../../../../../H-x86_64-mingw32/nios2-elf/lib\libc.a(lib_a-strtoll_r.o)
 .bss           0x0000000000018ba4        0x0 c:/altera/14.1/nios2eds/bin/gnu/h-x86_64-mingw32/bin/../lib/gcc/nios2-elf/4.8.3/../../../../../H-x86_64-mingw32/nios2-elf/lib\libc.a(lib_a-strtoul.o)
 .bss           0x0000000000018ba4        0x0 c:/altera/14.1/nios2eds/bin/gnu/h-x86_64-mingw32/bin/../lib/gcc/nios2-elf/4.8.3/../../../../../H-x86_64-mingw32/nios2-elf/lib\libc.a(lib_a-strtoull_r.o)
 .bss           0x0000000000018ba4        0x0 c:/altera/14.1/nios2eds/bin/gnu/h-x86_64-mingw32/bin/../lib/gcc/nios2-elf/4.8.3/../../../../../H-x86_64-mingw32/nios2-elf/lib\libc.a(lib_a-svfprintf.o)
 .bss           0x0000000000018ba4        0x0 c:/altera/14.1/nios2eds/bin/gnu/h-x86_64-mingw32/bin/../lib/gcc/nios2-elf/4.8.3/../../../../../H-x86_64-mingw32/nios2-elf/lib\libc.a(lib_a-ungetc.o)
 .bss           0x0000000000018ba4        0x0 c:/altera/14.1/nios2eds/bin/gnu/h-x86_64-mingw32/bin/../lib/gcc/nios2-elf/4.8.3/../../../../../H-x86_64-mingw32/nios2-elf/lib\libc.a(lib_a-writer.o)
 .bss           0x0000000000018ba4        0x0 c:/altera/14.1/nios2eds/bin/gnu/h-x86_64-mingw32/bin/../lib/gcc/nios2-elf/4.8.3/../../../../../H-x86_64-mingw32/nios2-elf/lib\libc.a(lib_a-wsetup.o)
 .bss           0x0000000000018ba4        0x0 c:/altera/14.1/nios2eds/bin/gnu/h-x86_64-mingw32/bin/../lib/gcc/nios2-elf/4.8.3/../../../../../H-x86_64-mingw32/nios2-elf/lib\libc.a(closer.o)
 .bss           0x0000000000018ba4        0x0 c:/altera/14.1/nios2eds/bin/gnu/h-x86_64-mingw32/bin/../lib/gcc/nios2-elf/4.8.3/../../../../../H-x86_64-mingw32/nios2-elf/lib\libc.a(lib_a-dtoa.o)
 .bss           0x0000000000018ba4        0x0 c:/altera/14.1/nios2eds/bin/gnu/h-x86_64-mingw32/bin/../lib/gcc/nios2-elf/4.8.3/../../../../../H-x86_64-mingw32/nios2-elf/lib\libc.a(lib_a-fclose.o)
 .bss           0x0000000000018ba4        0x0 c:/altera/14.1/nios2eds/bin/gnu/h-x86_64-mingw32/bin/../lib/gcc/nios2-elf/4.8.3/../../../../../H-x86_64-mingw32/nios2-elf/lib\libc.a(lib_a-fflush.o)
 .bss           0x0000000000018ba4        0x0 c:/altera/14.1/nios2eds/bin/gnu/h-x86_64-mingw32/bin/../lib/gcc/nios2-elf/4.8.3/../../../../../H-x86_64-mingw32/nios2-elf/lib\libc.a(lib_a-gdtoa-gethex.o)
 .bss           0x0000000000018ba4        0x0 c:/altera/14.1/nios2eds/bin/gnu/h-x86_64-mingw32/bin/../lib/gcc/nios2-elf/4.8.3/../../../../../H-x86_64-mingw32/nios2-elf/lib\libc.a(lib_a-gdtoa-hexnan.o)
 .bss           0x0000000000018ba4        0x0 c:/altera/14.1/nios2eds/bin/gnu/h-x86_64-mingw32/bin/../lib/gcc/nios2-elf/4.8.3/../../../../../H-x86_64-mingw32/nios2-elf/lib\libc.a(lib_a-int_errno.o)
 .bss           0x0000000000018ba4        0x0 c:/altera/14.1/nios2eds/bin/gnu/h-x86_64-mingw32/bin/../lib/gcc/nios2-elf/4.8.3/../../../../../H-x86_64-mingw32/nios2-elf/lib\libc.a(lib_a-lseekr.o)
 .bss           0x0000000000018ba4        0x0 c:/altera/14.1/nios2eds/bin/gnu/h-x86_64-mingw32/bin/../lib/gcc/nios2-elf/4.8.3/../../../../../H-x86_64-mingw32/nios2-elf/lib\libc.a(lib_a-makebuf.o)
 .bss           0x0000000000018ba4        0x0 c:/altera/14.1/nios2eds/bin/gnu/h-x86_64-mingw32/bin/../lib/gcc/nios2-elf/4.8.3/../../../../../H-x86_64-mingw32/nios2-elf/lib\libc.a(lib_a-mprec.o)
 .bss           0x0000000000018ba4        0x0 c:/altera/14.1/nios2eds/bin/gnu/h-x86_64-mingw32/bin/../lib/gcc/nios2-elf/4.8.3/../../../../../H-x86_64-mingw32/nios2-elf/lib\libc.a(lib_a-readr.o)
 .bss           0x0000000000018ba4        0x0 c:/altera/14.1/nios2eds/bin/gnu/h-x86_64-mingw32/bin/../lib/gcc/nios2-elf/4.8.3/../../../../../H-x86_64-mingw32/nios2-elf/lib\libc.a(lib_a-strncmp.o)
 .bss           0x0000000000018ba4        0x0 c:/altera/14.1/nios2eds/bin/gnu/h-x86_64-mingw32/bin/../lib/gcc/nios2-elf/4.8.3/../../../../../H-x86_64-mingw32/nios2-elf/lib\libc.a(lib_a-svfiprintf.o)
 .bss           0x0000000000018ba4        0x0 c:/altera/14.1/nios2eds/bin/gnu/h-x86_64-mingw32/bin/../lib/gcc/nios2-elf/4.8.3/../../../../../H-x86_64-mingw32/nios2-elf/lib\libc.a(lib_a-callocr.o)
 .bss           0x0000000000018ba4        0x0 c:/altera/14.1/nios2eds/bin/gnu/h-x86_64-mingw32/bin/../lib/gcc/nios2-elf/4.8.3/../../../../../H-x86_64-mingw32/nios2-elf/lib\libc.a(lib_a-fstatr.o)
 .bss           0x0000000000018ba4        0x0 c:/altera/14.1/nios2eds/bin/gnu/h-x86_64-mingw32/bin/../lib/gcc/nios2-elf/4.8.3/../../../../../H-x86_64-mingw32/nios2-elf/lib\libc.a(lib_a-isattyr.o)
 .bss           0x0000000000018ba4        0x0 c:/altera/14.1/nios2eds/bin/gnu/h-x86_64-mingw32/bin/../lib/gcc/nios2-elf/4.8.3\libgcc.a(_muldi3.o)
 .bss           0x0000000000018ba4        0x0 c:/altera/14.1/nios2eds/bin/gnu/h-x86_64-mingw32/bin/../lib/gcc/nios2-elf/4.8.3\libgcc.a(_fixunsdfsi.o)
 .bss           0x0000000000018ba4        0x0 c:/altera/14.1/nios2eds/bin/gnu/h-x86_64-mingw32/bin/../lib/gcc/nios2-elf/4.8.3\libgcc.a(_udivdi3.o)
 .bss           0x0000000000018ba4        0x0 c:/altera/14.1/nios2eds/bin/gnu/h-x86_64-mingw32/bin/../lib/gcc/nios2-elf/4.8.3\libgcc.a(_umoddi3.o)
 .bss           0x0000000000018ba4        0x0 c:/altera/14.1/nios2eds/bin/gnu/h-x86_64-mingw32/bin/../lib/gcc/nios2-elf/4.8.3\libgcc.a(lib2-divmod.o)
 .bss           0x0000000000018ba4        0x0 c:/altera/14.1/nios2eds/bin/gnu/h-x86_64-mingw32/bin/../lib/gcc/nios2-elf/4.8.3\libgcc.a(eqsf2.o)
 .bss           0x0000000000018ba4        0x0 c:/altera/14.1/nios2eds/bin/gnu/h-x86_64-mingw32/bin/../lib/gcc/nios2-elf/4.8.3\libgcc.a(gesf2.o)
 .bss           0x0000000000018ba4        0x0 c:/altera/14.1/nios2eds/bin/gnu/h-x86_64-mingw32/bin/../lib/gcc/nios2-elf/4.8.3\libgcc.a(lesf2.o)
 .bss           0x0000000000018ba4        0x0 c:/altera/14.1/nios2eds/bin/gnu/h-x86_64-mingw32/bin/../lib/gcc/nios2-elf/4.8.3\libgcc.a(adddf3.o)
 .bss           0x0000000000018ba4        0x0 c:/altera/14.1/nios2eds/bin/gnu/h-x86_64-mingw32/bin/../lib/gcc/nios2-elf/4.8.3\libgcc.a(divdf3.o)
 .bss           0x0000000000018ba4        0x0 c:/altera/14.1/nios2eds/bin/gnu/h-x86_64-mingw32/bin/../lib/gcc/nios2-elf/4.8.3\libgcc.a(eqdf2.o)
 .bss           0x0000000000018ba4        0x0 c:/altera/14.1/nios2eds/bin/gnu/h-x86_64-mingw32/bin/../lib/gcc/nios2-elf/4.8.3\libgcc.a(gedf2.o)
 .bss           0x0000000000018ba4        0x0 c:/altera/14.1/nios2eds/bin/gnu/h-x86_64-mingw32/bin/../lib/gcc/nios2-elf/4.8.3\libgcc.a(ledf2.o)
 .bss           0x0000000000018ba4        0x0 c:/altera/14.1/nios2eds/bin/gnu/h-x86_64-mingw32/bin/../lib/gcc/nios2-elf/4.8.3\libgcc.a(muldf3.o)
 .bss           0x0000000000018ba4        0x0 c:/altera/14.1/nios2eds/bin/gnu/h-x86_64-mingw32/bin/../lib/gcc/nios2-elf/4.8.3\libgcc.a(subdf3.o)
 .bss           0x0000000000018ba4        0x0 c:/altera/14.1/nios2eds/bin/gnu/h-x86_64-mingw32/bin/../lib/gcc/nios2-elf/4.8.3\libgcc.a(fixdfsi.o)
 .bss           0x0000000000018ba4        0x0 c:/altera/14.1/nios2eds/bin/gnu/h-x86_64-mingw32/bin/../lib/gcc/nios2-elf/4.8.3\libgcc.a(floatsidf.o)
 .bss           0x0000000000018ba4        0x0 c:/altera/14.1/nios2eds/bin/gnu/h-x86_64-mingw32/bin/../lib/gcc/nios2-elf/4.8.3\libgcc.a(floatunsidf.o)
 .bss           0x0000000000018ba4        0x0 c:/altera/14.1/nios2eds/bin/gnu/h-x86_64-mingw32/bin/../lib/gcc/nios2-elf/4.8.3\libgcc.a(truncdfsf2.o)
 .bss           0x0000000000018ba4        0x0 c:/altera/14.1/nios2eds/bin/gnu/h-x86_64-mingw32/bin/../lib/gcc/nios2-elf/4.8.3\libgcc.a(_clz.o)
 .bss           0x0000000000018ba4        0x0 c:/altera/14.1/nios2eds/bin/gnu/h-x86_64-mingw32/bin/../lib/gcc/nios2-elf/4.8.3\libgcc.a(_clzsi2.o)
 .bss           0x0000000000018ba4        0x0 ../LCD_prog_bsp/\libhal_bsp.a(alt_close.o)
 .bss           0x0000000000018ba4        0x0 ../LCD_prog_bsp/\libhal_bsp.a(alt_dev.o)
 .bss           0x0000000000018ba4        0x0 ../LCD_prog_bsp/\libhal_bsp.a(alt_errno.o)
 .bss           0x0000000000018ba4        0x0 ../LCD_prog_bsp/\libhal_bsp.a(alt_fstat.o)
 .bss           0x0000000000018ba4        0x0 ../LCD_prog_bsp/\libhal_bsp.a(alt_isatty.o)
 .bss           0x0000000000018ba4        0x0 ../LCD_prog_bsp/\libhal_bsp.a(alt_load.o)
 .bss           0x0000000000018ba4        0x0 ../LCD_prog_bsp/\libhal_bsp.a(alt_lseek.o)
 .bss           0x0000000000018ba4        0x0 ../LCD_prog_bsp/\libhal_bsp.a(alt_main.o)
 .bss           0x0000000000018ba4        0x0 ../LCD_prog_bsp/\libhal_bsp.a(alt_malloc_lock.o)
 .bss           0x0000000000018ba4        0x0 ../LCD_prog_bsp/\libhal_bsp.a(alt_read.o)
 .bss           0x0000000000018ba4        0x0 ../LCD_prog_bsp/\libhal_bsp.a(alt_release_fd.o)
 .bss           0x0000000000018ba4        0x0 ../LCD_prog_bsp/\libhal_bsp.a(alt_sbrk.o)
 .bss           0x0000000000018ba4        0x0 ../LCD_prog_bsp/\libhal_bsp.a(alt_usleep.o)
 .bss           0x0000000000018ba4        0x0 ../LCD_prog_bsp/\libhal_bsp.a(alt_write.o)
 .bss           0x0000000000018ba4        0x0 ../LCD_prog_bsp/\libhal_bsp.a(alt_sys_init.o)
 .bss           0x0000000000018ba4        0x0 ../LCD_prog_bsp/\libhal_bsp.a(altera_avalon_jtag_uart_fd.o)
 .bss           0x0000000000018ba4        0x0 ../LCD_prog_bsp/\libhal_bsp.a(altera_avalon_jtag_uart_init.o)
 .bss           0x0000000000018ba4        0x0 ../LCD_prog_bsp/\libhal_bsp.a(altera_avalon_jtag_uart_ioctl.o)
 .bss           0x0000000000018ba4        0x0 ../LCD_prog_bsp/\libhal_bsp.a(altera_avalon_jtag_uart_read.o)
 .bss           0x0000000000018ba4        0x0 ../LCD_prog_bsp/\libhal_bsp.a(altera_avalon_jtag_uart_write.o)
 .bss           0x0000000000018ba4        0x0 ../LCD_prog_bsp/\libhal_bsp.a(altera_hostfs.o)
 .bss           0x0000000000018ba4        0x0 ../LCD_prog_bsp/\libhal_bsp.a(alt_alarm_start.o)
 .bss           0x0000000000018ba4        0x0 ../LCD_prog_bsp/\libhal_bsp.a(alt_busy_sleep.o)
 .bss           0x0000000000018ba4        0x0 ../LCD_prog_bsp/\libhal_bsp.a(alt_dcache_flush_all.o)
 .bss           0x0000000000018ba4        0x0 ../LCD_prog_bsp/\libhal_bsp.a(alt_dev_llist_insert.o)
 .bss           0x0000000000018ba4        0x0 ../LCD_prog_bsp/\libhal_bsp.a(alt_do_ctors.o)
 .bss           0x0000000000018ba4        0x0 ../LCD_prog_bsp/\libhal_bsp.a(alt_do_dtors.o)
 .bss           0x0000000000018ba4        0x0 ../LCD_prog_bsp/\libhal_bsp.a(alt_fs_reg.o)
 .bss           0x0000000000018ba4        0x0 ../LCD_prog_bsp/\libhal_bsp.a(alt_icache_flush_all.o)
 .bss           0x0000000000018ba4        0x0 ../LCD_prog_bsp/\libhal_bsp.a(alt_iic.o)
 .bss           0x0000000000018ba4        0x0 ../LCD_prog_bsp/\libhal_bsp.a(alt_iic_isr_register.o)
 .bss           0x0000000000018ba4        0x0 ../LCD_prog_bsp/\libhal_bsp.a(alt_io_redirect.o)
 .bss           0x0000000000018ba4        0x0 ../LCD_prog_bsp/\libhal_bsp.a(alt_irq_entry.o)
 .bss           0x0000000000018ba4        0x0 ../LCD_prog_bsp/\libhal_bsp.a(alt_irq_handler.o)
 .bss           0x0000000000018ba4        0x0 ../LCD_prog_bsp/\libhal_bsp.a(alt_irq_vars.o)
 .bss           0x0000000000018ba4        0x0 ../LCD_prog_bsp/\libhal_bsp.a(alt_open.o)
 .bss           0x0000000000018ba4        0x0 ../LCD_prog_bsp/\libhal_bsp.a(alt_tick.o)
 .bss           0x0000000000018ba4        0x0 ../LCD_prog_bsp/\libhal_bsp.a(altera_nios2_qsys_irq.o)
 .bss           0x0000000000018ba4        0x0 ../LCD_prog_bsp/\libhal_bsp.a(alt_exception_entry.o)
 .bss           0x0000000000018ba4        0x0 ../LCD_prog_bsp/\libhal_bsp.a(alt_find_dev.o)
 .bss           0x0000000000018ba4        0x0 ../LCD_prog_bsp/\libhal_bsp.a(alt_find_file.o)
 .bss           0x0000000000018ba4        0x0 ../LCD_prog_bsp/\libhal_bsp.a(alt_get_fd.o)
 .bss           0x0000000000018ba4        0x0 ../LCD_prog_bsp/\libhal_bsp.a(alt_icache_flush.o)
 .bss           0x0000000000018ba4        0x0 c:/altera/14.1/nios2eds/bin/gnu/h-x86_64-mingw32/bin/../lib/gcc/nios2-elf/4.8.3/../../../../../H-x86_64-mingw32/nios2-elf/lib\libc.a(lib_a-atexit.o)
 .bss           0x0000000000018ba4        0x0 c:/altera/14.1/nios2eds/bin/gnu/h-x86_64-mingw32/bin/../lib/gcc/nios2-elf/4.8.3/../../../../../H-x86_64-mingw32/nios2-elf/lib\libc.a(lib_a-exit.o)
 .bss           0x0000000000018ba4        0x0 c:/altera/14.1/nios2eds/bin/gnu/h-x86_64-mingw32/bin/../lib/gcc/nios2-elf/4.8.3/../../../../../H-x86_64-mingw32/nios2-elf/lib\libc.a(lib_a-memcmp.o)
 .bss           0x0000000000018ba4        0x0 c:/altera/14.1/nios2eds/bin/gnu/h-x86_64-mingw32/bin/../lib/gcc/nios2-elf/4.8.3/../../../../../H-x86_64-mingw32/nios2-elf/lib\libc.a(lib_a-__atexit.o)
 .bss           0x0000000000018ba4        0x0 c:/altera/14.1/nios2eds/bin/gnu/h-x86_64-mingw32/bin/../lib/gcc/nios2-elf/4.8.3/../../../../../H-x86_64-mingw32/nios2-elf/lib\libc.a(lib_a-__call_atexit.o)
 .bss           0x0000000000018ba4        0x0 ../LCD_prog_bsp/\libhal_bsp.a(alt_exit.o)
 *(COMMON)
 COMMON         0x0000000000018ba4      0x100 c:/altera/14.1/nios2eds/bin/gnu/h-x86_64-mingw32/bin/../lib/gcc/nios2-elf/4.8.3/../../../../../H-x86_64-mingw32/nios2-elf/lib\libc.a(lib_a-gdtoa-gethex.o)
                0x0000000000018ba4                __hexdig
 COMMON         0x0000000000018ca4      0x100 ../LCD_prog_bsp/\libhal_bsp.a(alt_irq_handler.o)
                0x0000000000018ca4                alt_irq
                0x0000000000018da4                . = ALIGN (0x4)
                0x0000000000018da4                __bss_end = ABSOLUTE (.)

.sdram_controller_0
                0x0000000000018da4        0x0
                0x0000000000018da4                PROVIDE (_alt_partition_sdram_controller_0_start, ABSOLUTE (.))
 *(.sdram_controller_0 .sdram_controller_0. sdram_controller_0.*)
                0x0000000000018da4                . = ALIGN (0x4)
                0x0000000000018da4                PROVIDE (_alt_partition_sdram_controller_0_end, ABSOLUTE (.))
                0x0000000000018da4                _end = ABSOLUTE (.)
                0x0000000000018da4                end = ABSOLUTE (.)
                0x0000000000018da4                __alt_stack_base = ABSOLUTE (.)
                0x0000000000018da4                PROVIDE (_alt_partition_sdram_controller_0_load_addr, LOADADDR (.sdram_controller_0))

.stab
 *(.stab)

.stabstr
 *(.stabstr)

.stab.excl
 *(.stab.excl)

.stab.exclstr
 *(.stab.exclstr)

.stab.index
 *(.stab.index)

.stab.indexstr
 *(.stab.indexstr)

.comment        0x0000000000000000       0x39
 *(.comment)
 .comment       0x0000000000000000       0x39 obj/default/hello_world.o
                                         0x3a (size before relaxing)
 .comment       0x0000000000000000       0x3a c:/altera/14.1/nios2eds/bin/gnu/h-x86_64-mingw32/bin/../lib/gcc/nios2-elf/4.8.3/../../../../../H-x86_64-mingw32/nios2-elf/lib\libc.a(lib_a-fscanf.o)
 .comment       0x0000000000000000       0x3a c:/altera/14.1/nios2eds/bin/gnu/h-x86_64-mingw32/bin/../lib/gcc/nios2-elf/4.8.3/../../../../../H-x86_64-mingw32/nios2-elf/lib\libc.a(lib_a-impure.o)
 .comment       0x0000000000000000       0x3a c:/altera/14.1/nios2eds/bin/gnu/h-x86_64-mingw32/bin/../lib/gcc/nios2-elf/4.8.3/../../../../../H-x86_64-mingw32/nios2-elf/lib\libc.a(lib_a-puts.o)
 .comment       0x0000000000000000       0x3a c:/altera/14.1/nios2eds/bin/gnu/h-x86_64-mingw32/bin/../lib/gcc/nios2-elf/4.8.3/../../../../../H-x86_64-mingw32/nios2-elf/lib\libc.a(lib_a-strlen.o)
 .comment       0x0000000000000000       0x3a c:/altera/14.1/nios2eds/bin/gnu/h-x86_64-mingw32/bin/../lib/gcc/nios2-elf/4.8.3/../../../../../H-x86_64-mingw32/nios2-elf/lib\libc.a(lib_a-vfscanf.o)
 .comment       0x0000000000000000       0x3a c:/altera/14.1/nios2eds/bin/gnu/h-x86_64-mingw32/bin/../lib/gcc/nios2-elf/4.8.3/../../../../../H-x86_64-mingw32/nios2-elf/lib\libc.a(lib_a-ctype_.o)
 .comment       0x0000000000000000       0x3a c:/altera/14.1/nios2eds/bin/gnu/h-x86_64-mingw32/bin/../lib/gcc/nios2-elf/4.8.3/../../../../../H-x86_64-mingw32/nios2-elf/lib\libc.a(lib_a-findfp.o)
 .comment       0x0000000000000000       0x3a c:/altera/14.1/nios2eds/bin/gnu/h-x86_64-mingw32/bin/../lib/gcc/nios2-elf/4.8.3/../../../../../H-x86_64-mingw32/nios2-elf/lib\libc.a(lib_a-fread.o)
 .comment       0x0000000000000000       0x3a c:/altera/14.1/nios2eds/bin/gnu/h-x86_64-mingw32/bin/../lib/gcc/nios2-elf/4.8.3/../../../../../H-x86_64-mingw32/nios2-elf/lib\libc.a(lib_a-freer.o)
 .comment       0x0000000000000000       0x3a c:/altera/14.1/nios2eds/bin/gnu/h-x86_64-mingw32/bin/../lib/gcc/nios2-elf/4.8.3/../../../../../H-x86_64-mingw32/nios2-elf/lib\libc.a(lib_a-fvwrite.o)
 .comment       0x0000000000000000       0x3a c:/altera/14.1/nios2eds/bin/gnu/h-x86_64-mingw32/bin/../lib/gcc/nios2-elf/4.8.3/../../../../../H-x86_64-mingw32/nios2-elf/lib\libc.a(lib_a-fwalk.o)
 .comment       0x0000000000000000       0x3a c:/altera/14.1/nios2eds/bin/gnu/h-x86_64-mingw32/bin/../lib/gcc/nios2-elf/4.8.3/../../../../../H-x86_64-mingw32/nios2-elf/lib\libc.a(lib_a-iswspace.o)
 .comment       0x0000000000000000       0x3a c:/altera/14.1/nios2eds/bin/gnu/h-x86_64-mingw32/bin/../lib/gcc/nios2-elf/4.8.3/../../../../../H-x86_64-mingw32/nios2-elf/lib\libc.a(lib_a-locale.o)
 .comment       0x0000000000000000       0x3a c:/altera/14.1/nios2eds/bin/gnu/h-x86_64-mingw32/bin/../lib/gcc/nios2-elf/4.8.3/../../../../../H-x86_64-mingw32/nios2-elf/lib\libc.a(lib_a-mallocr.o)
 .comment       0x0000000000000000       0x3a c:/altera/14.1/nios2eds/bin/gnu/h-x86_64-mingw32/bin/../lib/gcc/nios2-elf/4.8.3/../../../../../H-x86_64-mingw32/nios2-elf/lib\libc.a(lib_a-mbrtowc.o)
 .comment       0x0000000000000000       0x3a c:/altera/14.1/nios2eds/bin/gnu/h-x86_64-mingw32/bin/../lib/gcc/nios2-elf/4.8.3/../../../../../H-x86_64-mingw32/nios2-elf/lib\libc.a(lib_a-mbtowc_r.o)
 .comment       0x0000000000000000       0x3a c:/altera/14.1/nios2eds/bin/gnu/h-x86_64-mingw32/bin/../lib/gcc/nios2-elf/4.8.3/../../../../../H-x86_64-mingw32/nios2-elf/lib\libc.a(lib_a-memchr.o)
 .comment       0x0000000000000000       0x3a c:/altera/14.1/nios2eds/bin/gnu/h-x86_64-mingw32/bin/../lib/gcc/nios2-elf/4.8.3/../../../../../H-x86_64-mingw32/nios2-elf/lib\libc.a(lib_a-memcpy.o)
 .comment       0x0000000000000000       0x3a c:/altera/14.1/nios2eds/bin/gnu/h-x86_64-mingw32/bin/../lib/gcc/nios2-elf/4.8.3/../../../../../H-x86_64-mingw32/nios2-elf/lib\libc.a(lib_a-memmove.o)
 .comment       0x0000000000000000       0x3a c:/altera/14.1/nios2eds/bin/gnu/h-x86_64-mingw32/bin/../lib/gcc/nios2-elf/4.8.3/../../../../../H-x86_64-mingw32/nios2-elf/lib\libc.a(lib_a-memset.o)
 .comment       0x0000000000000000       0x3a c:/altera/14.1/nios2eds/bin/gnu/h-x86_64-mingw32/bin/../lib/gcc/nios2-elf/4.8.3/../../../../../H-x86_64-mingw32/nios2-elf/lib\libc.a(lib_a-reallocr.o)