Archive member included to satisfy reference by file (symbol)

/home/hadrien/altera/15.0/nios2eds/bin/gnu/H-x86_64-pc-linux-gnu/bin/../lib/gcc/nios2-elf/4.9.1/libgcc.a(lib2-divmod.o)
                              obj/default/i2c/i2c.o (__udivsi3)
/home/hadrien/altera/15.0/nios2eds/bin/gnu/H-x86_64-pc-linux-gnu/bin/../lib/gcc/nios2-elf/4.9.1/../../../../../H-x86_64-pc-linux-gnu/nios2-elf/lib/libc.a(lib_a-malloc.o)
                              obj/default/hello_world.o (malloc)
/home/hadrien/altera/15.0/nios2eds/bin/gnu/H-x86_64-pc-linux-gnu/bin/../lib/gcc/nios2-elf/4.9.1/../../../../../H-x86_64-pc-linux-gnu/nios2-elf/lib/libc.a(lib_a-mallocr.o)
                              /home/hadrien/altera/15.0/nios2eds/bin/gnu/H-x86_64-pc-linux-gnu/bin/../lib/gcc/nios2-elf/4.9.1/../../../../../H-x86_64-pc-linux-gnu/nios2-elf/lib/libc.a(lib_a-malloc.o) (_malloc_r)
/home/hadrien/altera/15.0/nios2eds/bin/gnu/H-x86_64-pc-linux-gnu/bin/../lib/gcc/nios2-elf/4.9.1/../../../../../H-x86_64-pc-linux-gnu/nios2-elf/lib/libc.a(lib_a-puts.o)
                              obj/default/hello_world.o (puts)
/home/hadrien/altera/15.0/nios2eds/bin/gnu/H-x86_64-pc-linux-gnu/bin/../lib/gcc/nios2-elf/4.9.1/../../../../../H-x86_64-pc-linux-gnu/nios2-elf/lib/libc.a(lib_a-realloc.o)
                              obj/default/hello_world.o (realloc)
/home/hadrien/altera/15.0/nios2eds/bin/gnu/H-x86_64-pc-linux-gnu/bin/../lib/gcc/nios2-elf/4.9.1/../../../../../H-x86_64-pc-linux-gnu/nios2-elf/lib/libc.a(lib_a-reallocr.o)
                              /home/hadrien/altera/15.0/nios2eds/bin/gnu/H-x86_64-pc-linux-gnu/bin/../lib/gcc/nios2-elf/4.9.1/../../../../../H-x86_64-pc-linux-gnu/nios2-elf/lib/libc.a(lib_a-realloc.o) (_realloc_r)
/home/hadrien/altera/15.0/nios2eds/bin/gnu/H-x86_64-pc-linux-gnu/bin/../lib/gcc/nios2-elf/4.9.1/../../../../../H-x86_64-pc-linux-gnu/nios2-elf/lib/libc.a(lib_a-sbrkr.o)
                              /home/hadrien/altera/15.0/nios2eds/bin/gnu/H-x86_64-pc-linux-gnu/bin/../lib/gcc/nios2-elf/4.9.1/../../../../../H-x86_64-pc-linux-gnu/nios2-elf/lib/libc.a(lib_a-mallocr.o) (_sbrk_r)
/home/hadrien/altera/15.0/nios2eds/bin/gnu/H-x86_64-pc-linux-gnu/bin/../lib/gcc/nios2-elf/4.9.1/../../../../../H-x86_64-pc-linux-gnu/nios2-elf/lib/libc.a(lib_a-strlen.o)
                              /home/hadrien/altera/15.0/nios2eds/bin/gnu/H-x86_64-pc-linux-gnu/bin/../lib/gcc/nios2-elf/4.9.1/../../../../../H-x86_64-pc-linux-gnu/nios2-elf/lib/libc.a(lib_a-puts.o) (strlen)
/home/hadrien/altera/15.0/nios2eds/bin/gnu/H-x86_64-pc-linux-gnu/bin/../lib/gcc/nios2-elf/4.9.1/../../../../../H-x86_64-pc-linux-gnu/nios2-elf/lib/libc.a(lib_a-freer.o)
                              /home/hadrien/altera/15.0/nios2eds/bin/gnu/H-x86_64-pc-linux-gnu/bin/../lib/gcc/nios2-elf/4.9.1/../../../../../H-x86_64-pc-linux-gnu/nios2-elf/lib/libc.a(lib_a-malloc.o) (_free_r)
/home/hadrien/altera/15.0/nios2eds/bin/gnu/H-x86_64-pc-linux-gnu/bin/../lib/gcc/nios2-elf/4.9.1/../../../../../H-x86_64-pc-linux-gnu/nios2-elf/lib/libc.a(lib_a-fvwrite.o)
                              /home/hadrien/altera/15.0/nios2eds/bin/gnu/H-x86_64-pc-linux-gnu/bin/../lib/gcc/nios2-elf/4.9.1/../../../../../H-x86_64-pc-linux-gnu/nios2-elf/lib/libc.a(lib_a-puts.o) (__sfvwrite_r)
/home/hadrien/altera/15.0/nios2eds/bin/gnu/H-x86_64-pc-linux-gnu/bin/../lib/gcc/nios2-elf/4.9.1/../../../../../H-x86_64-pc-linux-gnu/nios2-elf/lib/libc.a(lib_a-impure.o)
                              /home/hadrien/altera/15.0/nios2eds/bin/gnu/H-x86_64-pc-linux-gnu/bin/../lib/gcc/nios2-elf/4.9.1/../../../../../H-x86_64-pc-linux-gnu/nios2-elf/lib/libc.a(lib_a-malloc.o) (_impure_ptr)
/home/hadrien/altera/15.0/nios2eds/bin/gnu/H-x86_64-pc-linux-gnu/bin/../lib/gcc/nios2-elf/4.9.1/../../../../../H-x86_64-pc-linux-gnu/nios2-elf/lib/libc.a(lib_a-int_errno.o)
                              /home/hadrien/altera/15.0/nios2eds/bin/gnu/H-x86_64-pc-linux-gnu/bin/../lib/gcc/nios2-elf/4.9.1/../../../../../H-x86_64-pc-linux-gnu/nios2-elf/lib/libc.a(lib_a-sbrkr.o) (errno)
/home/hadrien/altera/15.0/nios2eds/bin/gnu/H-x86_64-pc-linux-gnu/bin/../lib/gcc/nios2-elf/4.9.1/../../../../../H-x86_64-pc-linux-gnu/nios2-elf/lib/libc.a(lib_a-memchr.o)
                              /home/hadrien/altera/15.0/nios2eds/bin/gnu/H-x86_64-pc-linux-gnu/bin/../lib/gcc/nios2-elf/4.9.1/../../../../../H-x86_64-pc-linux-gnu/nios2-elf/lib/libc.a(lib_a-fvwrite.o) (memchr)
/home/hadrien/altera/15.0/nios2eds/bin/gnu/H-x86_64-pc-linux-gnu/bin/../lib/gcc/nios2-elf/4.9.1/../../../../../H-x86_64-pc-linux-gnu/nios2-elf/lib/libc.a(lib_a-memcpy.o)
                              /home/hadrien/altera/15.0/nios2eds/bin/gnu/H-x86_64-pc-linux-gnu/bin/../lib/gcc/nios2-elf/4.9.1/../../../../../H-x86_64-pc-linux-gnu/nios2-elf/lib/libc.a(lib_a-fvwrite.o) (memcpy)
/home/hadrien/altera/15.0/nios2eds/bin/gnu/H-x86_64-pc-linux-gnu/bin/../lib/gcc/nios2-elf/4.9.1/../../../../../H-x86_64-pc-linux-gnu/nios2-elf/lib/libc.a(lib_a-memmove.o)
[...]
Memory Configuration

Name             Origin             Length             Attributes
reset            0x0000000000000000 0x0000000000000020
sdram            0x0000000000000020 0x0000000001ffffe0
*default*        0x0000000000000000 0xffffffffffffffff

Linker script and memory map

LOAD /data/workspace/ES/lab03/software/camera_lcd_bsp//obj/HAL/src/crt0.o
LOAD obj/default/hello_world.o
LOAD obj/default/i2c/i2c.o
LOAD /home/hadrien/altera/15.0/nios2eds/bin/gnu/H-x86_64-pc-linux-gnu/bin/../lib/gcc/nios2-elf/4.9.1/../../../../../H-x86_64-pc-linux-gnu/nios2-elf/lib/libstdc++.a
LOAD /home/hadrien/altera/15.0/nios2eds/bin/gnu/H-x86_64-pc-linux-gnu/bin/../lib/gcc/nios2-elf/4.9.1/../../../../../H-x86_64-pc-linux-gnu/nios2-elf/lib/libm.a
LOAD /home/hadrien/altera/15.0/nios2eds/bin/gnu/H-x86_64-pc-linux-gnu/bin/../lib/gcc/nios2-elf/4.9.1/libgcc.a
START GROUP
LOAD /home/hadrien/altera/15.0/nios2eds/bin/gnu/H-x86_64-pc-linux-gnu/bin/../lib/gcc/nios2-elf/4.9.1/../../../../../H-x86_64-pc-linux-gnu/nios2-elf/lib/libc.a
LOAD /home/hadrien/altera/15.0/nios2eds/bin/gnu/H-x86_64-pc-linux-gnu/bin/../lib/gcc/nios2-elf/4.9.1/libgcc.a
LOAD /data/workspace/ES/lab03/software/camera_lcd_bsp//libhal_bsp.a
LOAD /home/hadrien/altera/15.0/nios2eds/bin/gnu/H-x86_64-pc-linux-gnu/bin/../lib/gcc/nios2-elf/4.9.1/../../../../../H-x86_64-pc-linux-gnu/nios2-elf/lib/libm.a
END GROUP
LOAD /home/hadrien/altera/15.0/nios2eds/bin/gnu/H-x86_64-pc-linux-gnu/bin/../lib/gcc/nios2-elf/4.9.1/libgcc.a
                0x0000000000000000                __alt_mem_sdram = 0x0

.entry          0x0000000000000000       0x20
 *(.entry)
 .entry         0x0000000000000000       0x20 /data/workspace/ES/lab03/software/camera_lcd_bsp//obj/HAL/src/crt0.o
                0x0000000000000000                __reset

.exceptions     0x0000000000000020      0x19c
                0x0000000000000020                PROVIDE (__ram_exceptions_start, ABSOLUTE (.))
                0x0000000000000020                . = ALIGN (0x20)
 *(.irq)
 *(.exceptions.entry.label)
 .exceptions.entry.label
                0x0000000000000020        0x0 /data/workspace/ES/lab03/software/camera_lcd_bsp//libhal_bsp.a(alt_irq_entry.o)
                0x0000000000000020                alt_irq_entry
 .exceptions.entry.label
                0x0000000000000020        0x0 /data/workspace/ES/lab03/software/camera_lcd_bsp//libhal_bsp.a(alt_exception_entry.o)
                0x0000000000000020                alt_exception
 *(.exceptions.entry.user)
 *(.exceptions.entry.ecc_fatal)
 *(.exceptions.entry)
 .exceptions.entry
                0x0000000000000020       0x54 /data/workspace/ES/lab03/software/camera_lcd_bsp//libhal_bsp.a(alt_exception_entry.o)
 *(.exceptions.irqtest.user)
 *(.exceptions.irqtest)
 .exceptions.irqtest
                0x0000000000000074       0x10 /data/workspace/ES/lab03/software/camera_lcd_bsp//libhal_bsp.a(alt_irq_entry.o)
 *(.exceptions.irqhandler.user)
 *(.exceptions.irqhandler)
 .exceptions.irqhandler
                0x0000000000000084        0x4 /data/workspace/ES/lab03/software/camera_lcd_bsp//libhal_bsp.a(alt_irq_entry.o)
 *(.exceptions.irqreturn.user)
 *(.exceptions.irqreturn)
 .exceptions.irqreturn
                0x0000000000000088        0x4 /data/workspace/ES/lab03/software/camera_lcd_bsp//libhal_bsp.a(alt_irq_entry.o)
 *(.exceptions.notirq.label)
 .exceptions.notirq.label
                0x000000000000008c        0x0 /data/workspace/ES/lab03/software/camera_lcd_bsp//libhal_bsp.a(alt_irq_entry.o)
 *(.exceptions.notirq.user)
 *(.exceptions.notirq)
 .exceptions.notirq
                0x000000000000008c        0x8 /data/workspace/ES/lab03/software/camera_lcd_bsp//libhal_bsp.a(alt_exception_entry.o)
 *(.exceptions.soft.user)
 *(.exceptions.soft)
 *(.exceptions.unknown.user)
 *(.exceptions.unknown)
 .exceptions.unknown
                0x0000000000000094        0x4 /data/workspace/ES/lab03/software/camera_lcd_bsp//libhal_bsp.a(alt_exception_entry.o)
 *(.exceptions.exit.label)
 .exceptions.exit.label
                0x0000000000000098        0x0 /data/workspace/ES/lab03/software/camera_lcd_bsp//libhal_bsp.a(alt_irq_entry.o)
 .exceptions.exit.label
                0x0000000000000098        0x0 /data/workspace/ES/lab03/software/camera_lcd_bsp//libhal_bsp.a(alt_exception_entry.o)
 *(.exceptions.exit.user)
 *(.exceptions.exit)
 .exceptions.exit
                0x0000000000000098       0x54 /data/workspace/ES/lab03/software/camera_lcd_bsp//libhal_bsp.a(alt_exception_entry.o)
 *(.exceptions)
 .exceptions    0x00000000000000ec       0xd0 /data/workspace/ES/lab03/software/camera_lcd_bsp//libhal_bsp.a(alt_irq_handler.o)
                0x00000000000000ec                alt_irq_handler
                0x00000000000001bc                PROVIDE (__ram_exceptions_end, ABSOLUTE (.))
                0x0000000000000020                PROVIDE (__flash_exceptions_start, LOADADDR (.exceptions))

.text           0x00000000000001bc     0x6a1c
                0x00000000000001bc                PROVIDE (stext, ABSOLUTE (.))
 *(.interp)
 *(.hash)
 *(.dynsym)
 *(.dynstr)
 *(.gnu.version)
 *(.gnu.version_d)
 *(.gnu.version_r)
 *(.rel.init)
 *(.rela.init)
 *(.rel.text .rel.text.* .rel.gnu.linkonce.t.*)
 *(.rela.text .rela.text.* .rela.gnu.linkonce.t.*)
 *(.rel.fini)
 *(.rela.fini)
 *(.rel.rodata .rel.rodata.* .rel.gnu.linkonce.r.*)
 *(.rela.rodata .rela.rodata.* .rela.gnu.linkonce.r.*)
 *(.rel.data .rel.data.* .rel.gnu.linkonce.d.*)
 *(.rela.data .rela.data.* .rela.gnu.linkonce.d.*)
 *(.rel.tdata .rel.tdata.* .rel.gnu.linkonce.td.*)
 *(.rela.tdata .rela.tdata.* .rela.gnu.linkonce.td.*)
 *(.rel.tbss .rel.tbss.* .rel.gnu.linkonce.tb.*)
 *(.rela.tbss .rela.tbss.* .rela.gnu.linkonce.tb.*)
 *(.rel.ctors)
 *(.rela.ctors)
 *(.rel.dtors)
 *(.rela.dtors)
 *(.rel.got)
 *(.rela.got)
 *(.rel.sdata .rel.sdata.* .rel.gnu.linkonce.s.*)
 *(.rela.sdata .rela.sdata.* .rela.gnu.linkonce.s.*)
 *(.rel.sbss .rel.sbss.* .rel.gnu.linkonce.sb.*)
 *(.rela.sbss .rela.sbss.* .rela.gnu.linkonce.sb.*)
 *(.rel.sdata2 .rel.sdata2.* .rel.gnu.linkonce.s2.*)
 *(.rela.sdata2 .rela.sdata2.* .rela.gnu.linkonce.s2.*)
 *(.rel.sbss2 .rel.sbss2.* .rel.gnu.linkonce.sb2.*)
 *(.rela.sbss2 .rela.sbss2.* .rela.gnu.linkonce.sb2.*)
 *(.rel.bss .rel.bss.* .rel.gnu.linkonce.b.*)
 *(.rela.bss .rela.bss.* .rela.gnu.linkonce.b.*)
 *(.rel.plt)
 *(.rela.plt)
 *(.rel.dyn)
 *(.init)
 *(.plt)
 *(.text .stub .text.* .gnu.linkonce.t.*)
 .text          0x00000000000001bc       0x3c /data/workspace/ES/lab03/software/camera_lcd_bsp//obj/HAL/src/crt0.o
                0x00000000000001bc                _start
 .text          0x00000000000001f8      0xd4c obj/default/hello_world.o
                0x00000000000001f8                trdb_d5m_write
                0x000000000000027c                trdb_d5m_read
                0x0000000000000318                camera_controller_create
                0x0000000000000394                camera_controller_destroy
                0x00000000000003d4                camera_controller_configure
                0x0000000000000558                camera_controller_start
                0x000000000000058c                camera_controller_stop
                0x00000000000005c0                camera_controller_read_done
                0x00000000000005f4                camera_controller_read_current_frame
                0x0000000000000624                camera_controller_read_ctrl_1
                0x0000000000000654                Delay_Ms
                0x00000000000006a0                LCD_Init
                0x0000000000000e04                main
 .text          0x0000000000000f44      0x7f8 obj/default/i2c/i2c.o
                0x0000000000001084                i2c_inst
                0x00000000000010b0                i2c_init
                0x0000000000001110                i2c_configure
                0x000000000000118c                i2c_write
                0x00000000000012b8                i2c_read
                0x0000000000001400                i2c_write_array
                0x0000000000001594                i2c_read_array
 .text          0x000000000000173c      0x12c /home/hadrien/altera/15.0/nios2eds/bin/gnu/H-x86_64-pc-linux-gnu/bin/../lib/gcc/nios2-elf/4.9.1/libgcc.a(lib2-divmod.o)
                0x00000000000017a8                __divsi3
                0x00000000000017fc                __modsi3
                0x0000000000001858                __udivsi3
                0x0000000000001860                __umodsi3
 .text          0x0000000000001868       0x28 /home/hadrien/altera/15.0/nios2eds/bin/gnu/H-x86_64-pc-linux-gnu/bin/../lib/gcc/nios2-elf/4.9.1/../../../../../H-x86_64-pc-linux-gnu/nios2-elf/lib/libc.a(lib_a-malloc.o)
                0x0000000000001868                malloc
                0x000000000000187c                free
 .text          0x0000000000001890      0x7a8 /home/hadrien/altera/15.0/nios2eds/bin/gnu/H-x86_64-pc-linux-gnu/bin/../lib/gcc/nios2-elf/4.9.1/../../../../../H-x86_64-pc-linux-gnu/nios2-elf/lib/libc.a(lib_a-mallocr.o)
                0x0000000000001890                _malloc_r
 .text          0x0000000000002038       0xcc /home/hadrien/altera/15.0/nios2eds/bin/gnu/H-x86_64-pc-linux-gnu/bin/../lib/gcc/nios2-elf/4.9.1/../../../../../H-x86_64-pc-linux-gnu/nios2-elf/lib/libc.a(lib_a-puts.o)
                0x0000000000002038                _puts_r
                0x00000000000020f0                puts
 .text          0x0000000000002104       0x1c /home/hadrien/altera/15.0/nios2eds/bin/gnu/H-x86_64-pc-linux-gnu/bin/../lib/gcc/nios2-elf/4.9.1/../../../../../H-x86_64-pc-linux-gnu/nios2-elf/lib/libc.a(lib_a-realloc.o)
                0x0000000000002104                realloc
 .text          0x0000000000002120      0x5a0 /home/hadrien/altera/15.0/nios2eds/bin/gnu/H-x86_64-pc-linux-gnu/bin/../lib/gcc/nios2-elf/4.9.1/../../../../../H-x86_64-pc-linux-gnu/nios2-elf/lib/libc.a(lib_a-reallocr.o)
                0x0000000000002120                _realloc_r
 .text          0x00000000000026c0       0x54 /home/hadrien/altera/15.0/nios2eds/bin/gnu/H-x86_64-pc-linux-gnu/bin/../lib/gcc/nios2-elf/4.9.1/../../../../../H-x86_64-pc-linux-gnu/nios2-elf/lib/libc.a(lib_a-sbrkr.o)
                0x00000000000026c0                _sbrk_r
 .text          0x0000000000002714       0x98 /home/hadrien/altera/15.0/nios2eds/bin/gnu/H-x86_64-pc-linux-gnu/bin/../lib/gcc/nios2-elf/4.9.1/../../../../../H-x86_64-pc-linux-gnu/nios2-elf/lib/libc.a(lib_a-strlen.o)
                0x0000000000002714                strlen
 .text          0x00000000000027ac      0x414 /home/hadrien/altera/15.0/nios2eds/bin/gnu/H-x86_64-pc-linux-gnu/bin/../lib/gcc/nios2-elf/4.9.1/../../../../../H-x86_64-pc-linux-gnu/nios2-elf/lib/libc.a(lib_a-freer.o)
                0x00000000000027ac                _malloc_trim_r
                0x00000000000028d0                _free_r
 .text          0x0000000000002bc0      0x4a4 /home/hadrien/altera/15.0/nios2eds/bin/gnu/H-x86_64-pc-linux-gnu/bin/../lib/gcc/nios2-elf/4.9.1/../../../../../H-x86_64-pc-linux-gnu/nios2-elf/lib/libc.a(lib_a-fvwrite.o)
                0x0000000000002bc0                __sfvwrite_r
 .text          0x0000000000003064        0x0 /home/hadrien/altera/15.0/nios2eds/bin/gnu/H-x86_64-pc-linux-gnu/bin/../lib/gcc/nios2-elf/4.9.1/../../../../../H-x86_64-pc-linux-gnu/nios2-elf/lib/libc.a(lib_a-impure.o)
 .text          0x0000000000003064        0x0 /home/hadrien/altera/15.0/nios2eds/bin/gnu/H-x86_64-pc-linux-gnu/bin/../lib/gcc/nios2-elf/4.9.1/../../../../../H-x86_64-pc-linux-gnu/nios2-elf/lib/libc.a(lib_a-int_errno.o)
 .text          0x0000000000003064       0xe8 /home/hadrien/altera/15.0/nios2eds/bin/gnu/H-x86_64-pc-linux-gnu/bin/../lib/gcc/nios2-elf/4.9.1/../../../../../H-x86_64-pc-linux-gnu/nios2-elf/lib/libc.a(lib_a-memchr.o)
                0x0000000000003064                memchr
 .text          0x000000000000314c      0x138 /home/hadrien/altera/15.0/nios2eds/bin/gnu/H-x86_64-pc-linux-gnu/bin/../lib/gcc/nios2-elf/4.9.1/../../../../../H-x86_64-pc-linux-gnu/nios2-elf/lib/libc.a(lib_a-memcpy.o)
                0x000000000000314c                memcpy
 .text          0x0000000000003284      0x15c /home/hadrien/altera/15.0/nios2eds/bin/gnu/H-x86_64-pc-linux-gnu/bin/../lib/gcc/nios2-elf/4.9.1/../../../../../H-x86_64-pc-linux-gnu/nios2-elf/lib/libc.a(lib_a-memmove.o)
                0x0000000000003284                memmove
 .text          0x00000000000033e0      0x130 /home/hadrien/altera/15.0/nios2eds/bin/gnu/H-x86_64-pc-linux-gnu/bin/../lib/gcc/nios2-elf/4.9.1/../../../../../H-x86_64-pc-linux-gnu/nios2-elf/lib/libc.a(lib_a-wsetup.o)
                0x00000000000033e0                __swsetup_r
 .text          0x0000000000003510      0x258 /home/hadrien/altera/15.0/nios2eds/bin/gnu/H-x86_64-pc-linux-gnu/bin/../lib/gcc/nios2-elf/4.9.1/../../../../../H-x86_64-pc-linux-gnu/nios2-elf/lib/libc.a(lib_a-fflush.o)
                0x0000000000003510                _fflush_r
                0x0000000000003738                fflush
 .text          0x0000000000003768      0x3a0 /home/hadrien/altera/15.0/nios2eds/bin/gnu/H-x86_64-pc-linux-gnu/bin/../lib/gcc/nios2-elf/4.9.1/../../../../../H-x86_64-pc-linux-gnu/nios2-elf/lib/libc.a(lib_a-findfp.o)
                0x0000000000003778                _cleanup_r
                0x0000000000003924                __sfmoreglue
                0x0000000000003988                __sfp
                0x0000000000003aa0                _cleanup
                0x0000000000003ab8                __sinit
                0x0000000000003ac8                __sfp_lock_acquire
                0x0000000000003acc                __sfp_lock_release
                0x0000000000003ad0                __sinit_lock_acquire
                0x0000000000003ad4                __sinit_lock_release
                0x0000000000003ad8                __fp_lock_all
                0x0000000000003af0                __fp_unlock_all
 .text          0x0000000000003b08      0x170 /home/hadrien/altera/15.0/nios2eds/bin/gnu/H-x86_64-pc-linux-gnu/bin/../lib/gcc/nios2-elf/4.9.1/../../../../../H-x86_64-pc-linux-gnu/nios2-elf/lib/libc.a(lib_a-fwalk.o)
                0x0000000000003b08                _fwalk
                0x0000000000003bc0                _fwalk_reent
 .text          0x0000000000003c78      0x1b8 /home/hadrien/altera/15.0/nios2eds/bin/gnu/H-x86_64-pc-linux-gnu/bin/../lib/gcc/nios2-elf/4.9.1/../../../../../H-x86_64-pc-linux-gnu/nios2-elf/lib/libc.a(lib_a-makebuf.o)
                0x0000000000003c78                __smakebuf_r
 .text          0x0000000000003e30      0x124 /home/hadrien/altera/15.0/nios2eds/bin/gnu/H-x86_64-pc-linux-gnu/bin/../lib/gcc/nios2-elf/4.9.1/../../../../../H-x86_64-pc-linux-gnu/nios2-elf/lib/libc.a(lib_a-memset.o)
                0x0000000000003e30                memset
 .text          0x0000000000003f54      0x13c /home/hadrien/altera/15.0/nios2eds/bin/gnu/H-x86_64-pc-linux-gnu/bin/../lib/gcc/nios2-elf/4.9.1/../../../../../H-x86_64-pc-linux-gnu/nios2-elf/lib/libc.a(lib_a-stdio.o)
                0x0000000000003f54                __sread
                0x0000000000003fa8                __seofread
                0x0000000000003fb0                __swrite
                0x000000000000402c                __sseek
                0x0000000000004088                __sclose
 .text          0x0000000000004090       0x5c /home/hadrien/altera/15.0/nios2eds/bin/gnu/H-x86_64-pc-linux-gnu/bin/../lib/gcc/nios2-elf/4.9.1/../../../../../H-x86_64-pc-linux-gnu/nios2-elf/lib/libc.a(lib_a-writer.o)
                0x0000000000004090                _write_r
 .text          0x00000000000040ec       0x54 /home/hadrien/altera/15.0/nios2eds/bin/gnu/H-x86_64-pc-linux-gnu/bin/../lib/gcc/nios2-elf/4.9.1/../../../../../H-x86_64-pc-linux-gnu/nios2-elf/lib/libc.a(closer.o)
                0x00000000000040ec                _close_r
 .text          0x0000000000004140      0x114 /home/hadrien/altera/15.0/nios2eds/bin/gnu/H-x86_64-pc-linux-gnu/bin/../lib/gcc/nios2-elf/4.9.1/../../../../../H-x86_64-pc-linux-gnu/nios2-elf/lib/libc.a(lib_a-fclose.o)
                0x0000000000004140                _fclose_r
                0x0000000000004240                fclose
 .text          0x0000000000004254       0x58 /home/hadrien/altera/15.0/nios2eds/bin/gnu/H-x86_64-pc-linux-gnu/bin/../lib/gcc/nios2-elf/4.9.1/../../../../../H-x86_64-pc-linux-gnu/nios2-elf/lib/libc.a(lib_a-fstatr.o)
                0x0000000000004254                _fstat_r
 .text          0x00000000000042ac       0x54 /home/hadrien/altera/15.0/nios2eds/bin/gnu/H-x86_64-pc-linux-gnu/bin/../lib/gcc/nios2-elf/4.9.1/../../../../../H-x86_64-pc-linux-gnu/nios2-elf/lib/libc.a(lib_a-isattyr.o)
                0x00000000000042ac                _isatty_r
 .text          0x0000000000004300       0x5c /home/hadrien/altera/15.0/nios2eds/bin/gnu/H-x86_64-pc-linux-gnu/bin/../lib/gcc/nios2-elf/4.9.1/../../../../../H-x86_64-pc-linux-gnu/nios2-elf/lib/libc.a(lib_a-lseekr.o)
                0x0000000000004300                _lseek_r
 .text          0x000000000000435c       0x5c /home/hadrien/altera/15.0/nios2eds/bin/gnu/H-x86_64-pc-linux-gnu/bin/../lib/gcc/nios2-elf/4.9.1/../../../../../H-x86_64-pc-linux-gnu/nios2-elf/lib/libc.a(lib_a-readr.o)
                0x000000000000435c                _read_r
 .text          0x00000000000043b8      0x120 /data/workspace/ES/lab03/software/camera_lcd_bsp//libhal_bsp.a(alt_close.o)
                0x0000000000004408                close
 .text          0x00000000000044d8       0x2c /data/workspace/ES/lab03/software/camera_lcd_bsp//libhal_bsp.a(alt_dev.o)
 .text          0x0000000000004504        0x0 /data/workspace/ES/lab03/software/camera_lcd_bsp//libhal_bsp.a(alt_errno.o)
 .text          0x0000000000004504      0x100 /data/workspace/ES/lab03/software/camera_lcd_bsp//libhal_bsp.a(alt_fstat.o)
                0x0000000000004554                fstat
 .text          0x0000000000004604       0xf4 /data/workspace/ES/lab03/software/camera_lcd_bsp//libhal_bsp.a(alt_isatty.o)
                0x0000000000004654                isatty
 .text          0x00000000000046f8       0xe4 /data/workspace/ES/lab03/software/camera_lcd_bsp//libhal_bsp.a(alt_load.o)
                0x000000000000475c                alt_load
 .text          0x00000000000047dc      0x124 /data/workspace/ES/lab03/software/camera_lcd_bsp//libhal_bsp.a(alt_lseek.o)
                0x000000000000482c                lseek
 .text          0x0000000000004900       0x78 /data/workspace/ES/lab03/software/camera_lcd_bsp//libhal_bsp.a(alt_main.o)
                0x0000000000004900                alt_main
 .text          0x0000000000004978       0x40 /data/workspace/ES/lab03/software/camera_lcd_bsp//libhal_bsp.a(alt_malloc_lock.o)
                0x0000000000004978                __malloc_lock
                0x0000000000004998                __malloc_unlock
 .text          0x00000000000049b8      0x14c /data/workspace/ES/lab03/software/camera_lcd_bsp//libhal_bsp.a(alt_read.o)
                0x0000000000004a08                read
 .text          0x0000000000004b04       0x60 /data/workspace/ES/lab03/software/camera_lcd_bsp//libhal_bsp.a(alt_release_fd.o)
                0x0000000000004b04                alt_release_fd
 .text          0x0000000000004b64       0xb0 /data/workspace/ES/lab03/software/camera_lcd_bsp//libhal_bsp.a(alt_sbrk.o)
                0x0000000000004b64                sbrk
 .text          0x0000000000004c14       0x30 /data/workspace/ES/lab03/software/camera_lcd_bsp//libhal_bsp.a(alt_usleep.o)
                0x0000000000004c14                usleep
 .text          0x0000000000004c44      0x148 /data/workspace/ES/lab03/software/camera_lcd_bsp//libhal_bsp.a(alt_write.o)
                0x0000000000004c94                write
 .text          0x0000000000004d8c       0xb0 /data/workspace/ES/lab03/software/camera_lcd_bsp//libhal_bsp.a(alt_sys_init.o)
                0x0000000000004dc4                alt_irq_init
                0x0000000000004df8                alt_sys_init
 .text          0x0000000000004e3c      0x164 /data/workspace/ES/lab03/software/camera_lcd_bsp//libhal_bsp.a(altera_avalon_jtag_uart_fd.o)
                0x0000000000004e3c                altera_avalon_jtag_uart_read_fd
                0x0000000000004e9c                altera_avalon_jtag_uart_write_fd
                0x0000000000004efc                altera_avalon_jtag_uart_close_fd
                0x0000000000004f4c                altera_avalon_jtag_uart_ioctl_fd
 .text          0x0000000000004fa0      0x3d8 /data/workspace/ES/lab03/software/camera_lcd_bsp//libhal_bsp.a(altera_avalon_jtag_uart_init.o)
                0x0000000000004fa0                altera_avalon_jtag_uart_init
                0x0000000000005310                altera_avalon_jtag_uart_close
 .text          0x0000000000005378       0xec /data/workspace/ES/lab03/software/camera_lcd_bsp//libhal_bsp.a(altera_avalon_jtag_uart_ioctl.o)
                0x0000000000005378                altera_avalon_jtag_uart_ioctl
 .text          0x0000000000005464      0x20c /data/workspace/ES/lab03/software/camera_lcd_bsp//libhal_bsp.a(altera_avalon_jtag_uart_read.o)
                0x0000000000005464                altera_avalon_jtag_uart_read
 .text          0x0000000000005670      0x218 /data/workspace/ES/lab03/software/camera_lcd_bsp//libhal_bsp.a(altera_avalon_jtag_uart_write.o)
                0x0000000000005670                altera_avalon_jtag_uart_write
 .text          0x0000000000005888      0x140 /data/workspace/ES/lab03/software/camera_lcd_bsp//libhal_bsp.a(alt_alarm_start.o)
                0x0000000000005888                alt_alarm_start
 .text          0x00000000000059c8      0x158 /data/workspace/ES/lab03/software/camera_lcd_bsp//libhal_bsp.a(alt_busy_sleep.o)
                0x00000000000059c8                alt_busy_sleep
 .text          0x0000000000005b20       0x1c /data/workspace/ES/lab03/software/camera_lcd_bsp//libhal_bsp.a(alt_dcache_flush_all.o)
                0x0000000000005b20                alt_dcache_flush_all
 .text          0x0000000000005b3c       0xf4 /data/workspace/ES/lab03/software/camera_lcd_bsp//libhal_bsp.a(alt_dev_llist_insert.o)
                0x0000000000005b8c                alt_dev_llist_insert
 .text          0x0000000000005c30       0x5c /data/workspace/ES/lab03/software/camera_lcd_bsp//libhal_bsp.a(alt_do_ctors.o)
                0x0000000000005c30                _do_ctors
 .text          0x0000000000005c8c       0x5c /data/workspace/ES/lab03/software/camera_lcd_bsp//libhal_bsp.a(alt_do_dtors.o)
                0x0000000000005c8c                _do_dtors
 .text          0x0000000000005ce8       0x30 /data/workspace/ES/lab03/software/camera_lcd_bsp//libhal_bsp.a(alt_icache_flush_all.o)
                0x0000000000005ce8                alt_icache_flush_all
 .text          0x0000000000005d18      0x1e0 /data/workspace/ES/lab03/software/camera_lcd_bsp//libhal_bsp.a(alt_iic.o)
                0x0000000000005d18                alt_ic_isr_register
                0x0000000000005d68                alt_ic_irq_enable
                0x0000000000005e08                alt_ic_irq_disable
                0x0000000000005eac                alt_ic_irq_enabled
 .text          0x0000000000005ef8       0xf0 /data/workspace/ES/lab03/software/camera_lcd_bsp//libhal_bsp.a(alt_iic_isr_register.o)
                0x0000000000005ef8                alt_iic_isr_register
 .text          0x0000000000005fe8      0x138 /data/workspace/ES/lab03/software/camera_lcd_bsp//libhal_bsp.a(alt_io_redirect.o)
                0x00000000000060a8                alt_io_redirect
 .text          0x0000000000006120        0x0 /data/workspace/ES/lab03/software/camera_lcd_bsp//libhal_bsp.a(alt_irq_entry.o)
 .text          0x0000000000006120        0x0 /data/workspace/ES/lab03/software/camera_lcd_bsp//libhal_bsp.a(alt_irq_handler.o)
 .text          0x0000000000006120        0x0 /data/workspace/ES/lab03/software/camera_lcd_bsp//libhal_bsp.a(alt_irq_vars.o)
 .text          0x0000000000006120      0x274 /data/workspace/ES/lab03/software/camera_lcd_bsp//libhal_bsp.a(alt_open.o)
                0x000000000000623c                open
 .text          0x0000000000006394      0x19c /data/workspace/ES/lab03/software/camera_lcd_bsp//libhal_bsp.a(alt_tick.o)
                0x0000000000006394                alt_alarm_stop
                0x000000000000642c                alt_tick
 .text          0x0000000000006530       0x20 /data/workspace/ES/lab03/software/camera_lcd_bsp//libhal_bsp.a(altera_nios2_qsys_irq.o)
                0x0000000000006530                altera_nios2_qsys_irq_init
 .text          0x0000000000006550        0x0 /data/workspace/ES/lab03/software/camera_lcd_bsp//libhal_bsp.a(alt_exception_entry.o)
 .text          0x0000000000006550       0x90 /data/workspace/ES/lab03/software/camera_lcd_bsp//libhal_bsp.a(alt_find_dev.o)
                0x0000000000006550                alt_find_dev
 .text          0x00000000000065e0      0x114 /data/workspace/ES/lab03/software/camera_lcd_bsp//libhal_bsp.a(alt_find_file.o)
                0x00000000000065e0                alt_find_file
 .text          0x00000000000066f4       0xb4 /data/workspace/ES/lab03/software/camera_lcd_bsp//libhal_bsp.a(alt_get_fd.o)
                0x00000000000066f4                alt_get_fd
 .text          0x00000000000067a8       0x8c /data/workspace/ES/lab03/software/camera_lcd_bsp//libhal_bsp.a(alt_icache_flush.o)
                0x00000000000067a8                alt_icache_flush
 .text          0x0000000000006834       0x14 /home/hadrien/altera/15.0/nios2eds/bin/gnu/H-x86_64-pc-linux-gnu/bin/../lib/gcc/nios2-elf/4.9.1/../../../../../H-x86_64-pc-linux-gnu/nios2-elf/lib/libc.a(lib_a-atexit.o)
                0x0000000000006834                atexit
 .text          0x0000000000006848       0x38 /home/hadrien/altera/15.0/nios2eds/bin/gnu/H-x86_64-pc-linux-gnu/bin/../lib/gcc/nios2-elf/4.9.1/../../../../../H-x86_64-pc-linux-gnu/nios2-elf/lib/libc.a(lib_a-exit.o)
                0x0000000000006848                exit
 .text          0x0000000000006880       0x7c /home/hadrien/altera/15.0/nios2eds/bin/gnu/H-x86_64-pc-linux-gnu/bin/../lib/gcc/nios2-elf/4.9.1/../../../../../H-x86_64-pc-linux-gnu/nios2-elf/lib/libc.a(lib_a-memcmp.o)
                0x0000000000006880                memcmp
 .text          0x00000000000068fc      0x114 /home/hadrien/altera/15.0/nios2eds/bin/gnu/H-x86_64-pc-linux-gnu/bin/../lib/gcc/nios2-elf/4.9.1/../../../../../H-x86_64-pc-linux-gnu/nios2-elf/lib/libc.a(lib_a-__atexit.o)
                0x00000000000068fc                __register_exitproc
 .text          0x0000000000006a10      0x194 /home/hadrien/altera/15.0/nios2eds/bin/gnu/H-x86_64-pc-linux-gnu/bin/../lib/gcc/nios2-elf/4.9.1/../../../../../H-x86_64-pc-linux-gnu/nios2-elf/lib/libc.a(lib_a-__call_atexit.o)
                0x0000000000006a10                __call_exitprocs
 .text          0x0000000000006ba4       0x34 /data/workspace/ES/lab03/software/camera_lcd_bsp//libhal_bsp.a(alt_exit.o)
                0x0000000000006ba4                _exit
 *(.gnu.warning.*)
 *(.fini)
                0x0000000000006bd8                PROVIDE (__etext, ABSOLUTE (.))
                0x0000000000006bd8                PROVIDE (_etext, ABSOLUTE (.))
                0x0000000000006bd8                PROVIDE (etext, ABSOLUTE (.))
 *(.eh_frame_hdr)
                0x0000000000006bd8                . = ALIGN (0x4)
                0x0000000000006bd8                PROVIDE (__preinit_array_start, ABSOLUTE (.))
 *(.preinit_array)
                0x0000000000006bd8                PROVIDE (__preinit_array_end, ABSOLUTE (.))
                0x0000000000006bd8                PROVIDE (__init_array_start, ABSOLUTE (.))
 *(.init_array)
                0x0000000000006bd8                PROVIDE (__init_array_end, ABSOLUTE (.))
                0x0000000000006bd8                PROVIDE (__fini_array_start, ABSOLUTE (.))
 *(.fini_array)
                0x0000000000006bd8                PROVIDE (__fini_array_end, ABSOLUTE (.))
 *(.eh_frame)
 *(.gcc_except_table .gcc_except_table.*)
 *(.dynamic)
                0x0000000000006bd8                PROVIDE (__CTOR_LIST__, ABSOLUTE (.))
 *(.ctors)
 *(SORT(.ctors.*))
                0x0000000000006bd8                PROVIDE (__CTOR_END__, ABSOLUTE (.))
                0x0000000000006bd8                PROVIDE (__DTOR_LIST__, ABSOLUTE (.))
 *(.dtors)
 *(SORT(.dtors.*))
                0x0000000000006bd8                PROVIDE (__DTOR_END__, ABSOLUTE (.))
 *(.jcr)
                0x0000000000006bd8                . = ALIGN (0x4)

.rodata         0x0000000000006bd8       0x84
                0x0000000000006bd8                PROVIDE (__ram_rodata_start, ABSOLUTE (.))
                0x0000000000006bd8                . = ALIGN (0x4)
 *(.rodata .rodata.* .gnu.linkonce.r.*)
 .rodata        0x0000000000006bd8       0x50 obj/default/hello_world.o
 .rodata.str1.4
                0x0000000000006c28        0x2 /home/hadrien/altera/15.0/nios2eds/bin/gnu/H-x86_64-pc-linux-gnu/bin/../lib/gcc/nios2-elf/4.9.1/../../../../../H-x86_64-pc-linux-gnu/nios2-elf/lib/libc.a(lib_a-puts.o)
                                          0x4 (size before relaxing)
 *fill*         0x0000000000006c2a        0x2 
 .rodata.str1.4
                0x0000000000006c2c        0x4 /home/hadrien/altera/15.0/nios2eds/bin/gnu/H-x86_64-pc-linux-gnu/bin/../lib/gcc/nios2-elf/4.9.1/../../../../../H-x86_64-pc-linux-gnu/nios2-elf/lib/libc.a(lib_a-impure.o)
 .rodata        0x0000000000006c30        0xc /data/workspace/ES/lab03/software/camera_lcd_bsp//libhal_bsp.a(alt_dev.o)
 .rodata        0x0000000000006c3c       0x10 /data/workspace/ES/lab03/software/camera_lcd_bsp//libhal_bsp.a(alt_main.o)
 .rodata        0x0000000000006c4c       0x10 /data/workspace/ES/lab03/software/camera_lcd_bsp//libhal_bsp.a(alt_sys_init.o)
 *(.rodata1)
                0x0000000000006c5c                . = ALIGN (0x4)
                0x0000000000006c5c                PROVIDE (__ram_rodata_end, ABSOLUTE (.))
                0x0000000000006bd8                PROVIDE (__flash_rodata_start, LOADADDR (.rodata))

.rwdata         0x0000000000006c5c     0x1a6c load address 0x00000000000086c8
                0x0000000000006c5c                PROVIDE (__ram_rwdata_start, ABSOLUTE (.))
                0x0000000000006c5c                . = ALIGN (0x4)
 *(.got.plt)
 *(.got)
 *(.data1)
 *(.data .data.* .gnu.linkonce.d.*)
 .data          0x0000000000006c5c        0x0 /data/workspace/ES/lab03/software/camera_lcd_bsp//obj/HAL/src/crt0.o
 .data          0x0000000000006c5c        0x0 obj/default/hello_world.o
 .data          0x0000000000006c5c        0x0 obj/default/i2c/i2c.o
 .data          0x0000000000006c5c        0x0 /home/hadrien/altera/15.0/nios2eds/bin/gnu/H-x86_64-pc-linux-gnu/bin/../lib/gcc/nios2-elf/4.9.1/libgcc.a(lib2-divmod.o)
 .data          0x0000000000006c5c        0x0 /home/hadrien/altera/15.0/nios2eds/bin/gnu/H-x86_64-pc-linux-gnu/bin/../lib/gcc/nios2-elf/4.9.1/../../../../../H-x86_64-pc-linux-gnu/nios2-elf/lib/libc.a(lib_a-malloc.o)
 .data          0x0000000000006c5c      0x408 /home/hadrien/altera/15.0/nios2eds/bin/gnu/H-x86_64-pc-linux-gnu/bin/../lib/gcc/nios2-elf/4.9.1/../../../../../H-x86_64-pc-linux-gnu/nios2-elf/lib/libc.a(lib_a-mallocr.o)
                0x0000000000006c5c                __malloc_av_
 .data          0x0000000000007064        0x0 /home/hadrien/altera/15.0/nios2eds/bin/gnu/H-x86_64-pc-linux-gnu/bin/../lib/gcc/nios2-elf/4.9.1/../../../../../H-x86_64-pc-linux-gnu/nios2-elf/lib/libc.a(lib_a-puts.o)
 .data          0x0000000000007064        0x0 /home/hadrien/altera/15.0/nios2eds/bin/gnu/H-x86_64-pc-linux-gnu/bin/../lib/gcc/nios2-elf/4.9.1/../../../../../H-x86_64-pc-linux-gnu/nios2-elf/lib/libc.a(lib_a-realloc.o)
 .data          0x0000000000007064        0x0 /home/hadrien/altera/15.0/nios2eds/bin/gnu/H-x86_64-pc-linux-gnu/bin/../lib/gcc/nios2-elf/4.9.1/../../../../../H-x86_64-pc-linux-gnu/nios2-elf/lib/libc.a(lib_a-reallocr.o)
 .data          0x0000000000007064        0x0 /home/hadrien/altera/15.0/nios2eds/bin/gnu/H-x86_64-pc-linux-gnu/bin/../lib/gcc/nios2-elf/4.9.1/../../../../../H-x86_64-pc-linux-gnu/nios2-elf/lib/libc.a(lib_a-sbrkr.o)
 .data          0x0000000000007064        0x0 /home/hadrien/altera/15.0/nios2eds/bin/gnu/H-x86_64-pc-linux-gnu/bin/../lib/gcc/nios2-elf/4.9.1/../../../../../H-x86_64-pc-linux-gnu/nios2-elf/lib/libc.a(lib_a-strlen.o)
 .data          0x0000000000007064        0x0 /home/hadrien/altera/15.0/nios2eds/bin/gnu/H-x86_64-pc-linux-gnu/bin/../lib/gcc/nios2-elf/4.9.1/../../../../../H-x86_64-pc-linux-gnu/nios2-elf/lib/libc.a(lib_a-freer.o)
 .data          0x0000000000007064        0x0 /home/hadrien/altera/15.0/nios2eds/bin/gnu/H-x86_64-pc-linux-gnu/bin/../lib/gcc/nios2-elf/4.9.1/../../../../../H-x86_64-pc-linux-gnu/nios2-elf/lib/libc.a(lib_a-fvwrite.o)
 .data          0x0000000000007064      0x424 /home/hadrien/altera/15.0/nios2eds/bin/gnu/H-x86_64-pc-linux-gnu/bin/../lib/gcc/nios2-elf/4.9.1/../../../../../H-x86_64-pc-linux-gnu/nios2-elf/lib/libc.a(lib_a-impure.o)
 .data          0x0000000000007488        0x0 /home/hadrien/altera/15.0/nios2eds/bin/gnu/H-x86_64-pc-linux-gnu/bin/../lib/gcc/nios2-elf/4.9.1/../../../../../H-x86_64-pc-linux-gnu/nios2-elf/lib/libc.a(lib_a-int_errno.o)
 .data          0x0000000000007488        0x0 /home/hadrien/altera/15.0/nios2eds/bin/gnu/H-x86_64-pc-linux-gnu/bin/../lib/gcc/nios2-elf/4.9.1/../../../../../H-x86_64-pc-linux-gnu/nios2-elf/lib/libc.a(lib_a-memchr.o)
 .data          0x0000000000007488        0x0 /home/hadrien/altera/15.0/nios2eds/bin/gnu/H-x86_64-pc-linux-gnu/bin/../lib/gcc/nios2-elf/4.9.1/../../../../../H-x86_64-pc-linux-gnu/nios2-elf/lib/libc.a(lib_a-memcpy.o)
 .data          0x0000000000007488        0x0 /home/hadrien/altera/15.0/nios2eds/bin/gnu/H-x86_64-pc-linux-gnu/bin/../lib/gcc/nios2-elf/4.9.1/../../../../../H-x86_64-pc-linux-gnu/nios2-elf/lib/libc.a(lib_a-memmove.o)
 .data          0x0000000000007488        0x0 /home/hadrien/altera/15.0/nios2eds/bin/gnu/H-x86_64-pc-linux-gnu/bin/../lib/gcc/nios2-elf/4.9.1/../../../../../H-x86_64-pc-linux-gnu/nios2-elf/lib/libc.a(lib_a-wsetup.o)
 .data          0x0000000000007488        0x0 /home/hadrien/altera/15.0/nios2eds/bin/gnu/H-x86_64-pc-linux-gnu/bin/../lib/gcc/nios2-elf/4.9.1/../../../../../H-x86_64-pc-linux-gnu/nios2-elf/lib/libc.a(lib_a-fflush.o)
 .data          0x0000000000007488        0x0 /home/hadrien/altera/15.0/nios2eds/bin/gnu/H-x86_64-pc-linux-gnu/bin/../lib/gcc/nios2-elf/4.9.1/../../../../../H-x86_64-pc-linux-gnu/nios2-elf/lib/libc.a(lib_a-findfp.o)
 .data          0x0000000000007488        0x0 /home/hadrien/altera/15.0/nios2eds/bin/gnu/H-x86_64-pc-linux-gnu/bin/../lib/gcc/nios2-elf/4.9.1/../../../../../H-x86_64-pc-linux-gnu/nios2-elf/lib/libc.a(lib_a-fwalk.o)
 .data          0x0000000000007488        0x0 /home/hadrien/altera/15.0/nios2eds/bin/gnu/H-x86_64-pc-linux-gnu/bin/../lib/gcc/nios2-elf/4.9.1/../../../../../H-x86_64-pc-linux-gnu/nios2-elf/lib/libc.a(lib_a-makebuf.o)
 .data          0x0000000000007488        0x0 /home/hadrien/altera/15.0/nios2eds/bin/gnu/H-x86_64-pc-linux-gnu/bin/../lib/gcc/nios2-elf/4.9.1/../../../../../H-x86_64-pc-linux-gnu/nios2-elf/lib/libc.a(lib_a-memset.o)
 .data          0x0000000000007488        0x0 /home/hadrien/altera/15.0/nios2eds/bin/gnu/H-x86_64-pc-linux-gnu/bin/../lib/gcc/nios2-elf/4.9.1/../../../../../H-x86_64-pc-linux-gnu/nios2-elf/lib/libc.a(lib_a-stdio.o)
 .data          0x0000000000007488        0x0 /home/hadrien/altera/15.0/nios2eds/bin/gnu/H-x86_64-pc-linux-gnu/bin/../lib/gcc/nios2-elf/4.9.1/../../../../../H-x86_64-pc-linux-gnu/nios2-elf/lib/libc.a(lib_a-writer.o)
 .data          0x0000000000007488        0x0 /home/hadrien/altera/15.0/nios2eds/bin/gnu/H-x86_64-pc-linux-gnu/bin/../lib/gcc/nios2-elf/4.9.1/../../../../../H-x86_64-pc-linux-gnu/nios2-elf/lib/libc.a(closer.o)
 .data          0x0000000000007488        0x0 /home/hadrien/altera/15.0/nios2eds/bin/gnu/H-x86_64-pc-linux-gnu/bin/../lib/gcc/nios2-elf/4.9.1/../../../../../H-x86_64-pc-linux-gnu/nios2-elf/lib/libc.a(lib_a-fclose.o)
 .data          0x0000000000007488        0x0 /home/hadrien/altera/15.0/nios2eds/bin/gnu/H-x86_64-pc-linux-gnu/bin/../lib/gcc/nios2-elf/4.9.1/../../../../../H-x86_64-pc-linux-gnu/nios2-elf/lib/libc.a(lib_a-fstatr.o)
 .data          0x0000000000007488        0x0 /home/hadrien/altera/15.0/nios2eds/bin/gnu/H-x86_64-pc-linux-gnu/bin/../lib/gcc/nios2-elf/4.9.1/../../../../../H-x86_64-pc-linux-gnu/nios2-elf/lib/libc.a(lib_a-isattyr.o)
 .data          0x0000000000007488        0x0 /home/hadrien/altera/15.0/nios2eds/bin/gnu/H-x86_64-pc-linux-gnu/bin/../lib/gcc/nios2-elf/4.9.1/../../../../../H-x86_64-pc-linux-gnu/nios2-elf/lib/libc.a(lib_a-lseekr.o)
 .data          0x0000000000007488        0x0 /home/hadrien/altera/15.0/nios2eds/bin/gnu/H-x86_64-pc-linux-gnu/bin/../lib/gcc/nios2-elf/4.9.1/../../../../../H-x86_64-pc-linux-gnu/nios2-elf/lib/libc.a(lib_a-readr.o)
 .data          0x0000000000007488        0x0 /data/workspace/ES/lab03/software/camera_lcd_bsp//libhal_bsp.a(alt_close.o)
 .data          0x0000000000007488      0x1a8 /data/workspace/ES/lab03/software/camera_lcd_bsp//libhal_bsp.a(alt_dev.o)
                0x0000000000007488                alt_dev_null
                0x00000000000074b0                alt_fd_list
 .data          0x0000000000007630        0x0 /data/workspace/ES/lab03/software/camera_lcd_bsp//libhal_bsp.a(alt_errno.o)
 .data          0x0000000000007630        0x0 /data/workspace/ES/lab03/software/camera_lcd_bsp//libhal_bsp.a(alt_fstat.o)
 .data          0x0000000000007630        0x0 /data/workspace/ES/lab03/software/camera_lcd_bsp//libhal_bsp.a(alt_isatty.o)
 .data          0x0000000000007630        0x0 /data/workspace/ES/lab03/software/camera_lcd_bsp//libhal_bsp.a(alt_load.o)
 .data          0x0000000000007630        0x0 /data/workspace/ES/lab03/software/camera_lcd_bsp//libhal_bsp.a(alt_lseek.o)
 .data          0x0000000000007630        0x0 /data/workspace/ES/lab03/software/camera_lcd_bsp//libhal_bsp.a(alt_main.o)
 .data          0x0000000000007630        0x0 /data/workspace/ES/lab03/software/camera_lcd_bsp//libhal_bsp.a(alt_malloc_lock.o)
 .data          0x0000000000007630        0x0 /data/workspace/ES/lab03/software/camera_lcd_bsp//libhal_bsp.a(alt_read.o)
 .data          0x0000000000007630        0x0 /data/workspace/ES/lab03/software/camera_lcd_bsp//libhal_bsp.a(alt_release_fd.o)
 .data          0x0000000000007630        0x0 /data/workspace/ES/lab03/software/camera_lcd_bsp//libhal_bsp.a(alt_sbrk.o)
 .data          0x0000000000007630        0x0 /data/workspace/ES/lab03/software/camera_lcd_bsp//libhal_bsp.a(alt_usleep.o)
 .data          0x0000000000007630        0x0 /data/workspace/ES/lab03/software/camera_lcd_bsp//libhal_bsp.a(alt_write.o)
 .data          0x0000000000007630     0x1060 /data/workspace/ES/lab03/software/camera_lcd_bsp//libhal_bsp.a(alt_sys_init.o)
 .data          0x0000000000008690        0x0 /data/workspace/ES/lab03/software/camera_lcd_bsp//libhal_bsp.a(altera_avalon_jtag_uart_fd.o)
 .data          0x0000000000008690        0x0 /data/workspace/ES/lab03/software/camera_lcd_bsp//libhal_bsp.a(altera_avalon_jtag_uart_init.o)
 .data          0x0000000000008690        0x0 /data/workspace/ES/lab03/software/camera_lcd_bsp//libhal_bsp.a(altera_avalon_jtag_uart_ioctl.o)
 .data          0x0000000000008690        0x0 /data/workspace/ES/lab03/software/camera_lcd_bsp//libhal_bsp.a(altera_avalon_jtag_uart_read.o)
 .data          0x0000000000008690        0x0 /data/workspace/ES/lab03/software/camera_lcd_bsp//libhal_bsp.a(altera_avalon_jtag_uart_write.o)
 .data          0x0000000000008690        0x0 /data/workspace/ES/lab03/software/camera_lcd_bsp//libhal_bsp.a(alt_alarm_start.o)
 .data          0x0000000000008690        0x0 /data/workspace/ES/lab03/software/camera_lcd_bsp//libhal_bsp.a(alt_busy_sleep.o)
 .data          0x0000000000008690        0x0 /data/workspace/ES/lab03/software/camera_lcd_bsp//libhal_bsp.a(alt_dcache_flush_all.o)
 .data          0x0000000000008690        0x0 /data/workspace/ES/lab03/software/camera_lcd_bsp//libhal_bsp.a(alt_dev_llist_insert.o)
 .data          0x0000000000008690        0x0 /data/workspace/ES/lab03/software/camera_lcd_bsp//libhal_bsp.a(alt_do_ctors.o)
 .data          0x0000000000008690        0x0 /data/workspace/ES/lab03/software/camera_lcd_bsp//libhal_bsp.a(alt_do_dtors.o)
 .data          0x0000000000008690        0x0 /data/workspace/ES/lab03/software/camera_lcd_bsp//libhal_bsp.a(alt_icache_flush_all.o)
 .data          0x0000000000008690        0x0 /data/workspace/ES/lab03/software/camera_lcd_bsp//libhal_bsp.a(alt_iic.o)
 .data          0x0000000000008690        0x0 /data/workspace/ES/lab03/software/camera_lcd_bsp//libhal_bsp.a(alt_iic_isr_register.o)
 .data          0x0000000000008690        0x0 /data/workspace/ES/lab03/software/camera_lcd_bsp//libhal_bsp.a(alt_io_redirect.o)
 .data          0x0000000000008690        0x0 /data/workspace/ES/lab03/software/camera_lcd_bsp//libhal_bsp.a(alt_irq_entry.o)
 .data          0x0000000000008690        0x0 /data/workspace/ES/lab03/software/camera_lcd_bsp//libhal_bsp.a(alt_irq_handler.o)
 .data          0x0000000000008690        0x0 /data/workspace/ES/lab03/software/camera_lcd_bsp//libhal_bsp.a(alt_irq_vars.o)
 .data          0x0000000000008690        0x0 /data/workspace/ES/lab03/software/camera_lcd_bsp//libhal_bsp.a(alt_open.o)
 .data          0x0000000000008690        0x0 /data/workspace/ES/lab03/software/camera_lcd_bsp//libhal_bsp.a(alt_tick.o)
 .data          0x0000000000008690        0x0 /data/workspace/ES/lab03/software/camera_lcd_bsp//libhal_bsp.a(altera_nios2_qsys_irq.o)
 .data          0x0000000000008690        0x0 /data/workspace/ES/lab03/software/camera_lcd_bsp//libhal_bsp.a(alt_exception_entry.o)
 .data          0x0000000000008690        0x0 /data/workspace/ES/lab03/software/camera_lcd_bsp//libhal_bsp.a(alt_find_dev.o)
 .data          0x0000000000008690        0x0 /data/workspace/ES/lab03/software/camera_lcd_bsp//libhal_bsp.a(alt_find_file.o)
 .data          0x0000000000008690        0x0 /data/workspace/ES/lab03/software/camera_lcd_bsp//libhal_bsp.a(alt_get_fd.o)
 .data          0x0000000000008690        0x0 /data/workspace/ES/lab03/software/camera_lcd_bsp//libhal_bsp.a(alt_icache_flush.o)
 .data          0x0000000000008690        0x0 /home/hadrien/altera/15.0/nios2eds/bin/gnu/H-x86_64-pc-linux-gnu/bin/../lib/gcc/nios2-elf/4.9.1/../../../../../H-x86_64-pc-linux-gnu/nios2-elf/lib/libc.a(lib_a-atexit.o)
 .data          0x0000000000008690        0x0 /home/hadrien/altera/15.0/nios2eds/bin/gnu/H-x86_64-pc-linux-gnu/bin/../lib/gcc/nios2-elf/4.9.1/../../../../../H-x86_64-pc-linux-gnu/nios2-elf/lib/libc.a(lib_a-exit.o)
 .data          0x0000000000008690        0x0 /home/hadrien/altera/15.0/nios2eds/bin/gnu/H-x86_64-pc-linux-gnu/bin/../lib/gcc/nios2-elf/4.9.1/../../../../../H-x86_64-pc-linux-gnu/nios2-elf/lib/libc.a(lib_a-memcmp.o)
 .data          0x0000000000008690        0x0 /home/hadrien/altera/15.0/nios2eds/bin/gnu/H-x86_64-pc-linux-gnu/bin/../lib/gcc/nios2-elf/4.9.1/../../../../../H-x86_64-pc-linux-gnu/nios2-elf/lib/libc.a(lib_a-__atexit.o)
 .data          0x0000000000008690        0x0 /home/hadrien/altera/15.0/nios2eds/bin/gnu/H-x86_64-pc-linux-gnu/bin/../lib/gcc/nios2-elf/4.9.1/../../../../../H-x86_64-pc-linux-gnu/nios2-elf/lib/libc.a(lib_a-__call_atexit.o)
 .data          0x0000000000008690        0x0 /data/workspace/ES/lab03/software/camera_lcd_bsp//libhal_bsp.a(alt_exit.o)
                0x0000000000010690                _gp = ABSOLUTE ((. + 0x8000))
                0x0000000000010690                PROVIDE (gp, _gp)
 *(.rwdata .rwdata.*)
 *(.sdata .sdata.* .gnu.linkonce.s.*)
 .sdata         0x0000000000008690        0x8 /home/hadrien/altera/15.0/nios2eds/bin/gnu/H-x86_64-pc-linux-gnu/bin/../lib/gcc/nios2-elf/4.9.1/../../../../../H-x86_64-pc-linux-gnu/nios2-elf/lib/libc.a(lib_a-mallocr.o)
                0x0000000000008690                __malloc_sbrk_base
                0x0000000000008694                __malloc_trim_threshold
 .sdata         0x0000000000008698        0x8 /home/hadrien/altera/15.0/nios2eds/bin/gnu/H-x86_64-pc-linux-gnu/bin/../lib/gcc/nios2-elf/4.9.1/../../../../../H-x86_64-pc-linux-gnu/nios2-elf/lib/libc.a(lib_a-impure.o)
                0x0000000000008698                _global_impure_ptr
                0x000000000000869c                _impure_ptr
 .sdata         0x00000000000086a0       0x14 /data/workspace/ES/lab03/software/camera_lcd_bsp//libhal_bsp.a(alt_dev.o)
                0x00000000000086a0                alt_fs_list
                0x00000000000086a8                alt_dev_list
                0x00000000000086b0                alt_max_fd
 .sdata         0x00000000000086b4        0x4 /data/workspace/ES/lab03/software/camera_lcd_bsp//libhal_bsp.a(alt_errno.o)
                0x00000000000086b4                alt_errno
 .sdata         0x00000000000086b8        0x4 /data/workspace/ES/lab03/software/camera_lcd_bsp//libhal_bsp.a(alt_sbrk.o)
 .sdata         0x00000000000086bc        0x4 /data/workspace/ES/lab03/software/camera_lcd_bsp//libhal_bsp.a(alt_irq_vars.o)
                0x00000000000086bc                alt_priority_mask
 .sdata         0x00000000000086c0        0x8 /data/workspace/ES/lab03/software/camera_lcd_bsp//libhal_bsp.a(alt_tick.o)
                0x00000000000086c0                alt_alarm_list
 *(.sdata2 .sdata2.* .gnu.linkonce.s2.*)
                0x00000000000086c8                . = ALIGN (0x4)
                0x00000000000086c8                _edata = ABSOLUTE (.)
                0x00000000000086c8                PROVIDE (edata, ABSOLUTE (.))
                0x00000000000086c8                PROVIDE (__ram_rwdata_end, ABSOLUTE (.))
                0x00000000000086c8                PROVIDE (__flash_rwdata_start, LOADADDR (.rwdata))

.bss            0x000000000000a134      0x150
                0x000000000000a134                __bss_start = ABSOLUTE (.)
                0x000000000000a134                PROVIDE (__sbss_start, ABSOLUTE (.))
                0x000000000000a134                PROVIDE (___sbss_start, ABSOLUTE (.))
 *(.dynsbss)
 *(.sbss .sbss.* .gnu.linkonce.sb.*)
 .sbss          0x000000000000a134        0xc /home/hadrien/altera/15.0/nios2eds/bin/gnu/H-x86_64-pc-linux-gnu/bin/../lib/gcc/nios2-elf/4.9.1/../../../../../H-x86_64-pc-linux-gnu/nios2-elf/lib/libc.a(lib_a-mallocr.o)
                0x000000000000a134                __malloc_max_total_mem
                0x000000000000a138                __malloc_max_sbrked_mem
                0x000000000000a13c                __malloc_top_pad
 .sbss          0x000000000000a140        0x4 /home/hadrien/altera/15.0/nios2eds/bin/gnu/H-x86_64-pc-linux-gnu/bin/../lib/gcc/nios2-elf/4.9.1/../../../../../H-x86_64-pc-linux-gnu/nios2-elf/lib/libc.a(lib_a-int_errno.o)
                0x000000000000a140                errno
 .sbss          0x000000000000a144        0xc /data/workspace/ES/lab03/software/camera_lcd_bsp//libhal_bsp.a(alt_main.o)
                0x000000000000a144                alt_argc
                0x000000000000a148                alt_argv
                0x000000000000a14c                alt_envp
 .sbss          0x000000000000a150        0x4 /data/workspace/ES/lab03/software/camera_lcd_bsp//libhal_bsp.a(alt_irq_vars.o)
                0x000000000000a150                alt_irq_active
 .sbss          0x000000000000a154        0x8 /data/workspace/ES/lab03/software/camera_lcd_bsp//libhal_bsp.a(alt_tick.o)
                0x000000000000a154                _alt_tick_rate
                0x000000000000a158                _alt_nticks
 *(.sbss2 .sbss2.* .gnu.linkonce.sb2.*)
 *(.scommon)
                0x000000000000a15c                PROVIDE (__sbss_end, ABSOLUTE (.))
                0x000000000000a15c                PROVIDE (___sbss_end, ABSOLUTE (.))
 *(.dynbss)
 *(.bss .bss.* .gnu.linkonce.b.*)
 .bss           0x000000000000a15c        0x0 /data/workspace/ES/lab03/software/camera_lcd_bsp//obj/HAL/src/crt0.o
 .bss           0x000000000000a15c        0x0 obj/default/hello_world.o
 .bss           0x000000000000a15c        0x0 obj/default/i2c/i2c.o
 .bss           0x000000000000a15c        0x0 /home/hadrien/altera/15.0/nios2eds/bin/gnu/H-x86_64-pc-linux-gnu/bin/../lib/gcc/nios2-elf/4.9.1/libgcc.a(lib2-divmod.o)
 .bss           0x000000000000a15c        0x0 /home/hadrien/altera/15.0/nios2eds/bin/gnu/H-x86_64-pc-linux-gnu/bin/../lib/gcc/nios2-elf/4.9.1/../../../../../H-x86_64-pc-linux-gnu/nios2-elf/lib/libc.a(lib_a-malloc.o)
 .bss           0x000000000000a15c       0x28 /home/hadrien/altera/15.0/nios2eds/bin/gnu/H-x86_64-pc-linux-gnu/bin/../lib/gcc/nios2-elf/4.9.1/../../../../../H-x86_64-pc-linux-gnu/nios2-elf/lib/libc.a(lib_a-mallocr.o)
                0x000000000000a15c                __malloc_current_mallinfo
 .bss           0x000000000000a184        0x0 /home/hadrien/altera/15.0/nios2eds/bin/gnu/H-x86_64-pc-linux-gnu/bin/../lib/gcc/nios2-elf/4.9.1/../../../../../H-x86_64-pc-linux-gnu/nios2-elf/lib/libc.a(lib_a-puts.o)
 .bss           0x000000000000a184        0x0 /home/hadrien/altera/15.0/nios2eds/bin/gnu/H-x86_64-pc-linux-gnu/bin/../lib/gcc/nios2-elf/4.9.1/../../../../../H-x86_64-pc-linux-gnu/nios2-elf/lib/libc.a(lib_a-realloc.o)
 .bss           0x000000000000a184        0x0 /home/hadrien/altera/15.0/nios2eds/bin/gnu/H-x86_64-pc-linux-gnu/bin/../lib/gcc/nios2-elf/4.9.1/../../../../../H-x86_64-pc-linux-gnu/nios2-elf/lib/libc.a(lib_a-reallocr.o)
 .bss           0x000000000000a184        0x0 /home/hadrien/altera/15.0/nios2eds/bin/gnu/H-x86_64-pc-linux-gnu/bin/../lib/gcc/nios2-elf/4.9.1/../../../../../H-x86_64-pc-linux-gnu/nios2-elf/lib/libc.a(lib_a-sbrkr.o)
 .bss           0x000000000000a184        0x0 /home/hadrien/altera/15.0/nios2eds/bin/gnu/H-x86_64-pc-linux-gnu/bin/../lib/gcc/nios2-elf/4.9.1/../../../../../H-x86_64-pc-linux-gnu/nios2-elf/lib/libc.a(lib_a-strlen.o)
 .bss           0x000000000000a184        0x0 /home/hadrien/altera/15.0/nios2eds/bin/gnu/H-x86_64-pc-linux-gnu/bin/../lib/gcc/nios2-elf/4.9.1/../../../../../H-x86_64-pc-linux-gnu/nios2-elf/lib/libc.a(lib_a-freer.o)
 .bss           0x000000000000a184        0x0 /home/hadrien/altera/15.0/nios2eds/bin/gnu/H-x86_64-pc-linux-gnu/bin/../lib/gcc/nios2-elf/4.9.1/../../../../../H-x86_64-pc-linux-gnu/nios2-elf/lib/libc.a(lib_a-fvwrite.o)
 .bss           0x000000000000a184        0x0 /home/hadrien/altera/15.0/nios2eds/bin/gnu/H-x86_64-pc-linux-gnu/bin/../lib/gcc/nios2-elf/4.9.1/../../../../../H-x86_64-pc-linux-gnu/nios2-elf/lib/libc.a(lib_a-impure.o)
 .bss           0x000000000000a184        0x0 /home/hadrien/altera/15.0/nios2eds/bin/gnu/H-x86_64-pc-linux-gnu/bin/../lib/gcc/nios2-elf/4.9.1/../../../../../H-x86_64-pc-linux-gnu/nios2-elf/lib/libc.a(lib_a-int_errno.o)
 .bss           0x000000000000a184        0x0 /home/hadrien/altera/15.0/nios2eds/bin/gnu/H-x86_64-pc-linux-gnu/bin/../lib/gcc/nios2-elf/4.9.1/../../../../../H-x86_64-pc-linux-gnu/nios2-elf/lib/libc.a(lib_a-memchr.o)
 .bss           0x000000000000a184        0x0 /home/hadrien/altera/15.0/nios2eds/bin/gnu/H-x86_64-pc-linux-gnu/bin/../lib/gcc/nios2-elf/4.9.1/../../../../../H-x86_64-pc-linux-gnu/nios2-elf/lib/libc.a(lib_a-memcpy.o)
 .bss           0x000000000000a184        0x0 /home/hadrien/altera/15.0/nios2eds/bin/gnu/H-x86_64-pc-linux-gnu/bin/../lib/gcc/nios2-elf/4.9.1/../../../../../H-x86_64-pc-linux-gnu/nios2-elf/lib/libc.a(lib_a-memmove.o)
 .bss           0x000000000000a184        0x0 /home/hadrien/altera/15.0/nios2eds/bin/gnu/H-x86_64-pc-linux-gnu/bin/../lib/gcc/nios2-elf/4.9.1/../../../../../H-x86_64-pc-linux-gnu/nios2-elf/lib/libc.a(lib_a-wsetup.o)
 .bss           0x000000000000a184        0x0 /home/hadrien/altera/15.0/nios2eds/bin/gnu/H-x86_64-pc-linux-gnu/bin/../lib/gcc/nios2-elf/4.9.1/../../../../../H-x86_64-pc-linux-gnu/nios2-elf/lib/libc.a(lib_a-fflush.o)
 .bss           0x000000000000a184        0x0 /home/hadrien/altera/15.0/nios2eds/bin/gnu/H-x86_64-pc-linux-gnu/bin/../lib/gcc/nios2-elf/4.9.1/../../../../../H-x86_64-pc-linux-gnu/nios2-elf/lib/libc.a(lib_a-findfp.o)
 .bss           0x000000000000a184        0x0 /home/hadrien/altera/15.0/nios2eds/bin/gnu/H-x86_64-pc-linux-gnu/bin/../lib/gcc/nios2-elf/4.9.1/../../../../../H-x86_64-pc-linux-gnu/nios2-elf/lib/libc.a(lib_a-fwalk.o)
 .bss           0x000000000000a184        0x0 /home/hadrien/altera/15.0/nios2eds/bin/gnu/H-x86_64-pc-linux-gnu/bin/../lib/gcc/nios2-elf/4.9.1/../../../../../H-x86_64-pc-linux-gnu/nios2-elf/lib/libc.a(lib_a-makebuf.o)
 .bss           0x000000000000a184        0x0 /home/hadrien/altera/15.0/nios2eds/bin/gnu/H-x86_64-pc-linux-gnu/bin/../lib/gcc/nios2-elf/4.9.1/../../../../../H-x86_64-pc-linux-gnu/nios2-elf/lib/libc.a(lib_a-memset.o)
 .bss           0x000000000000a184        0x0 /home/hadrien/altera/15.0/nios2eds/bin/gnu/H-x86_64-pc-linux-gnu/bin/../lib/gcc/nios2-elf/4.9.1/../../../../../H-x86_64-pc-linux-gnu/nios2-elf/lib/libc.a(lib_a-stdio.o)
 .bss           0x000000000000a184        0x0 /home/hadrien/altera/15.0/nios2eds/bin/gnu/H-x86_64-pc-linux-gnu/bin/../lib/gcc/nios2-elf/4.9.1/../../../../../H-x86_64-pc-linux-gnu/nios2-elf/lib/libc.a(lib_a-writer.o)
 .bss           0x000000000000a184        0x0 /home/hadrien/altera/15.0/nios2eds/bin/gnu/H-x86_64-pc-linux-gnu/bin/../lib/gcc/nios2-elf/4.9.1/../../../../../H-x86_64-pc-linux-gnu/nios2-elf/lib/libc.a(closer.o)
 .bss           0x000000000000a184        0x0 /home/hadrien/altera/15.0/nios2eds/bin/gnu/H-x86_64-pc-linux-gnu/bin/../lib/gcc/nios2-elf/4.9.1/../../../../../H-x86_64-pc-linux-gnu/nios2-elf/lib/libc.a(lib_a-fclose.o)
 .bss           0x000000000000a184        0x0 /home/hadrien/altera/15.0/nios2eds/bin/gnu/H-x86_64-pc-linux-gnu/bin/../lib/gcc/nios2-elf/4.9.1/../../../../../H-x86_64-pc-linux-gnu/nios2-elf/lib/libc.a(lib_a-fstatr.o)
 .bss           0x000000000000a184        0x0 /home/hadrien/altera/15.0/nios2eds/bin/gnu/H-x86_64-pc-linux-gnu/bin/../lib/gcc/nios2-elf/4.9.1/../../../../../H-x86_64-pc-linux-gnu/nios2-elf/lib/libc.a(lib_a-isattyr.o)
 .bss           0x000000000000a184        0x0 /home/hadrien/altera/15.0/nios2eds/bin/gnu/H-x86_64-pc-linux-gnu/bin/../lib/gcc/nios2-elf/4.9.1/../../../../../H-x86_64-pc-linux-gnu/nios2-elf/lib/libc.a(lib_a-lseekr.o)
 .bss           0x000000000000a184        0x0 /home/hadrien/altera/15.0/nios2eds/bin/gnu/H-x86_64-pc-linux-gnu/bin/../lib/gcc/nios2-elf/4.9.1/../../../../../H-x86_64-pc-linux-gnu/nios2-elf/lib/libc.a(lib_a-readr.o)
 .bss           0x000000000000a184        0x0 /data/workspace/ES/lab03/software/camera_lcd_bsp//libhal_bsp.a(alt_close.o)
 .bss           0x000000000000a184        0x0 /data/workspace/ES/lab03/software/camera_lcd_bsp//libhal_bsp.a(alt_dev.o)
 .bss           0x000000000000a184        0x0 /data/workspace/ES/lab03/software/camera_lcd_bsp//libhal_bsp.a(alt_errno.o)
 .bss           0x000000000000a184        0x0 /data/workspace/ES/lab03/software/camera_lcd_bsp//libhal_bsp.a(alt_fstat.o)
 .bss           0x000000000000a184        0x0 /data/workspace/ES/lab03/software/camera_lcd_bsp//libhal_bsp.a(alt_isatty.o)
 .bss           0x000000000000a184        0x0 /data/workspace/ES/lab03/software/camera_lcd_bsp//libhal_bsp.a(alt_load.o)
 .bss           0x000000000000a184        0x0 /data/workspace/ES/lab03/software/camera_lcd_bsp//libhal_bsp.a(alt_lseek.o)
 .bss           0x000000000000a184        0x0 /data/workspace/ES/lab03/software/camera_lcd_bsp//libhal_bsp.a(alt_main.o)
 .bss           0x000000000000a184        0x0 /data/workspace/ES/lab03/software/camera_lcd_bsp//libhal_bsp.a(alt_malloc_lock.o)
 .bss           0x000000000000a184        0x0 /data/workspace/ES/lab03/software/camera_lcd_bsp//libhal_bsp.a(alt_read.o)
 .bss           0x000000000000a184        0x0 /data/workspace/ES/lab03/software/camera_lcd_bsp//libhal_bsp.a(alt_release_fd.o)
 .bss           0x000000000000a184        0x0 /data/workspace/ES/lab03/software/camera_lcd_bsp//libhal_bsp.a(alt_sbrk.o)
 .bss           0x000000000000a184        0x0 /data/workspace/ES/lab03/software/camera_lcd_bsp//libhal_bsp.a(alt_usleep.o)
 .bss           0x000000000000a184        0x0 /data/workspace/ES/lab03/software/camera_lcd_bsp//libhal_bsp.a(alt_write.o)
 .bss           0x000000000000a184        0x0 /data/workspace/ES/lab03/software/camera_lcd_bsp//libhal_bsp.a(alt_sys_init.o)
 .bss           0x000000000000a184        0x0 /data/workspace/ES/lab03/software/camera_lcd_bsp//libhal_bsp.a(altera_avalon_jtag_uart_fd.o)
 .bss           0x000000000000a184        0x0 /data/workspace/ES/lab03/software/camera_lcd_bsp//libhal_bsp.a(altera_avalon_jtag_uart_init.o)
 .bss           0x000000000000a184        0x0 /data/workspace/ES/lab03/software/camera_lcd_bsp//libhal_bsp.a(altera_avalon_jtag_uart_ioctl.o)
 .bss           0x000000000000a184        0x0 /data/workspace/ES/lab03/software/camera_lcd_bsp//libhal_bsp.a(altera_avalon_jtag_uart_read.o)
 .bss           0x000000000000a184        0x0 /data/workspace/ES/lab03/software/camera_lcd_bsp//libhal_bsp.a(altera_avalon_jtag_uart_write.o)
 .bss           0x000000000000a184        0x0 /data/workspace/ES/lab03/software/camera_lcd_bsp//libhal_bsp.a(alt_alarm_start.o)
 .bss           0x000000000000a184        0x0 /data/workspace/ES/lab03/software/camera_lcd_bsp//libhal_bsp.a(alt_busy_sleep.o)
 .bss           0x000000000000a184        0x0 /data/workspace/ES/lab03/software/camera_lcd_bsp//libhal_bsp.a(alt_dcache_flush_all.o)
 .bss           0x000000000000a184        0x0 /data/workspace/ES/lab03/software/camera_lcd_bsp//libhal_bsp.a(alt_dev_llist_insert.o)
 .bss           0x000000000000a184        0x0 /data/workspace/ES/lab03/software/camera_lcd_bsp//libhal_bsp.a(alt_do_ctors.o)
 .bss           0x000000000000a184        0x0 /data/workspace/ES/lab03/software/camera_lcd_bsp//libhal_bsp.a(alt_do_dtors.o)
 .bss           0x000000000000a184        0x0 /data/workspace/ES/lab03/software/camera_lcd_bsp//libhal_bsp.a(alt_icache_flush_all.o)
 .bss           0x000000000000a184        0x0 /data/workspace/ES/lab03/software/camera_lcd_bsp//libhal_bsp.a(alt_iic.o)
 .bss           0x000000000000a184        0x0 /data/workspace/ES/lab03/software/camera_lcd_bsp//libhal_bsp.a(alt_iic_isr_register.o)
 .bss           0x000000000000a184        0x0 /data/workspace/ES/lab03/software/camera_lcd_bsp//libhal_bsp.a(alt_io_redirect.o)
 .bss           0x000000000000a184        0x0 /data/workspace/ES/lab03/software/camera_lcd_bsp//libhal_bsp.a(alt_irq_entry.o)
 .bss           0x000000000000a184        0x0 /data/workspace/ES/lab03/software/camera_lcd_bsp//libhal_bsp.a(alt_irq_handler.o)
 .bss           0x000000000000a184        0x0 /data/workspace/ES/lab03/software/camera_lcd_bsp//libhal_bsp.a(alt_irq_vars.o)
 .bss           0x000000000000a184        0x0 /data/workspace/ES/lab03/software/camera_lcd_bsp//libhal_bsp.a(alt_open.o)
 .bss           0x000000000000a184        0x0 /data/workspace/ES/lab03/software/camera_lcd_bsp//libhal_bsp.a(alt_tick.o)
 .bss           0x000000000000a184        0x0 /data/workspace/ES/lab03/software/camera_lcd_bsp//libhal_bsp.a(altera_nios2_qsys_irq.o)
 .bss           0x000000000000a184        0x0 /data/workspace/ES/lab03/software/camera_lcd_bsp//libhal_bsp.a(alt_exception_entry.o)
 .bss           0x000000000000a184        0x0 /data/workspace/ES/lab03/software/camera_lcd_bsp//libhal_bsp.a(alt_find_dev.o)
 .bss           0x000000000000a184        0x0 /data/workspace/ES/lab03/software/camera_lcd_bsp//libhal_bsp.a(alt_find_file.o)
 .bss           0x000000000000a184        0x0 /data/workspace/ES/lab03/software/camera_lcd_bsp//libhal_bsp.a(alt_get_fd.o)
 .bss           0x000000000000a184        0x0 /data/workspace/ES/lab03/software/camera_lcd_bsp//libhal_bsp.a(alt_icache_flush.o)
 .bss           0x000000000000a184        0x0 /home/hadrien/altera/15.0/nios2eds/bin/gnu/H-x86_64-pc-linux-gnu/bin/../lib/gcc/nios2-elf/4.9.1/../../../../../H-x86_64-pc-linux-gnu/nios2-elf/lib/libc.a(lib_a-atexit.o)
 .bss           0x000000000000a184        0x0 /home/hadrien/altera/15.0/nios2eds/bin/gnu/H-x86_64-pc-linux-gnu/bin/../lib/gcc/nios2-elf/4.9.1/../../../../../H-x86_64-pc-linux-gnu/nios2-elf/lib/libc.a(lib_a-exit.o)
 .bss           0x000000000000a184        0x0 /home/hadrien/altera/15.0/nios2eds/bin/gnu/H-x86_64-pc-linux-gnu/bin/../lib/gcc/nios2-elf/4.9.1/../../../../../H-x86_64-pc-linux-gnu/nios2-elf/lib/libc.a(lib_a-memcmp.o)
 .bss           0x000000000000a184        0x0 /home/hadrien/altera/15.0/nios2eds/bin/gnu/H-x86_64-pc-linux-gnu/bin/../lib/gcc/nios2-elf/4.9.1/../../../../../H-x86_64-pc-linux-gnu/nios2-elf/lib/libc.a(lib_a-__atexit.o)
 .bss           0x000000000000a184        0x0 /home/hadrien/altera/15.0/nios2eds/bin/gnu/H-x86_64-pc-linux-gnu/bin/../lib/gcc/nios2-elf/4.9.1/../../../../../H-x86_64-pc-linux-gnu/nios2-elf/lib/libc.a(lib_a-__call_atexit.o)
 .bss           0x000000000000a184        0x0 /data/workspace/ES/lab03/software/camera_lcd_bsp//libhal_bsp.a(alt_exit.o)
 *(COMMON)
 COMMON         0x000000000000a184      0x100 /data/workspace/ES/lab03/software/camera_lcd_bsp//libhal_bsp.a(alt_irq_handler.o)
                0x000000000000a184                alt_irq
                0x000000000000a284                . = ALIGN (0x4)
                0x000000000000a284                __bss_end = ABSOLUTE (.)

.sdram          0x000000000000a284        0x0
                0x000000000000a284                PROVIDE (_alt_partition_sdram_start, ABSOLUTE (.))
 *(.sdram .sdram. sdram.*)
                0x000000000000a284                . = ALIGN (0x4)
                0x000000000000a284                PROVIDE (_alt_partition_sdram_end, ABSOLUTE (.))
                0x000000000000a284                _end = ABSOLUTE (.)
                0x000000000000a284                end = ABSOLUTE (.)
                0x000000000000a284                __alt_stack_base = ABSOLUTE (.)
                0x000000000000a284                PROVIDE (_alt_partition_sdram_load_addr, LOADADDR (.sdram))

.stab
 *(.stab)

.stabstr
 *(.stabstr)

.stab.excl
 *(.stab.excl)

.stab.exclstr
 *(.stab.exclstr)

.stab.index
 *(.stab.index)

.stab.indexstr
 *(.stab.indexstr)

.comment        0x0000000000000000       0x23
 *(.comment)
 .comment       0x0000000000000000       0x23 obj/default/hello_world.o
                                         0x24 (size before relaxing)
 .comment       0x0000000000000000       0x24 obj/default/i2c/i2c.o
 .comment       0x0000000000000000       0x24 /home/hadrien/altera/15.0/nios2eds/bin/gnu/H-x86_64-pc-linux-gnu/bin/../lib/gcc/nios2-elf/4.9.1/libgcc.a(lib2-divmod.o)
 .comment       0x0000000000000000       0x24 /home/hadrien/altera/15.0/nios2eds/bin/gnu/H-x86_64-pc-linux-gnu/bin/../lib/gcc/nios2-elf/4.9.1/../../../../../H-x86_64-pc-linux-gnu/nios2-elf/lib/libc.a(lib_a-malloc.o)
 .comment       0x0000000000000000       0x24 /home/hadrien/altera/15.0/nios2eds/bin/gnu/H-x86_64-pc-linux-gnu/bin/../lib/gcc/nios2-elf/4.9.1/../../../../../H-x86_64-pc-linux-gnu/nios2-elf/lib/libc.a(lib_a-mallocr.o)
 .comment       0x0000000000000000       0x24 /home/hadrien/altera/15.0/nios2eds/bin/gnu/H-x86_64-pc-linux-gnu/bin/../lib/gcc/nios2-elf/4.9.1/../../../../../H-x86_64-pc-linux-gnu/nios2-elf/lib/libc.a(lib_a-puts.o)
 .comment       0x0000000000000000       0x24 /home/hadrien/altera/15.0/nios2eds/bin/gnu/H-x86_64-pc-linux-gnu/bin/../lib/gcc/nios2-elf/4.9.1/../../../../../H-x86_64-pc-linux-gnu/nios2-elf/lib/libc.a(lib_a-realloc.o)
 .comment       0x0000000000000000       0x24 /home/hadrien/altera/15.0/nios2eds/bin/gnu/H-x86_64-pc-linux-gnu/bin/../lib/gcc/nios2-elf/4.9.1/../../../../../H-x86_64-pc-linux-gnu/nios2-elf/lib/libc.a(lib_a-reallocr.o)
 .comment       0x0000000000000000       0x24 /home/hadrien/altera/15.0/nios2eds/bin/gnu/H-x86_64-pc-linux-gnu/bin/../lib/gcc/nios2-elf/4.9.1/../../../../../H-x86_64-pc-linux-gnu/nios2-elf/lib/libc.a(lib_a-sbrkr.o)
 .comment       0x0000000000000000       0x24 /home/hadrien/altera/15.0/nios2eds/bin/gnu/H-x86_64-pc-linux-gnu/bin/../lib/gcc/nios2-elf/4.9.1/../../../../../H-x86_64-pc-linux-gnu/nios2-elf/lib/libc.a(lib_a-strlen.o)
 .comment       0x0000000000000000       0x24 /home/hadrien/altera/15.0/nios2eds/bin/gnu/H-x86_64-pc-linux-gnu/bin/../lib/gcc/nios2-elf/4.9.1/../../../../../H-x86_64-pc-linux-gnu/nios2-elf/lib/libc.a(lib_a-freer.o)
 .comment       0x0000000000000000       0x24 /home/hadrien/altera/15.0/nios2eds/bin/gnu/H-x86_64-pc-linux-gnu/bin/../lib/gcc/nios2-elf/4.9.1/../../../../../H-x86_64-pc-linux-gnu/nios2-elf/lib/libc.a(lib_a-fvwrite.o)
 .comment       0x0000000000000000       0x24 /home/hadrien/altera/15.0/nios2eds/bin/gnu/H-x86_64-pc-linux-gnu/bin/../lib/gcc/nios2-elf/4.9.1/../../../../../H-x86_64-pc-linux-gnu/nios2-elf/lib/libc.a(lib_a-impure.o)
 .comment       0x0000000000000000       0x24 /home/hadrien/altera/15.0/nios2eds/bin/gnu/H-x86_64-pc-linux-gnu/bin/../lib/gcc/nios2-elf/4.9.1/../../../../../H-x86_64-pc-linux-gnu/nios2-elf/lib/libc.a(lib_a-int_errno.o)
 .comment       0x0000000000000000       0x24 /home/hadrien/altera/15.0/nios2eds/bin/gnu/H-x86_64-pc-linux-gnu/bin/../lib/gcc/nios2-elf/4.9.1/../../../../../H-x86_64-pc-linux-gnu/nios2-elf/lib/libc.a(lib_a-memchr.o)
 .comment       0x0000000000000000       0x24 /home/hadrien/altera/15.0/nios2eds/bin/gnu/H-x86_64-pc-linux-gnu/bin/../lib/gcc/nios2-elf/4.9.1/../../../../../H-x86_64-pc-linux-gnu/nios2-elf/lib/libc.a(lib_a-memcpy.o)
 .comment       0x0000000000000000       0x24 /home/hadrien/altera/15.0/nios2eds/bin/gnu/H-x86_64-pc-linux-gnu/bin/../lib/gcc/nios2-elf/4.9.1/../../../../../H-x86_64-pc-linux-gnu/nios2-elf/lib/libc.a(lib_a-memmove.o)
 .comment       0x0000000000000000       0x24 /home/hadrien/altera/15.0/nios2eds/bin/gnu/H-x86_64-pc-linux-gnu/bin/../lib/gcc/nios2-elf/4.9.1/../../../../../H-x86_64-pc-linux-gnu/nios2-elf/lib/libc.a(lib_a-wsetup.o)
 .comment       0x0000000000000000       0x24 /home/hadrien/altera/15.0/nios2eds/bin/gnu/H-x86_64-pc-linux-gnu/bin/../lib/gcc/nios2-elf/4.9.1/../../../../../H-x86_64-pc-linux-gnu/nios2-elf/lib/libc.a(lib_a-fflush.o)
 .comment       0x0000000000000000       0x24 /home/hadrien/altera/15.0/nios2eds/bin/gnu/H-x86_64-pc-linux-gnu/bin/../lib/gcc/nios2-elf/4.9.1/../../../../../H-x86_64-pc-linux-gnu/nios2-elf/lib/libc.a(lib_a-findfp.o)
 .comment       0x0000000000000000       0x24 /home/hadrien/altera/15.0/nios2eds/bin/gnu/H-x86_64-pc-linux-gnu/bin/../lib/gcc/nios2-elf/4.9.1/../../../../../H-x86_64-pc-linux-gnu/nios2-elf/lib/libc.a(lib_a-fwalk.o)
 .comment       0x0000000000000000       0x24 /home/hadrien/altera/15.0/nios2eds/bin/gnu/H-x86_64-pc-linux-gnu/bin/../lib/gcc/nios2-elf/4.9.1/../../../../../H-x86_64-pc-linux-gnu/nios2-elf/lib/libc.a(lib_a-makebuf.o)
 .comment       0x0000000000000000       0x24 /home/hadrien/altera/15.0/nios2eds/bin/gnu/H-x86_64-pc-linux-gnu/bin/../lib/gcc/nios2-elf/4.9.1/../../../../../H-x86_64-pc-linux-gnu/nios2-elf/lib/libc.a(lib_a-memset.o)
 .comment       0x0000000000000000       0x24 /home/hadrien/altera/15.0/nios2eds/bin/gnu/H-x86_64-pc-linux-gnu/bin/../lib/gcc/nios2-elf/4.9.1/../../../../../H-x86_64-pc-linux-gnu/nios2-elf/lib/libc.a(lib_a-stdio.o)
 .comment       0x0000000000000000       0x24 /home/hadrien/altera/15.0/nios2eds/bin/gnu/H-x86_64-pc-linux-gnu/bin/../lib/gcc/nios2-elf/4.9.1/../../../../../H-x86_64-pc-linux-gnu/nios2-elf/lib/libc.a(lib_a-writer.o)
 .comment       0x0000000000000000       0x24 /home/hadrien/altera/15.0/nios2eds/bin/gnu/H-x86_64-pc-linux-gnu/bin/../lib/gcc/nios2-elf/4.9.1/../../../../../H-x86_64-pc-linux-gnu/nios2-elf/lib/libc.a(closer.o)
 .comment       0x0000000000000000       0x24 /home/hadrien/altera/15.0/nios2eds/bin/gnu/H-x86_64-pc-linux-gnu/bin/../lib/gcc/nios2-elf/4.9.1/../../../../../H-x86_64-pc-linux-gnu/nios2-elf/lib/libc.a(lib_a-fclose.o)
 .comment       0x0000000000000000       0x24 /home/hadrien/altera/15.0/nios2eds/bin/gnu/H-x86_64-pc-linux-gnu/bin/../lib/gcc/nios2-elf/4.9.1/../../../../../H-x86_64-pc-linux-gnu/nios2-elf/lib/libc.a(lib_a-fstatr.o)
 .comment       0x0000000000000000       0x24 /home/hadrien/altera/15.0/nios2eds/bin/gnu/H-x86_64-pc-linux-gnu/bin/../lib/gcc/nios2-elf/4.9.1/../../../../../H-x86_64-pc-linux-gnu/nios2-elf/lib/libc.a(lib_a-isattyr.o)
 .comment       0x0000000000000000       0x24 /home/hadrien/altera/15.0/nios2eds/bin/gnu/H-x86_64-pc-linux-gnu/bin/../lib/gcc/nios2-elf/4.9.1/../../../../../H-x86_64-pc-linux-gnu/nios2-elf/lib/libc.a(lib_a-lseekr.o)
 .comment       0x0000000000000000       0x24 /home/hadrien/altera/15.0/nios2eds/bin/gnu/H-x86_64-pc-linux-gnu/bin/../lib/gcc/nios2-elf/4.9.1/../../../../../H-x86_64-pc-linux-gnu/nios2-elf/lib/libc.a(lib_a-readr.o)
 .comment       0x0000000000000000       0x24 /data/workspace/ES/lab03/software/camera_lcd_bsp//libhal_bsp.a(alt_close.o)
 .comment       0x0000000000000000       0x24 /data/workspace/ES/lab03/software/camera_lcd_bsp//libhal_bsp.a(alt_dev.o)
 .comment       0x0000000000000000       0x24 /data/workspace/ES/lab03/software/camera_lcd_bsp//libhal_bsp.a(alt_errno.o)
 .comment       0x0000000000000000       0x24 /data/workspace/ES/lab03/software/camera_lcd_bsp//libhal_bsp.a(alt_fstat.o)
 .comment       0x0000000000000000       0x24 /data/workspace/ES/lab03/software/camera_lcd_bsp//libhal_bsp.a(alt_isatty.o)
 .comment       0x0000000000000000       0x24 /data/workspace/ES/lab03/software/camera_lcd_bsp//libhal_bsp.a(alt_load.o)
 .comment       0x0000000000000000       0x24 /data/workspace/ES/lab03/software/camera_lcd_bsp//libhal_bsp.a(alt_lseek.o)
 .comment       0x0000000000000000       0x24 /data/workspace/ES/lab03/software/camera_lcd_bsp//libhal_bsp.a(alt_main.o)
 .comment       0x0000000000000000       0x24 /data/workspace/ES/lab03/software/camera_lcd_bsp//libhal_bsp.a(alt_malloc_lock.o)
 .comment       0x0000000000000000       0x24 /data/workspace/ES/lab03/software/camera_lcd_bsp//libhal_bsp.a(alt_read.o)
 .comment       0x0000000000000000       0x24 /data/workspace/ES/lab03/software/camera_lcd_bsp//libhal_bsp.a(alt_release_fd.o)
 .comment       0x0000000000000000       0x24 /data/workspace/ES/lab03/software/camera_lcd_bsp//libhal_bsp.a(alt_sbrk.o)
 .comment       0x0000000000000000       0x24 /data/workspace/ES/lab03/software/camera_lcd_bsp//libhal_bsp.a(alt_usleep.o)
 .comment       0x0000000000000000       0x24 /data/workspace/ES/lab03/software/camera_lcd_bsp//libhal_bsp.a(alt_write.o)
 .comment       0x0000000000000000       0x24 /data/workspace/ES/lab03/software/camera_lcd_bsp//libhal_bsp.a(alt_sys_init.o)
 .comment       0x0000000000000000       0x24 /data/workspace/ES/lab03/software/camera_lcd_bsp//libhal_bsp.a(altera_avalon_jtag_uart_fd.o)
 .comment       0x0000000000000000       0x24 /data/workspace/ES/lab03/software/camera_lcd_bsp//libhal_bsp.a(altera_avalon_jtag_uart_init.o)
 .comment       0x0000000000000000       0x24 /data/workspace/ES/lab03/software/camera_lcd_bsp//libhal_bsp.a(altera_avalon_jtag_uart_ioctl.o)
 .comment       0x0000000000000000       0x24 /data/workspace/ES/lab03/software/camera_lcd_bsp//libhal_bsp.a(altera_avalon_jtag_uart_read.o)
 .comment       0x0000000000000000       0x24 /data/workspace/ES/lab03/software/camera_lcd_bsp//libhal_bsp.a(altera_avalon_jtag_uart_write.o)
 .comment       0x0000000000000000       0x24 /data/workspace/ES/lab03/software/camera_lcd_bsp//libhal_bsp.a(alt_alarm_start.o)
 .comment       0x0000000000000000       0x24 /data/workspace/ES/lab03/software/camera_lcd_bsp//libhal_bsp.a(alt_busy_sleep.o)
 .comment       0x0000000000000000       0x24 /data/workspace/ES/lab03/software/camera_lcd_bsp//libhal_bsp.a(alt_dcache_flush_all.o)
 .comment       0x0000000000000000       0x24 /data/workspace/ES/lab03/software/camera_lcd_bsp//libhal_bsp.a(alt_dev_llist_insert.o)
 .comment       0x0000000000000000       0x24 /data/workspace/ES/lab03/software/camera_lcd_bsp//libhal_bsp.a(alt_do_ctors.o)
 .comment       0x0000000000000000       0x24 /data/workspace/ES/lab03/software/camera_lcd_bsp//libhal_bsp.a(alt_do_dtors.o)
 .comment       0x0000000000000000       0x24 /data/workspace/ES/lab03/software/camera_lcd_bsp//libhal_bsp.a(alt_icache_flush_all.o)
 .comment       0x0000000000000000       0x24 /data/workspace/ES/lab03/software/camera_lcd_bsp//libhal_bsp.a(alt_iic.o)
 .comment       0x0000000000000000       0x24 /data/workspace/ES/lab03/software/camera_lcd_bsp//libhal_bsp.a(alt_iic_isr_register.o)
 .comment       0x0000000000000000       0x24 /data/workspace/ES/lab03/software/camera_lcd_bsp//libhal_bsp.a(alt_io_redirect.o)
 .comment       0x0000000000000000       0x24 /data/workspace/ES/lab03/software/camera_lcd_bsp//libhal_bsp.a(alt_irq_handler.o)
 .comment       0x0000000000000000       0x24 /data/workspace/ES/lab03/software/camera_lcd_bsp//libhal_bsp.a(alt_irq_vars.o)
 .comment       0x0000000000000000       0x24 /data/workspace/ES/lab03/software/camera_lcd_bsp//libhal_bsp.a(alt_open.o)
 .comment       0x0000000000000000       0x24 /data/workspace/ES/lab03/software/camera_lcd_bsp//libhal_bsp.a(alt_tick.o)
 .comment       0x0000000000000000       0x24 /data/workspace/ES/lab03/software/camera_lcd_bsp//libhal_bsp.a(altera_nios2_qsys_irq.o)
 .comment       0x0000000000000000       0x24 /data/workspace/ES/lab03/software/camera_lcd_bsp//libhal_bsp.a(alt_find_dev.o)
 .comment       0x0000000000000000       0x24 /data/workspace/ES/lab03/software/camera_lcd_bsp//libhal_bsp.a(alt_find_file.o)
 .comment       0x0000000000000000       0x24 /data/workspace/ES/lab03/software/camera_lcd_bsp//libhal_bsp.a(alt_get_fd.o)
 .comment       0x0000000000000000       0x24 /data/workspace/ES/lab03/software/camera_lcd_bsp//libhal_bsp.a(alt_icache_flush.o)
 .comment       0x0000000000000000       0x24 /home/hadrien/altera/15.0/nios2eds/bin/gnu/H-x86_64-pc-linux-gnu/bin/../lib/gcc/nios2-elf/4.9.1/../../../../../H-x86_64-pc-linux-gnu/nios2-elf/lib/libc.a(lib_a-atexit.o)
 .comment       0x0000000000000000       0x24 /home/hadrien/altera/15.0/nios2eds/bin/gnu/H-x86_64-pc-linux-gnu/bin/../lib/gcc/nios2-elf/4.9.1/../../../../../H-x86_64-pc-linux-gnu/nios2-elf/lib/libc.a(lib_a-exit.o)
 .comment       0x0000000000000000       0x24 /home/hadrien/altera/15.0/nios2eds/bin/gnu/H-x86_64-pc-linux-gnu/bin/../lib/gcc/nios2-elf/4.9.1/../../../../../H-x86_64-pc-linux-gnu/nios2-elf/lib/libc.a(lib_a-memcmp.o)
 .comment       0x0000000000000000       0x24 /home/hadrien/altera/15.0/nios2eds/bin/gnu/H-x86_64-pc-linux-gnu/bin/../lib/gcc/nios2-elf/4.9.1/../../../../../H-x86_64-pc-linux-gnu/nios2-elf/lib/libc.a(lib_a-__atexit.o)
 .comment       0x0000000000000000       0x24 /home/hadrien/altera/15.0/nios2eds/bin/gnu/H-x86_64-pc-linux-gnu/bin/../lib/gcc/nios2-elf/4.9.1/../../../../../H-x86_64-pc-linux-gnu/nios2-elf/lib/libc.a(lib_a-__call_atexit.o)
 .comment       0x0000000000000000       0x24 /data/workspace/ES/lab03/software/camera_lcd_bsp//libhal_bsp.a(alt_exit.o)

.debug
 *(.debug)

.line
 *(.line)

.debug_srcinfo
 *(.debug_srcinfo)

.debug_sfnames
 *(.debug_sfnames)

.debug_aranges  0x0000000000000000      0x9f0
 *(.debug_aranges)
 .debug_aranges
                0x0000000000000000       0x28 /data/workspace/ES/lab03/software/camera_lcd_bsp//obj/HAL/src/crt0.o
 .debug_aranges
                0x0000000000000028       0x20 obj/default/hello_world.o
 .debug_aranges
                0x0000000000000048       0x20 obj/default/i2c/i2c.o
 .debug_aranges
                0x0000000000000068       0x20 /home/hadrien/altera/15.0/nios2eds/bin/gnu/H-x86_64-pc-linux-gnu/bin/../lib/gcc/nios2-elf/4.9.1/libgcc.a(lib2-divmod.o)
 .debug_aranges
                0x0000000000000088       0x20 /home/hadrien/altera/15.0/nios2eds/bin/gnu/H-x86_64-pc-linux-gnu/bin/../lib/gcc/nios2-elf/4.9.1/../../../../../H-x86_64-pc-linux-gnu/nios2-elf/lib/libc.a(lib_a-malloc.o)
 .debug_aranges
                0x00000000000000a8       0x20 /home/hadrien/altera/15.0/nios2eds/bin/gnu/H-x86_64-pc-linux-gnu/bin/../lib/gcc/nios2-elf/4.9.1/../../../../../H-x86_64-pc-linux-gnu/nios2-elf/lib/libc.a(lib_a-mallocr.o)
 .debug_aranges
                0x00000000000000c8       0x20 /home/hadrien/altera/15.0/nios2eds/bin/gnu/H-x86_64-pc-linux-gnu/bin/../lib/gcc/nios2-elf/4.9.1/../../../../../H-x86_64-pc-linux-gnu/nios2-elf/lib/libc.a(lib_a-puts.o)
 .debug_aranges
                0x00000000000000e8       0x20 /home/hadrien/altera/15.0/nios2eds/bin/gnu/H-x86_64-pc-linux-gnu/bin/../lib/gcc/nios2-elf/4.9.1/../../../../../H-x86_64-pc-linux-gnu/nios2-elf/lib/libc.a(lib_a-realloc.o)
 .debug_aranges
                0x0000000000000108       0x20 /home/hadrien/altera/15.0/nios2eds/bin/gnu/H-x86_64-pc-linux-gnu/bin/../lib/gcc/nios2-elf/4.9.1/../../../../../H-x86_64-pc-linux-gnu/nios2-elf/lib/libc.a(lib_a-reallocr.o)
 .debug_aranges
                0x0000000000000128       0x20 /home/hadrien/altera/15.0/nios2eds/bin/gnu/H-x86_64-pc-linux-gnu/bin/../lib/gcc/nios2-elf/4.9.1/../../../../../H-x86_64-pc-linux-gnu/nios2-elf/lib/libc.a(lib_a-sbrkr.o)
 .debug_aranges
                0x0000000000000148       0x20 /home/hadrien/altera/15.0/nios2eds/bin/gnu/H-x86_64-pc-linux-gnu/bin/../lib/gcc/nios2-elf/4.9.1/../../../../../H-x86_64-pc-linux-gnu/nios2-elf/lib/libc.a(lib_a-strlen.o)
 .debug_aranges
                0x0000000000000168       0x20 /home/hadrien/altera/15.0/nios2eds/bin/gnu/H-x86_64-pc-linux-gnu/bin/../lib/gcc/nios2-elf/4.9.1/../../../../../H-x86_64-pc-linux-gnu/nios2-elf/lib/libc.a(lib_a-freer.o)
 .debug_aranges
                0x0000000000000188       0x20 /home/hadrien/altera/15.0/nios2eds/bin/gnu/H-x86_64-pc-linux-gnu/bin/../lib/gcc/nios2-elf/4.9.1/../../../../../H-x86_64-pc-linux-gnu/nios2-elf/lib/libc.a(lib_a-fvwrite.o)
 .debug_aranges
                0x00000000000001a8       0x18 /home/hadrien/altera/15.0/nios2eds/bin/gnu/H-x86_64-pc-linux-gnu/bin/../lib/gcc/nios2-elf/4.9.1/../../../../../H-x86_64-pc-linux-gnu/nios2-elf/lib/libc.a(lib_a-impure.o)
 .debug_aranges
                0x00000000000001c0       0x18 /home/hadrien/altera/15.0/nios2eds/bin/gnu/H-x86_64-pc-linux-gnu/bin/../lib/gcc/nios2-elf/4.9.1/../../../../../H-x86_64-pc-linux-gnu/nios2-elf/lib/libc.a(lib_a-int_errno.o)
 .debug_aranges
                0x00000000000001d8       0x20 /home/hadrien/altera/15.0/nios2eds/bin/gnu/H-x86_64-pc-linux-gnu/bin/../lib/gcc/nios2-elf/4.9.1/../../../../../H-x86_64-pc-linux-gnu/nios2-elf/lib/libc.a(lib_a-memchr.o)
 .debug_aranges
                0x00000000000001f8       0x20 /home/hadrien/altera/15.0/nios2eds/bin/gnu/H-x86_64-pc-linux-gnu/bin/../lib/gcc/nios2-elf/4.9.1/../../../../../H-x86_64-pc-linux-gnu/nios2-elf/lib/libc.a(lib_a-memcpy.o)
 .debug_aranges
                0x0000000000000218       0x20 /home/hadrien/altera/15.0/nios2eds/bin/gnu/H-x86_64-pc-linux-gnu/bin/../lib/gcc/nios2-elf/4.9.1/../../../../../H-x86_64-pc-linux-gnu/nios2-elf/lib/libc.a(lib_a-memmove.o)
 .debug_aranges
                0x0000000000000238       0x20 /home/hadrien/altera/15.0/nios2eds/bin/gnu/H-x86_64-pc-linux-gnu/bin/../lib/gcc/nios2-elf/4.9.1/../../../../../H-x86_64-pc-linux-gnu/nios2-elf/lib/libc.a(lib_a-wsetup.o)
 .debug_aranges
                0x0000000000000258       0x20 /home/hadrien/altera/15.0/nios2eds/bin/gnu/H-x86_64-pc-linux-gnu/bin/../lib/gcc/nios2-elf/4.9.1/../../../../../H-x86_64-pc-linux-gnu/nios2-elf/lib/libc.a(lib_a-fflush.o)
 .debug_aranges
                0x0000000000000278       0x20 /home/hadrien/altera/15.0/nios2eds/bin/gnu/H-x86_64-pc-linux-gnu/bin/../lib/gcc/nios2-elf/4.9.1/../../../../../H-x86_64-pc-linux-gnu/nios2-elf/lib/libc.a(lib_a-findfp.o)
 .debug_aranges
                0x0000000000000298       0x20 /home/hadrien/altera/15.0/nios2eds/bin/gnu/H-x86_64-pc-linux-gnu/bin/../lib/gcc/nios2-elf/4.9.1/../../../../../H-x86_64-pc-linux-gnu/nios2-elf/lib/libc.a(lib_a-fwalk.o)
 .debug_aranges
                0x00000000000002b8       0x20 /home/hadrien/altera/15.0/nios2eds/bin/gnu/H-x86_64-pc-linux-gnu/bin/../lib/gcc/nios2-elf/4.9.1/../../../../../H-x86_64-pc-linux-gnu/nios2-elf/lib/libc.a(lib_a-makebuf.o)
 .debug_aranges
                0x00000000000002d8       0x20 /home/hadrien/altera/15.0/nios2eds/bin/gnu/H-x86_64-pc-linux-gnu/bin/../lib/gcc/nios2-elf/4.9.1/../../../../../H-x86_64-pc-linux-gnu/nios2-elf/lib/libc.a(lib_a-memset.o)
 .debug_aranges
                0x00000000000002f8       0x20 /home/hadrien/altera/15.0/nios2eds/bin/gnu/H-x86_64-pc-linux-gnu/bin/../lib/gcc/nios2-elf/4.9.1/../../../../../H-x86_64-pc-linux-gnu/nios2-elf/lib/libc.a(lib_a-stdio.o)
 .debug_aranges
                0x0000000000000318       0x20 /home/hadrien/altera/15.0/nios2eds/bin/gnu/H-x86_64-pc-linux-gnu/bin/../lib/gcc/nios2-elf/4.9.1/../../../../../H-x86_64-pc-linux-gnu/nios2-elf/lib/libc.a(lib_a-writer.o)
 .debug_aranges
                0x0000000000000338       0x20 /home/hadrien/altera/15.0/nios2eds/bin/gnu/H-x86_64-pc-linux-gnu/bin/../lib/gcc/nios2-elf/4.9.1/../../../../../H-x86_64-pc-linux-gnu/nios2-elf/lib/libc.a(closer.o)
 .debug_aranges
                0x0000000000000358       0x20 /home/hadrien/altera/15.0/nios2eds/bin/gnu/H-x86_64-pc-linux-gnu/bin/../lib/gcc/nios2-elf/4.9.1/../../../../../H-x86_64-pc-linux-gnu/nios2-elf/lib/libc.a(lib_a-fclose.o)
 .debug_aranges
                0x0000000000000378       0x20 /home/hadrien/altera/15.0/nios2eds/bin/gnu/H-x86_64-pc-linux-gnu/bin/../lib/gcc/nios2-elf/4.9.1/../../../../../H-x86_64-pc-linux-gnu/nios2-elf/lib/libc.a(lib_a-fstatr.o)
 .debug_aranges
                0x0000000000000398       0x20 /home/hadrien/altera/15.0/nios2eds/bin/gnu/H-x86_64-pc-linux-gnu/bin/../lib/gcc/nios2-elf/4.9.1/../../../../../H-x86_64-pc-linux-gnu/nios2-elf/lib/libc.a(lib_a-isattyr.o)
 .debug_aranges
                0x00000000000003b8       0x20 /home/hadrien/altera/15.0/nios2eds/bin/gnu/H-x86_64-pc-linux-gnu/bin/../lib/gcc/nios2-elf/4.9.1/../../../../../H-x86_64-pc-linux-gnu/nios2-elf/lib/libc.a(lib_a-lseekr.o)
 .debug_aranges
                0x00000000000003d8       0x20 /home/hadrien/altera/15.0/nios2eds/bin/gnu/H-x86_64-pc-linux-gnu/bin/../lib/gcc/nios2-elf/4.9.1/../../../../../H-x86_64-pc-linux-gnu/nios2-elf/lib/libc.a(lib_a-readr.o)
 .debug_aranges
                0x00000000000003f8       0x20 /data/workspace/ES/lab03/software/camera_lcd_bsp//libhal_bsp.a(alt_close.o)
 .debug_aranges
                0x0000000000000418       0x20 /data/workspace/ES/lab03/software/camera_lcd_bsp//libhal_bsp.a(alt_dev.o)
 .debug_aranges
                0x0000000000000438       0x18 /data/workspace/ES/lab03/software/camera_lcd_bsp//libhal_bsp.a(alt_errno.o)
 .debug_aranges
                0x0000000000000450       0x20 /data/workspace/ES/lab03/software/camera_lcd_bsp//libhal_bsp.a(alt_fstat.o)
 .debug_aranges
                0x0000000000000470       0x20 /data/workspace/ES/lab03/software/camera_lcd_bsp//libhal_bsp.a(alt_isatty.o)
 .debug_aranges
                0x0000000000000490       0x20 /data/workspace/ES/lab03/software/camera_lcd_bsp//libhal_bsp.a(alt_load.o)
 .debug_aranges
                0x00000000000004b0       0x20 /data/workspace/ES/lab03/software/camera_lcd_bsp//libhal_bsp.a(alt_lseek.o)
 .debug_aranges
                0x00000000000004d0       0x20 /data/workspace/ES/lab03/software/camera_lcd_bsp//libhal_bsp.a(alt_main.o)
 .debug_aranges
                0x00000000000004f0       0x20 /data/workspace/ES/lab03/software/camera_lcd_bsp//libhal_bsp.a(alt_malloc_lock.o)
 .debug_aranges
                0x0000000000000510       0x20 /data/workspace/ES/lab03/software/camera_lcd_bsp//libhal_bsp.a(alt_read.o)
 .debug_aranges
                0x0000000000000530       0x20 /data/workspace/ES/lab03/software/camera_lcd_bsp//libhal_bsp.a(alt_release_fd.o)
 .debug_aranges
                0x0000000000000550       0x20 /data/workspace/ES/lab03/software/camera_lcd_bsp//libhal_bsp.a(alt_sbrk.o)
 .debug_aranges
                0x0000000000000570       0x20 /data/workspace/ES/lab03/software/camera_lcd_bsp//libhal_bsp.a(alt_usleep.o)
 .debug_aranges
                0x0000000000000590       0x20 /data/workspace/ES/lab03/software/camera_lcd_bsp//libhal_bsp.a(alt_write.o)
 .debug_aranges
                0x00000000000005b0       0x20 /data/workspace/ES/lab03/software/camera_lcd_bsp//libhal_bsp.a(alt_sys_init.o)
 .debug_aranges
                0x00000000000005d0       0x20 /data/workspace/ES/lab03/software/camera_lcd_bsp//libhal_bsp.a(altera_avalon_jtag_uart_fd.o)
 .debug_aranges
                0x00000000000005f0       0x20 /data/workspace/ES/lab03/software/camera_lcd_bsp//libhal_bsp.a(altera_avalon_jtag_uart_init.o)
 .debug_aranges
                0x0000000000000610       0x20 /data/workspace/ES/lab03/software/camera_lcd_bsp//libhal_bsp.a(altera_avalon_jtag_uart_ioctl.o)
 .debug_aranges
                0x0000000000000630       0x20 /data/workspace/ES/lab03/software/camera_lcd_bsp//libhal_bsp.a(altera_avalon_jtag_uart_read.o)
 .debug_aranges
                0x0000000000000650       0x20 /data/workspace/ES/lab03/software/camera_lcd_bsp//libhal_bsp.a(altera_avalon_jtag_uart_write.o)
 .debug_aranges
                0x0000000000000670       0x20 /data/workspace/ES/lab03/software/camera_lcd_bsp//libhal_bsp.a(alt_alarm_start.o)
 .debug_aranges
                0x0000000000000690       0x20 /data/workspace/ES/lab03/software/camera_lcd_bsp//libhal_bsp.a(alt_busy_sleep.o)
 .debug_aranges
                0x00000000000006b0       0x20 /data/workspace/ES/lab03/software/camera_lcd_bsp//libhal_bsp.a(alt_dcache_flush_all.o)
 .debug_aranges
                0x00000000000006d0       0x20 /data/workspace/ES/lab03/software/camera_lcd_bsp//libhal_bsp.a(alt_dev_llist_insert.o)
 .debug_aranges
                0x00000000000006f0       0x20 /data/workspace/ES/lab03/software/camera_lcd_bsp//libhal_bsp.a(alt_do_ctors.o)
 .debug_aranges
                0x0000000000000710       0x20 /data/workspace/ES/lab03/software/camera_lcd_bsp//libhal_bsp.a(alt_do_dtors.o)
 .debug_aranges
                0x0000000000000730       0x20 /data/workspace/ES/lab03/software/camera_lcd_bsp//libhal_bsp.a(alt_icache_flush_all.o)
 .debug_aranges
                0x0000000000000750       0x20 /data/workspace/ES/lab03/software/camera_lcd_bsp//libhal_bsp.a(alt_iic.o)
 .debug_aranges
                0x0000000000000770       0x20 /data/workspace/ES/lab03/software/camera_lcd_bsp//libhal_bsp.a(alt_iic_isr_register.o)
 .debug_aranges
                0x0000000000000790       0x20 /data/workspace/ES/lab03/software/camera_lcd_bsp//libhal_bsp.a(alt_io_redirect.o)
 .debug_aranges
                0x00000000000007b0       0x30 /data/workspace/ES/lab03/software/camera_lcd_bsp//libhal_bsp.a(alt_irq_entry.o)
 .debug_aranges
                0x00000000000007e0       0x20 /data/workspace/ES/lab03/software/camera_lcd_bsp//libhal_bsp.a(alt_irq_handler.o)
 .debug_aranges
                0x0000000000000800       0x18 /data/workspace/ES/lab03/software/camera_lcd_bsp//libhal_bsp.a(alt_irq_vars.o)
 .debug_aranges
                0x0000000000000818       0x20 /data/workspace/ES/lab03/software/camera_lcd_bsp//libhal_bsp.a(alt_open.o)
 .debug_aranges
                0x0000000000000838       0x20 /data/workspace/ES/lab03/software/camera_lcd_bsp//libhal_bsp.a(alt_tick.o)
 .debug_aranges
                0x0000000000000858       0x20 /data/workspace/ES/lab03/software/camera_lcd_bsp//libhal_bsp.a(altera_nios2_qsys_irq.o)
 .debug_aranges
                0x0000000000000878       0x38 /data/workspace/ES/lab03/software/camera_lcd_bsp//libhal_bsp.a(alt_exception_entry.o)
 .debug_aranges
                0x00000000000008b0       0x20 /data/workspace/ES/lab03/software/camera_lcd_bsp//libhal_bsp.a(alt_find_dev.o)
 .debug_aranges
                0x00000000000008d0       0x20 /data/workspace/ES/lab03/software/camera_lcd_bsp//libhal_bsp.a(alt_find_file.o)
 .debug_aranges
                0x00000000000008f0       0x20 /data/workspace/ES/lab03/software/camera_lcd_bsp//libhal_bsp.a(alt_get_fd.o)
 .debug_aranges
                0x0000000000000910       0x20 /data/workspace/ES/lab03/software/camera_lcd_bsp//libhal_bsp.a(alt_icache_flush.o)
 .debug_aranges
                0x0000000000000930       0x20 /home/hadrien/altera/15.0/nios2eds/bin/gnu/H-x86_64-pc-linux-gnu/bin/../lib/gcc/nios2-elf/4.9.1/../../../../../H-x86_64-pc-linux-gnu/nios2-elf/lib/libc.a(lib_a-atexit.o)
 .debug_aranges
                0x0000000000000950       0x20 /home/hadrien/altera/15.0/nios2eds/bin/gnu/H-x86_64-pc-linux-gnu/bin/../lib/gcc/nios2-elf/4.9.1/../../../../../H-x86_64-pc-linux-gnu/nios2-elf/lib/libc.a(lib_a-exit.o)
 .debug_aranges
                0x0000000000000970       0x20 /home/hadrien/altera/15.0/nios2eds/bin/gnu/H-x86_64-pc-linux-gnu/bin/../lib/gcc/nios2-elf/4.9.1/../../../../../H-x86_64-pc-linux-gnu/nios2-elf/lib/libc.a(lib_a-memcmp.o)
 .debug_aranges
                0x0000000000000990       0x20 /home/hadrien/altera/15.0/nios2eds/bin/gnu/H-x86_64-pc-linux-gnu/bin/../lib/gcc/nios2-elf/4.9.1/../../../../../H-x86_64-pc-linux-gnu/nios2-elf/lib/libc.a(lib_a-__atexit.o)
 .debug_aranges
                0x00000000000009b0       0x20 /home/hadrien/altera/15.0/nios2eds/bin/gnu/H-x86_64-pc-linux-gnu/bin/../lib/gcc/nios2-elf/4.9.1/../../../../../H-x86_64-pc-linux-gnu/nios2-elf/lib/libc.a(lib_a-__call_atexit.o)
 .debug_aranges
                0x00000000000009d0       0x20 /data/workspace/ES/lab03/software/camera_lcd_bsp//libhal_bsp.a(alt_exit.o)

.debug_pubnames
 *(.debug_pubnames)

.debug_info     0x0000000000000000    0x17ad3
 *(.debug_info .gnu.linkonce.wi.*)
 .debug_info    0x0000000000000000       0x65 /data/workspace/ES/lab03/software/camera_lcd_bsp//obj/HAL/src/crt0.o
 .debug_info    0x0000000000000065      0x439 obj/default/hello_world.o
 .debug_info    0x000000000000049e      0x3b3 obj/default/i2c/i2c.o
 .debug_info    0x0000000000000851      0x234 /home/hadrien/altera/15.0/nios2eds/bin/gnu/H-x86_64-pc-linux-gnu/bin/../lib/gcc/nios2-elf/4.9.1/libgcc.a(lib2-divmod.o)
 .debug_info    0x0000000000000a85      0x910 /home/hadrien/altera/15.0/nios2eds/bin/gnu/H-x86_64-pc-linux-gnu/bin/../lib/gcc/nios2-elf/4.9.1/../../../../../H-x86_64-pc-linux-gnu/nios2-elf/lib/libc.a(lib_a-malloc.o)
 .debug_info    0x0000000000001395      0xd71 /home/hadrien/altera/15.0/nios2eds/bin/gnu/H-x86_64-pc-linux-gnu/bin/../lib/gcc/nios2-elf/4.9.1/../../../../../H-x86_64-pc-linux-gnu/nios2-elf/lib/libc.a(lib_a-mallocr.o)
 .debug_info    0x0000000000002106      0x9f4 /home/hadrien/altera/15.0/nios2eds/bin/gnu/H-x86_64-pc-linux-gnu/bin/../lib/gcc/nios2-elf/4.9.1/../../../../../H-x86_64-pc-linux-gnu/nios2-elf/lib/libc.a(lib_a-puts.o)
 .debug_info    0x0000000000002afa      0x8de /home/hadrien/altera/15.0/nios2eds/bin/gnu/H-x86_64-pc-linux-gnu/bin/../lib/gcc/nios2-elf/4.9.1/../../../../../H-x86_64-pc-linux-gnu/nios2-elf/lib/libc.a(lib_a-realloc.o)
 .debug_info    0x00000000000033d8      0xcc6 /home/hadrien/altera/15.0/nios2eds/bin/gnu/H-x86_64-pc-linux-gnu/bin/../lib/gcc/nios2-elf/4.9.1/../../../../../H-x86_64-pc-linux-gnu/nios2-elf/lib/libc.a(lib_a-reallocr.o)
 .debug_info    0x000000000000409e      0x8ef /home/hadrien/altera/15.0/nios2eds/bin/gnu/H-x86_64-pc-linux-gnu/bin/../lib/gcc/nios2-elf/4.9.1/../../../../../H-x86_64-pc-linux-gnu/nios2-elf/lib/libc.a(lib_a-sbrkr.o)
 .debug_info    0x000000000000498d       0xdb /home/hadrien/altera/15.0/nios2eds/bin/gnu/H-x86_64-pc-linux-gnu/bin/../lib/gcc/nios2-elf/4.9.1/../../../../../H-x86_64-pc-linux-gnu/nios2-elf/lib/libc.a(lib_a-strlen.o)
 .debug_info    0x0000000000004a68      0xc02 /home/hadrien/altera/15.0/nios2eds/bin/gnu/H-x86_64-pc-linux-gnu/bin/../lib/gcc/nios2-elf/4.9.1/../../../../../H-x86_64-pc-linux-gnu/nios2-elf/lib/libc.a(lib_a-freer.o)
 .debug_info    0x000000000000566a      0xc31 /home/hadrien/altera/15.0/nios2eds/bin/gnu/H-x86_64-pc-linux-gnu/bin/../lib/gcc/nios2-elf/4.9.1/../../../../../H-x86_64-pc-linux-gnu/nios2-elf/lib/libc.a(lib_a-fvwrite.o)
 .debug_info    0x000000000000629b      0x88f /home/hadrien/altera/15.0/nios2eds/bin/gnu/H-x86_64-pc-linux-gnu/bin/../lib/gcc/nios2-elf/4.9.1/../../../../../H-x86_64-pc-linux-gnu/nios2-elf/lib/libc.a(lib_a-impure.o)
 .debug_info    0x0000000000006b2a       0x83 /home/hadrien/altera/15.0/nios2eds/bin/gnu/H-x86_64-pc-linux-gnu/bin/../lib/gcc/nios2-elf/4.9.1/../../../../../H-x86_64-pc-linux-gnu/nios2-elf/lib/libc.a(lib_a-int_errno.o)
 .debug_info    0x0000000000006bad      0x12b /home/hadrien/altera/15.0/nios2eds/bin/gnu/H-x86_64-pc-linux-gnu/bin/../lib/gcc/nios2-elf/4.9.1/../../../../../H-x86_64-pc-linux-gnu/nios2-elf/lib/libc.a(lib_a-memchr.o)
 .debug_info    0x0000000000006cd8      0x133 /home/hadrien/altera/15.0/nios2eds/bin/gnu/H-x86_64-pc-linux-gnu/bin/../lib/gcc/nios2-elf/4.9.1/../../../../../H-x86_64-pc-linux-gnu/nios2-elf/lib/libc.a(lib_a-memcpy.o)
 .debug_info    0x0000000000006e0b      0x133 /home/hadrien/altera/15.0/nios2eds/bin/gnu/H-x86_64-pc-linux-gnu/bin/../lib/gcc/nios2-elf/4.9.1/../../../../../H-x86_64-pc-linux-gnu/nios2-elf/lib/libc.a(lib_a-memmove.o)
 .debug_info    0x0000000000006f3e      0x91d /home/hadrien/altera/15.0/nios2eds/bin/gnu/H-x86_64-pc-linux-gnu/bin/../lib/gcc/nios2-elf/4.9.1/../../../../../H-x86_64-pc-linux-gnu/nios2-elf/lib/libc.a(lib_a-wsetup.o)
 .debug_info    0x000000000000785b      0xa3a /home/hadrien/altera/15.0/nios2eds/bin/gnu/H-x86_64-pc-linux-gnu/bin/../lib/gcc/nios2-elf/4.9.1/../../../../../H-x86_64-pc-linux-gnu/nios2-elf/lib/libc.a(lib_a-fflush.o)
 .debug_info    0x0000000000008295      0xd38 /home/hadrien/altera/15.0/nios2eds/bin/gnu/H-x86_64-pc-linux-gnu/bin/../lib/gcc/nios2-elf/4.9.1/../../../../../H-x86_64-pc-linux-gnu/nios2-elf/lib/libc.a(lib_a-findfp.o)
 .debug_info    0x0000000000008fcd      0xab7 /home/hadrien/altera/15.0/nios2eds/bin/gnu/H-x86_64-pc-linux-gnu/bin/../lib/gcc/nios2-elf/4.9.1/../../../../../H-x86_64-pc-linux-gnu/nios2-elf/lib/libc.a(lib_a-fwalk.o)
 .debug_info    0x0000000000009a84      0xaff /home/hadrien/altera/15.0/nios2eds/bin/gnu/H-x86_64-pc-linux-gnu/bin/../lib/gcc/nios2-elf/4.9.1/../../../../../H-x86_64-pc-linux-gnu/nios2-elf/lib/libc.a(lib_a-makebuf.o)
 .debug_info    0x000000000000a583      0x11a /home/hadrien/altera/15.0/nios2eds/bin/gnu/H-x86_64-pc-linux-gnu/bin/../lib/gcc/nios2-elf/4.9.1/../../../../../H-x86_64-pc-linux-gnu/nios2-elf/lib/libc.a(lib_a-memset.o)
 .debug_info    0x000000000000a69d      0xb83 /home/hadrien/altera/15.0/nios2eds/bin/gnu/H-x86_64-pc-linux-gnu/bin/../lib/gcc/nios2-elf/4.9.1/../../../../../H-x86_64-pc-linux-gnu/nios2-elf/lib/libc.a(lib_a-stdio.o)
 .debug_info    0x000000000000b220      0x921 /home/hadrien/altera/15.0/nios2eds/bin/gnu/H-x86_64-pc-linux-gnu/bin/../lib/gcc/nios2-elf/4.9.1/../../../../../H-x86_64-pc-linux-gnu/nios2-elf/lib/libc.a(lib_a-writer.o)
 .debug_info    0x000000000000bb41      0x8ce /home/hadrien/altera/15.0/nios2eds/bin/gnu/H-x86_64-pc-linux-gnu/bin/../lib/gcc/nios2-elf/4.9.1/../../../../../H-x86_64-pc-linux-gnu/nios2-elf/lib/libc.a(closer.o)
 .debug_info    0x000000000000c40f      0xa12 /home/hadrien/altera/15.0/nios2eds/bin/gnu/H-x86_64-pc-linux-gnu/bin/../lib/gcc/nios2-elf/4.9.1/../../../../../H-x86_64-pc-linux-gnu/nios2-elf/lib/libc.a(lib_a-fclose.o)
 .debug_info    0x000000000000ce21      0xa5c /home/hadrien/altera/15.0/nios2eds/bin/gnu/H-x86_64-pc-linux-gnu/bin/../lib/gcc/nios2-elf/4.9.1/../../../../../H-x86_64-pc-linux-gnu/nios2-elf/lib/libc.a(lib_a-fstatr.o)